Component: ARM Compiler 5.06 update 6 (build 750) Tool: armlink [4d35ed]

==============================================================================

Section Cross References

    system_mimxrt1052.o(i.SystemCoreClockUpdate) refers to uldiv.o(.text) for __aeabi_uldivmod
    system_mimxrt1052.o(i.SystemCoreClockUpdate) refers to system_mimxrt1052.o(.data) for SystemCoreClock
    system_mimxrt1052.o(i.SystemInit) refers to system_mimxrt1052.o(i.SCB_EnableICache) for SCB_EnableICache
    system_mimxrt1052.o(i.SystemInit) refers to system_mimxrt1052.o(i.SCB_EnableDCache) for SCB_EnableDCache
    system_mimxrt1052.o(i.SystemInit) refers to system_mimxrt1052.o(i.SystemInitHook) for SystemInitHook
    startup_mimxrt1052.o(RESET) refers to startup_mimxrt1052.o(.text) for Reset_Handler
    startup_mimxrt1052.o(RESET) refers to systick.o(i.SysTick_Handler) for SysTick_Handler
    startup_mimxrt1052.o(RESET) refers to bsp_lcd.o(i.LCDIF_IRQHandler) for LCDIF_IRQHandler
    startup_mimxrt1052.o(RESET) refers to bsp_i2c_touch.o(i.GPIO1_Combined_0_15_IRQHandler) for GPIO1_Combined_0_15_IRQHandler
    startup_mimxrt1052.o(RESET) refers to pit.o(i.PIT_IRQHandler) for PIT_IRQHandler
    startup_mimxrt1052.o(.text) refers to startup_mimxrt1052.o(RESET) for __Vectors
    startup_mimxrt1052.o(.text) refers to system_mimxrt1052.o(i.SystemInit) for SystemInit
    startup_mimxrt1052.o(.text) refers to entry.o(.ARM.Collect$$$$00000000) for __main
    startup_mimxrt1052.o(.text) refers to fsl_edma.o(i.DMA0_DMA16_DriverIRQHandler) for DMA0_DMA16_DriverIRQHandler
    startup_mimxrt1052.o(.text) refers to fsl_edma.o(i.DMA1_DMA17_DriverIRQHandler) for DMA1_DMA17_DriverIRQHandler
    startup_mimxrt1052.o(.text) refers to fsl_edma.o(i.DMA2_DMA18_DriverIRQHandler) for DMA2_DMA18_DriverIRQHandler
    startup_mimxrt1052.o(.text) refers to fsl_edma.o(i.DMA3_DMA19_DriverIRQHandler) for DMA3_DMA19_DriverIRQHandler
    startup_mimxrt1052.o(.text) refers to fsl_edma.o(i.DMA4_DMA20_DriverIRQHandler) for DMA4_DMA20_DriverIRQHandler
    startup_mimxrt1052.o(.text) refers to fsl_edma.o(i.DMA5_DMA21_DriverIRQHandler) for DMA5_DMA21_DriverIRQHandler
    startup_mimxrt1052.o(.text) refers to fsl_edma.o(i.DMA6_DMA22_DriverIRQHandler) for DMA6_DMA22_DriverIRQHandler
    startup_mimxrt1052.o(.text) refers to fsl_edma.o(i.DMA7_DMA23_DriverIRQHandler) for DMA7_DMA23_DriverIRQHandler
    startup_mimxrt1052.o(.text) refers to fsl_edma.o(i.DMA8_DMA24_DriverIRQHandler) for DMA8_DMA24_DriverIRQHandler
    startup_mimxrt1052.o(.text) refers to fsl_edma.o(i.DMA9_DMA25_DriverIRQHandler) for DMA9_DMA25_DriverIRQHandler
    startup_mimxrt1052.o(.text) refers to fsl_edma.o(i.DMA10_DMA26_DriverIRQHandler) for DMA10_DMA26_DriverIRQHandler
    startup_mimxrt1052.o(.text) refers to fsl_edma.o(i.DMA11_DMA27_DriverIRQHandler) for DMA11_DMA27_DriverIRQHandler
    startup_mimxrt1052.o(.text) refers to fsl_edma.o(i.DMA12_DMA28_DriverIRQHandler) for DMA12_DMA28_DriverIRQHandler
    startup_mimxrt1052.o(.text) refers to fsl_edma.o(i.DMA13_DMA29_DriverIRQHandler) for DMA13_DMA29_DriverIRQHandler
    startup_mimxrt1052.o(.text) refers to fsl_edma.o(i.DMA14_DMA30_DriverIRQHandler) for DMA14_DMA30_DriverIRQHandler
    startup_mimxrt1052.o(.text) refers to fsl_edma.o(i.DMA15_DMA31_DriverIRQHandler) for DMA15_DMA31_DriverIRQHandler
    startup_mimxrt1052.o(.text) refers to fsl_lpuart.o(i.LPUART1_DriverIRQHandler) for LPUART1_DriverIRQHandler
    startup_mimxrt1052.o(.text) refers to fsl_lpuart.o(i.LPUART2_DriverIRQHandler) for LPUART2_DriverIRQHandler
    startup_mimxrt1052.o(.text) refers to fsl_lpuart.o(i.LPUART3_DriverIRQHandler) for LPUART3_DriverIRQHandler
    startup_mimxrt1052.o(.text) refers to fsl_lpuart.o(i.LPUART4_DriverIRQHandler) for LPUART4_DriverIRQHandler
    startup_mimxrt1052.o(.text) refers to fsl_lpuart.o(i.LPUART5_DriverIRQHandler) for LPUART5_DriverIRQHandler
    startup_mimxrt1052.o(.text) refers to fsl_lpuart.o(i.LPUART6_DriverIRQHandler) for LPUART6_DriverIRQHandler
    startup_mimxrt1052.o(.text) refers to fsl_lpuart.o(i.LPUART7_DriverIRQHandler) for LPUART7_DriverIRQHandler
    startup_mimxrt1052.o(.text) refers to fsl_lpuart.o(i.LPUART8_DriverIRQHandler) for LPUART8_DriverIRQHandler
    startup_mimxrt1052.o(.text) refers to fsl_lpi2c.o(i.LPI2C1_DriverIRQHandler) for LPI2C1_DriverIRQHandler
    startup_mimxrt1052.o(.text) refers to fsl_lpi2c.o(i.LPI2C2_DriverIRQHandler) for LPI2C2_DriverIRQHandler
    startup_mimxrt1052.o(.text) refers to fsl_lpi2c.o(i.LPI2C3_DriverIRQHandler) for LPI2C3_DriverIRQHandler
    fsl_clock.o(i.CLOCK_DisableUsbhs0PhyPllClock) refers to fsl_clock.o(i.CLOCK_DeinitUsb1Pll) for CLOCK_DeinitUsb1Pll
    fsl_clock.o(i.CLOCK_DisableUsbhs1PhyPllClock) refers to fsl_clock.o(i.CLOCK_DeinitUsb2Pll) for CLOCK_DeinitUsb2Pll
    fsl_clock.o(i.CLOCK_EnableUsbhs0PhyPllClock) refers to fsl_clock.o(i.CLOCK_InitUsb1Pll) for CLOCK_InitUsb1Pll
[...]
    .constdata                               0x60009598   Section       17  clock_config.o(.constdata)
    .constdata                               0x600095ac   Section       39  bsp_lcd.o(.constdata)
    .constdata                               0x600095d3   Section    21280  fonts.o(.constdata)
    .constdata                               0x6000e8f4   Section      923  bsp_touch_gtxx.o(.constdata)
    __func__                                 0x6000eb70   Data          13  bsp_touch_gtxx.o(.constdata)
    __func__                                 0x6000eb7d   Data          13  bsp_touch_gtxx.o(.constdata)
    __func__                                 0x6000eb8a   Data          14  bsp_touch_gtxx.o(.constdata)
    __func__                                 0x6000eb98   Data          23  bsp_touch_gtxx.o(.constdata)
    __func__                                 0x6000ebaf   Data          16  bsp_touch_gtxx.o(.constdata)
    __func__                                 0x6000ebbf   Data          15  bsp_touch_gtxx.o(.constdata)
    __func__                                 0x6000ebce   Data          15  bsp_touch_gtxx.o(.constdata)
    __func__                                 0x6000ebdd   Data          20  bsp_touch_gtxx.o(.constdata)
    __func__                                 0x6000ebfc   Data          17  bsp_touch_gtxx.o(.constdata)
    __func__                                 0x6000ec0d   Data          17  bsp_touch_gtxx.o(.constdata)
    __func__                                 0x6000ec1e   Data          17  bsp_touch_gtxx.o(.constdata)
    __func__                                 0x6000ec2f   Data          15  bsp_touch_gtxx.o(.constdata)
    __func__                                 0x6000ec3e   Data          17  bsp_touch_gtxx.o(.constdata)
    __func__                                 0x6000ec58   Data          13  bsp_touch_gtxx.o(.constdata)
    __func__                                 0x6000ec65   Data          10  bsp_touch_gtxx.o(.constdata)
    __func__                                 0x6000ec7c   Data          19  bsp_touch_gtxx.o(.constdata)
    .constdata                               0x6000ec90   Section      136  pow.o(.constdata)
    bp                                       0x6000ec90   Data          16  pow.o(.constdata)
    dp_h                                     0x6000eca0   Data          16  pow.o(.constdata)
    dp_l                                     0x6000ecb0   Data          16  pow.o(.constdata)
    L                                        0x6000ecc0   Data          48  pow.o(.constdata)
    P                                        0x6000ecf0   Data          40  pow.o(.constdata)
    .constdata                               0x6000ed18   Section        8  qnan.o(.constdata)
    .conststring                             0x6000ed20   Section      161  bsp_touch_gtxx.o(.conststring)
    .data                                    0x80000000   Section        4  system_mimxrt1052.o(.data)
    .data                                    0x80000004   Section        8  fsl_clock.o(.data)
    .data                                    0x8000000c   Section        4  fsl_lpuart.o(.data)
    s_lpuartIsr                              0x8000000c   Data           4  fsl_lpuart.o(.data)
    .data                                    0x80000010   Section        8  fsl_lpi2c.o(.data)
    s_lpi2cMasterIsr                         0x80000010   Data           4  fsl_lpi2c.o(.data)
    s_lpi2cSlaveIsr                          0x80000014   Data           4  fsl_lpi2c.o(.data)
    .data                                    0x80000018   Section       40  fsl_elcdif.o(.data)
    .data                                    0x80000040   Section        8  fsl_debug_console.o(.data)
    .data                                    0x80000048   Section        8  fsl_io.o(.data)
    s_debugConsoleIO                         0x80000048   Data           8  fsl_io.o(.data)
    .data                                    0x80000050   Section       20  bsp_lcd.o(.data)
    LCD_Currentfonts                         0x80000058   Data           4  bsp_lcd.o(.data)
    CurrentTextColor                         0x8000005c   Data           2  bsp_lcd.o(.data)
    CurrentBackColor                         0x8000005e   Data           2  bsp_lcd.o(.data)
    CurrentFrameBuffer                       0x80000060   Data           4  bsp_lcd.o(.data)
    .data                                    0x80000064   Section       24  fonts.o(.data)
    .data                                    0x8000007c   Section        2  bsp_i2c_touch.o(.data)
    .data                                    0x80000080   Section      275  bsp_touch_gtxx.o(.data)
    pre_x                                    0x80000170   Data          10  bsp_touch_gtxx.o(.data)
    pre_y                                    0x8000017a   Data          10  bsp_touch_gtxx.o(.data)
    pre_touch                                0x8000018c   Data           2  bsp_touch_gtxx.o(.data)
    pre_id                                   0x8000018e   Data           5  bsp_touch_gtxx.o(.data)
    .data                                    0x80000194   Section        4  errno.o(.data)
    _errno                                   0x80000194   Data           4  errno.o(.data)
    .bss                                     0x80000198   Section       36  fsl_lpuart.o(.bss)
    s_lpuartHandle                           0x80000198   Data          36  fsl_lpuart.o(.bss)
    .bss                                     0x800001bc   Section       32  fsl_lpi2c.o(.bss)
    s_lpi2cMasterHandle                      0x800001bc   Data          16  fsl_lpi2c.o(.bss)
    s_lpi2cSlaveHandle                       0x800001cc   Data          16  fsl_lpi2c.o(.bss)
    .bss                                     0x800001dc   Section      128  fsl_edma.o(.bss)
    s_EDMAHandle                             0x800001dc   Data         128  fsl_edma.o(.bss)
    .bss                                     0x8000025c   Section       16  key.o(.bss)
    .bss                                     0x8000026c   Section       56  bsp_i2c_touch.o(.bss)
    .bss                                     0x800002a4   Section       60  main.o(.bss)
    NonCacheable                             0x81e00000   Section    1536000  bsp_lcd.o(NonCacheable)

    Global Symbols

    Symbol Name                              Value     Ov Type        Size  Object(Section)

    BuildAttributes$$THM_ISAv4$E$P$D$K$B$S$7EM$VFPv5_D16$PE$PLD8$A:L22UL41UL21$X:L11$S22US41US21$IEEE1$IW$USESV6$~STKCKD$USESV7$~SHL$OTIME$ROPI$IEEEX$EBA8$MICROLIB$REQ8$PRES8$EABIv2 0x00000000   Number         0  anon$$obj.o ABSOLUTE
    __ARM_use_no_argv                        0x00000000   Number         0  main.o ABSOLUTE
    _printf_a                                0x00000000   Number         0  stubs.o ABSOLUTE
    _printf_c                                0x00000000   Number         0  stubs.o ABSOLUTE
    _printf_charcount                        0x00000000   Number         0  stubs.o ABSOLUTE
    _printf_d                                0x00000000   Number         0  stubs.o ABSOLUTE
    _printf_e                                0x00000000   Number         0  stubs.o ABSOLUTE
    _printf_f                                0x00000000   Number         0  stubs.o ABSOLUTE
    _printf_flags                            0x00000000   Number         0  stubs.o ABSOLUTE
    _printf_fp_dec                           0x00000000   Number         0  stubs.o ABSOLUTE
    _printf_fp_hex                           0x00000000   Number         0  stubs.o ABSOLUTE
    _printf_g                                0x00000000   Number         0  stubs.o ABSOLUTE
    _printf_i                                0x00000000   Number         0  stubs.o ABSOLUTE
    _printf_int_dec                          0x00000000   Number         0  stubs.o ABSOLUTE
    _printf_l                                0x00000000   Number         0  stubs.o ABSOLUTE
    _printf_lc                               0x00000000   Number         0  stubs.o ABSOLUTE
    _printf_ll                               0x00000000   Number         0  stubs.o ABSOLUTE
    _printf_lld                              0x00000000   Number         0  stubs.o ABSOLUTE
    _printf_lli                              0x00000000   Number         0  stubs.o ABSOLUTE
    _printf_llo                              0x00000000   Number         0  stubs.o ABSOLUTE
    _printf_llu                              0x00000000   Number         0  stubs.o ABSOLUTE
    _printf_llx                              0x00000000   Number         0  stubs.o ABSOLUTE
    _printf_longlong_dec                     0x00000000   Number         0  stubs.o ABSOLUTE
    _printf_longlong_hex                     0x00000000   Number         0  stubs.o ABSOLUTE
    _printf_longlong_oct                     0x00000000   Number         0  stubs.o ABSOLUTE
    _printf_ls                               0x00000000   Number         0  stubs.o ABSOLUTE
    _printf_mbtowc                           0x00000000   Number         0  stubs.o ABSOLUTE
    _printf_n                                0x00000000   Number         0  stubs.o ABSOLUTE
    _printf_o                                0x00000000   Number         0  stubs.o ABSOLUTE
    _printf_p                                0x00000000   Number         0  stubs.o ABSOLUTE
    _printf_percent                          0x00000000   Number         0  stubs.o ABSOLUTE
    _printf_pre_padding                      0x00000000   Number         0  stubs.o ABSOLUTE
    _printf_return_value                     0x00000000   Number         0  stubs.o ABSOLUTE
    _printf_s                                0x00000000   Number         0  stubs.o ABSOLUTE
    _printf_sizespec                         0x00000000   Number         0  stubs.o ABSOLUTE
    _printf_str                              0x00000000   Number         0  stubs.o ABSOLUTE
    _printf_truncate_signed                  0x00000000   Number         0  stubs.o ABSOLUTE
    _printf_truncate_unsigned                0x00000000   Number         0  stubs.o ABSOLUTE
    _printf_u                                0x00000000   Number         0  stubs.o ABSOLUTE
    _printf_wc                               0x00000000   Number         0  stubs.o ABSOLUTE
    _printf_wctomb                           0x00000000   Number         0  stubs.o ABSOLUTE
    _printf_widthprec                        0x00000000   Number         0  stubs.o ABSOLUTE
    _printf_x                                0x00000000   Number         0  stubs.o ABSOLUTE
    __cpp_initialize__aeabi_                  - Undefined Weak Reference
    __cxa_finalize                            - Undefined Weak Reference
    _clock_init                               - Undefined Weak Reference
    _microlib_exit                            - Undefined Weak Reference
    __Vectors_Size                           0x00000400   Number         0  startup_mimxrt1052.o ABSOLUTE
    Image$$RW_m_config_text$$Base            0x60000000   Number         0  anon$$obj.o ABSOLUTE
    spiflash_config                          0x60000000   Data         512  fire_imxrt1052_spiflash_config.o(.boot_hdr.conf)
    image_vector_table                       0x60001000   Data          32  fsl_flexspi_nor_boot.o(.boot_hdr.ivt)
    boot_data                                0x60001020   Data          16  fsl_flexspi_nor_boot.o(.boot_hdr.boot_data)
    dcd_data                                 0x60001030   Data        1072  fire_imxrt1052_sdram_ini_dcd.o(.boot_hdr.dcd_data)
    __Vectors                                0x60002000   Data           4  startup_mimxrt1052.o(RESET)
    __Vectors_End                            0x60002400   Data           0  startup_mimxrt1052.o(RESET)
    __main                                   0x60002401   Thumb Code     0  entry.o(.ARM.Collect$$$$00000000)
    _main_stk                                0x60002401   Thumb Code     0  entry4.o(.ARM.Collect$$$$00000003)
    _main_scatterload                        0x60002405   Thumb Code     0  entry5.o(.ARM.Collect$$$$00000004)
    __main_after_scatterload                 0x60002409   Thumb Code     0  entry5.o(.ARM.Collect$$$$00000004)
    _main_clock                              0x60002409   Thumb Code     0  entry7b.o(.ARM.Collect$$$$00000008)
    _main_cpp_init                           0x60002409   Thumb Code     0  entry8b.o(.ARM.Collect$$$$0000000A)
    _main_init                               0x60002409   Thumb Code     0  entry9a.o(.ARM.Collect$$$$0000000B)
    __rt_final_cpp                           0x60002411   Thumb Code     0  entry10a.o(.ARM.Collect$$$$0000000D)
    __rt_final_exit                          0x60002411   Thumb Code     0  entry11a.o(.ARM.Collect$$$$0000000F)
    Reset_Handler                            0x60002415   Thumb Code    24  startup_mimxrt1052.o(.text)
    NMI_Handler                              0x6000242d   Thumb Code     2  startup_mimxrt1052.o(.text)
    HardFault_Handler                        0x6000242f   Thumb Code     2  startup_mimxrt1052.o(.text)
    MemManage_Handler                        0x60002431   Thumb Code     2  startup_mimxrt1052.o(.text)
    BusFault_Handler                         0x60002433   Thumb Code     2  startup_mimxrt1052.o(.text)
    UsageFault_Handler                       0x60002435   Thumb Code     2  startup_mimxrt1052.o(.text)
    SVC_Handler                              0x60002437   Thumb Code     2  startup_mimxrt1052.o(.text)
    DebugMon_Handler                         0x60002439   Thumb Code     2  startup_mimxrt1052.o(.text)
    PendSV_Handler                           0x6000243b   Thumb Code     2  startup_mimxrt1052.o(.text)
    DMA0_DMA16_IRQHandler                    0x6000243f   Thumb Code     4  startup_mimxrt1052.o(.text)
    DMA1_DMA17_IRQHandler                    0x60002443   Thumb Code     4  startup_mimxrt1052.o(.text)
    DMA2_DMA18_IRQHandler                    0x60002447   Thumb Code     4  startup_mimxrt1052.o(.text)
    DMA3_DMA19_IRQHandler                    0x6000244b   Thumb Code     4  startup_mimxrt1052.o(.text)
    DMA4_DMA20_IRQHandler                    0x6000244f   Thumb Code     4  startup_mimxrt1052.o(.text)
    DMA5_DMA21_IRQHandler                    0x60002453   Thumb Code     4  startup_mimxrt1052.o(.text)
    DMA6_DMA22_IRQHandler                    0x60002457   Thumb Code     4  startup_mimxrt1052.o(.text)
    DMA7_DMA23_IRQHandler                    0x6000245b   Thumb Code     4  startup_mimxrt1052.o(.text)
    DMA8_DMA24_IRQHandler                    0x6000245f   Thumb Code     4  startup_mimxrt1052.o(.text)
    DMA9_DMA25_IRQHandler                    0x60002463   Thumb Code     4  startup_mimxrt1052.o(.text)
    DMA10_DMA26_IRQHandler                   0x60002467   Thumb Code     4  startup_mimxrt1052.o(.text)
    DMA11_DMA27_IRQHandler                   0x6000246b   Thumb Code     4  startup_mimxrt1052.o(.text)
    DMA12_DMA28_IRQHandler                   0x6000246f   Thumb Code     4  startup_mimxrt1052.o(.text)
    DMA13_DMA29_IRQHandler                   0x60002473   Thumb Code     4  startup_mimxrt1052.o(.text)
    DMA14_DMA30_IRQHandler                   0x60002477   Thumb Code     4  startup_mimxrt1052.o(.text)
    DMA15_DMA31_IRQHandler                   0x6000247b   Thumb Code     4  startup_mimxrt1052.o(.text)
    DMA_ERROR_IRQHandler                     0x6000247f   Thumb Code     4  startup_mimxrt1052.o(.text)
    LPUART1_IRQHandler                       0x60002483   Thumb Code     4  startup_mimxrt1052.o(.text)
    LPUART2_IRQHandler                       0x60002487   Thumb Code     4  startup_mimxrt1052.o(.text)
    LPUART3_IRQHandler                       0x6000248b   Thumb Code     4  startup_mimxrt1052.o(.text)
    LPUART4_IRQHandler                       0x6000248f   Thumb Code     4  startup_mimxrt1052.o(.text)
    LPUART5_IRQHandler                       0x60002493   Thumb Code     4  startup_mimxrt1052.o(.text)
    LPUART6_IRQHandler                       0x60002497   Thumb Code     4  startup_mimxrt1052.o(.text)
    LPUART7_IRQHandler                       0x6000249b   Thumb Code     4  startup_mimxrt1052.o(.text)
    LPUART8_IRQHandler                       0x6000249f   Thumb Code     4  startup_mimxrt1052.o(.text)
    LPI2C1_IRQHandler                        0x600024a3   Thumb Code     4  startup_mimxrt1052.o(.text)
    LPI2C2_IRQHandler                        0x600024a7   Thumb Code     4  startup_mimxrt1052.o(.text)
    LPI2C3_IRQHandler                        0x600024ab   Thumb Code     4  startup_mimxrt1052.o(.text)
    LPI2C4_IRQHandler                        0x600024af   Thumb Code     4  startup_mimxrt1052.o(.text)
    LPSPI1_IRQHandler                        0x600024b3   Thumb Code     4  startup_mimxrt1052.o(.text)
    LPSPI2_IRQHandler                        0x600024b7   Thumb Code     4  startup_mimxrt1052.o(.text)
    LPSPI3_IRQHandler                        0x600024bb   Thumb Code     4  startup_mimxrt1052.o(.text)
    LPSPI4_IRQHandler                        0x600024bf   Thumb Code     4  startup_mimxrt1052.o(.text)
    CAN1_IRQHandler                          0x600024c3   Thumb Code     4  startup_mimxrt1052.o(.text)
    CAN2_IRQHandler                          0x600024c7   Thumb Code     4  startup_mimxrt1052.o(.text)
    SAI1_IRQHandler                          0x600024cb   Thumb Code     4  startup_mimxrt1052.o(.text)
    SAI2_IRQHandler                          0x600024cf   Thumb Code     4  startup_mimxrt1052.o(.text)
    SAI3_RX_IRQHandler                       0x600024d3   Thumb Code     4  startup_mimxrt1052.o(.text)
    SAI3_TX_IRQHandler                       0x600024d7   Thumb Code     4  startup_mimxrt1052.o(.text)
    SPDIF_IRQHandler                         0x600024db   Thumb Code     4  startup_mimxrt1052.o(.text)
    FLEXIO1_IRQHandler                       0x600024df   Thumb Code     4  startup_mimxrt1052.o(.text)
    FLEXIO2_IRQHandler                       0x600024e3   Thumb Code     4  startup_mimxrt1052.o(.text)
    FLEXSPI_IRQHandler                       0x600024e7   Thumb Code     4  startup_mimxrt1052.o(.text)
    USDHC1_IRQHandler                        0x600024eb   Thumb Code     4  startup_mimxrt1052.o(.text)
    USDHC2_IRQHandler                        0x600024ef   Thumb Code     4  startup_mimxrt1052.o(.text)
    ENET_IRQHandler                          0x600024f3   Thumb Code     4  startup_mimxrt1052.o(.text)
    ENET_1588_Timer_IRQHandler               0x600024f7   Thumb Code     4  startup_mimxrt1052.o(.text)
    ACMP1_IRQHandler                         0x600024fb   Thumb Code     0  startup_mimxrt1052.o(.text)
    ACMP2_IRQHandler                         0x600024fb   Thumb Code     0  startup_mimxrt1052.o(.text)
    ACMP3_IRQHandler                         0x600024fb   Thumb Code     0  startup_mimxrt1052.o(.text)
    ACMP4_IRQHandler                         0x600024fb   Thumb Code     0  startup_mimxrt1052.o(.text)
    ADC1_IRQHandler                          0x600024fb   Thumb Code     0  startup_mimxrt1052.o(.text)
    ADC2_IRQHandler                          0x600024fb   Thumb Code     0  startup_mimxrt1052.o(.text)
    ADC_ETC_ERROR_IRQ_IRQHandler             0x600024fb   Thumb Code     0  startup_mimxrt1052.o(.text)
    ADC_ETC_IRQ0_IRQHandler                  0x600024fb   Thumb Code     0  startup_mimxrt1052.o(.text)
    ADC_ETC_IRQ1_IRQHandler                  0x600024fb   Thumb Code     0  startup_mimxrt1052.o(.text)
    ADC_ETC_IRQ2_IRQHandler                  0x600024fb   Thumb Code     0  startup_mimxrt1052.o(.text)
    ANATOP_EVENT0_IRQHandler                 0x600024fb   Thumb Code     0  startup_mimxrt1052.o(.text)
    ANATOP_EVENT1_IRQHandler                 0x600024fb   Thumb Code     0  startup_mimxrt1052.o(.text)
    ANATOP_TAMP_LOW_HIGH_IRQHandler          0x600024fb   Thumb Code     0  startup_mimxrt1052.o(.text)
    ANATOP_TEMP_PANIC_IRQHandler             0x600024fb   Thumb Code     0  startup_mimxrt1052.o(.text)
    BEE_IRQHandler                           0x600024fb   Thumb Code     0  startup_mimxrt1052.o(.text)
    CAN1_DriverIRQHandler                    0x600024fb   Thumb Code     0  startup_mimxrt1052.o(.text)
    CAN2_DriverIRQHandler                    0x600024fb   Thumb Code     0  startup_mimxrt1052.o(.text)
    CCM_1_IRQHandler                         0x600024fb   Thumb Code     0  startup_mimxrt1052.o(.text)
    CCM_2_IRQHandler                         0x600024fb   Thumb Code     0  startup_mimxrt1052.o(.text)
    CORE_IRQHandler                          0x600024fb   Thumb Code     0  startup_mimxrt1052.o(.text)
    CSI_IRQHandler                           0x600024fb   Thumb Code     0  startup_mimxrt1052.o(.text)
    CSU_IRQHandler                           0x600024fb   Thumb Code     0  startup_mimxrt1052.o(.text)
    CTI0_ERROR_IRQHandler                    0x600024fb   Thumb Code     0  startup_mimxrt1052.o(.text)
    CTI1_ERROR_IRQHandler                    0x600024fb   Thumb Code     0  startup_mimxrt1052.o(.text)
    DCDC_IRQHandler                          0x600024fb   Thumb Code     0  startup_mimxrt1052.o(.text)
    DCP_IRQHandler                           0x600024fb   Thumb Code     0  startup_mimxrt1052.o(.text)
    DCP_VMI_IRQHandler                       0x600024fb   Thumb Code     0  startup_mimxrt1052.o(.text)
    DMA_ERROR_DriverIRQHandler               0x600024fb   Thumb Code     0  startup_mimxrt1052.o(.text)
    DefaultISR                               0x600024fb   Thumb Code     0  startup_mimxrt1052.o(.text)
    ENC1_IRQHandler                          0x600024fb   Thumb Code     0  startup_mimxrt1052.o(.text)
    ENC2_IRQHandler                          0x600024fb   Thumb Code     0  startup_mimxrt1052.o(.text)
    ENC3_IRQHandler                          0x600024fb   Thumb Code     0  startup_mimxrt1052.o(.text)
    ENC4_IRQHandler                          0x600024fb   Thumb Code     0  startup_mimxrt1052.o(.text)
    ENET_1588_Timer_DriverIRQHandler         0x600024fb   Thumb Code     0  startup_mimxrt1052.o(.text)
    ENET_DriverIRQHandler                    0x600024fb   Thumb Code     0  startup_mimxrt1052.o(.text)
    EWM_IRQHandler                           0x600024fb   Thumb Code     0  startup_mimxrt1052.o(.text)
    FLEXIO1_DriverIRQHandler                 0x600024fb   Thumb Code     0  startup_mimxrt1052.o(.text)
    FLEXIO2_DriverIRQHandler                 0x600024fb   Thumb Code     0  startup_mimxrt1052.o(.text)
    FLEXRAM_IRQHandler                       0x600024fb   Thumb Code     0  startup_mimxrt1052.o(.text)
    FLEXSPI_DriverIRQHandler                 0x600024fb   Thumb Code     0  startup_mimxrt1052.o(.text)
    GPC_IRQHandler                           0x600024fb   Thumb Code     0  startup_mimxrt1052.o(.text)
    GPIO1_Combined_16_31_IRQHandler          0x600024fb   Thumb Code     0  startup_mimxrt1052.o(.text)
    GPIO1_INT0_IRQHandler                    0x600024fb   Thumb Code     0  startup_mimxrt1052.o(.text)
    GPIO1_INT1_IRQHandler                    0x600024fb   Thumb Code     0  startup_mimxrt1052.o(.text)
    GPIO1_INT2_IRQHandler                    0x600024fb   Thumb Code     0  startup_mimxrt1052.o(.text)
    GPIO1_INT3_IRQHandler                    0x600024fb   Thumb Code     0  startup_mimxrt1052.o(.text)
    GPIO1_INT4_IRQHandler                    0x600024fb   Thumb Code     0  startup_mimxrt1052.o(.text)
    GPIO1_INT5_IRQHandler                    0x600024fb   Thumb Code     0  startup_mimxrt1052.o(.text)
    GPIO1_INT6_IRQHandler                    0x600024fb   Thumb Code     0  startup_mimxrt1052.o(.text)
    GPIO1_INT7_IRQHandler                    0x600024fb   Thumb Code     0  startup_mimxrt1052.o(.text)
    GPIO2_Combined_0_15_IRQHandler           0x600024fb   Thumb Code     0  startup_mimxrt1052.o(.text)
    GPIO2_Combined_16_31_IRQHandler          0x600024fb   Thumb Code     0  startup_mimxrt1052.o(.text)
    GPIO3_Combined_0_15_IRQHandler           0x600024fb   Thumb Code     0  startup_mimxrt1052.o(.text)
    GPIO3_Combined_16_31_IRQHandler          0x600024fb   Thumb Code     0  startup_mimxrt1052.o(.text)
    GPIO4_Combined_0_15_IRQHandler           0x600024fb   Thumb Code     0  startup_mimxrt1052.o(.text)
    GPIO4_Combined_16_31_IRQHandler          0x600024fb   Thumb Code     0  startup_mimxrt1052.o(.text)
    GPIO5_Combined_0_15_IRQHandler           0x600024fb   Thumb Code     0  startup_mimxrt1052.o(.text)
    GPIO5_Combined_16_31_IRQHandler          0x600024fb   Thumb Code     0  startup_mimxrt1052.o(.text)
    GPR_IRQ_IRQHandler                       0x600024fb   Thumb Code     0  startup_mimxrt1052.o(.text)
    GPT1_IRQHandler                          0x600024fb   Thumb Code     0  startup_mimxrt1052.o(.text)
    GPT2_IRQHandler                          0x600024fb   Thumb Code     0  startup_mimxrt1052.o(.text)
    KPP_IRQHandler                           0x600024fb   Thumb Code     0  startup_mimxrt1052.o(.text)
    LPI2C4_DriverIRQHandler                  0x600024fb   Thumb Code     0  startup_mimxrt1052.o(.text)
    LPSPI1_DriverIRQHandler                  0x600024fb   Thumb Code     0  startup_mimxrt1052.o(.text)
    LPSPI2_DriverIRQHandler                  0x600024fb   Thumb Code     0  startup_mimxrt1052.o(.text)
    LPSPI3_DriverIRQHandler                  0x600024fb   Thumb Code     0  startup_mimxrt1052.o(.text)
    LPSPI4_DriverIRQHandler                  0x600024fb   Thumb Code     0  startup_mimxrt1052.o(.text)
    NMI_WAKEUP_IRQHandler                    0x600024fb   Thumb Code     0  startup_mimxrt1052.o(.text)
    PWM1_0_IRQHandler                        0x600024fb   Thumb Code     0  startup_mimxrt1052.o(.text)
    PWM1_1_IRQHandler                        0x600024fb   Thumb Code     0  startup_mimxrt1052.o(.text)
    PWM1_2_IRQHandler                        0x600024fb   Thumb Code     0  startup_mimxrt1052.o(.text)
    PWM1_3_IRQHandler                        0x600024fb   Thumb Code     0  startup_mimxrt1052.o(.text)
    PWM1_FAULT_IRQHandler                    0x600024fb   Thumb Code     0  startup_mimxrt1052.o(.text)
    PWM2_0_IRQHandler                        0x600024fb   Thumb Code     0  startup_mimxrt1052.o(.text)
    PWM2_1_IRQHandler                        0x600024fb   Thumb Code     0  startup_mimxrt1052.o(.text)
    PWM2_2_IRQHandler                        0x600024fb   Thumb Code     0  startup_mimxrt1052.o(.text)
    PWM2_3_IRQHandler                        0x600024fb   Thumb Code     0  startup_mimxrt1052.o(.text)
    PWM2_FAULT_IRQHandler                    0x600024fb   Thumb Code     0  startup_mimxrt1052.o(.text)
    PWM3_0_IRQHandler                        0x600024fb   Thumb Code     0  startup_mimxrt1052.o(.text)
    PWM3_1_IRQHandler                        0x600024fb   Thumb Code     0  startup_mimxrt1052.o(.text)
    PWM3_2_IRQHandler                        0x600024fb   Thumb Code     0  startup_mimxrt1052.o(.text)
    PWM3_3_IRQHandler                        0x600024fb   Thumb Code     0  startup_mimxrt1052.o(.text)
    PWM3_FAULT_IRQHandler                    0x600024fb   Thumb Code     0  startup_mimxrt1052.o(.text)
    PWM4_0_IRQHandler                        0x600024fb   Thumb Code     0  startup_mimxrt1052.o(.text)
    PWM4_1_IRQHandler                        0x600024fb   Thumb Code     0  startup_mimxrt1052.o(.text)
    PWM4_2_IRQHandler                        0x600024fb   Thumb Code     0  startup_mimxrt1052.o(.text)
    PWM4_3_IRQHandler                        0x600024fb   Thumb Code     0  startup_mimxrt1052.o(.text)
    PWM4_FAULT_IRQHandler                    0x600024fb   Thumb Code     0  startup_mimxrt1052.o(.text)
    PXP_IRQHandler                           0x600024fb   Thumb Code     0  startup_mimxrt1052.o(.text)
    RTWDOG_IRQHandler                        0x600024fb   Thumb Code     0  startup_mimxrt1052.o(.text)
    Reserved115_IRQHandler                   0x600024fb   Thumb Code     0  startup_mimxrt1052.o(.text)
    Reserved123_IRQHandler                   0x600024fb   Thumb Code     0  startup_mimxrt1052.o(.text)
    Reserved143_IRQHandler                   0x600024fb   Thumb Code     0  startup_mimxrt1052.o(.text)
    Reserved144_IRQHandler                   0x600024fb   Thumb Code     0  startup_mimxrt1052.o(.text)
    Reserved168_IRQHandler                   0x600024fb   Thumb Code     0  startup_mimxrt1052.o(.text)
    Reserved169_IRQHandler                   0x600024fb   Thumb Code     0  startup_mimxrt1052.o(.text)
    Reserved170_IRQHandler                   0x600024fb   Thumb Code     0  startup_mimxrt1052.o(.text)
    Reserved171_IRQHandler                   0x600024fb   Thumb Code     0  startup_mimxrt1052.o(.text)
    Reserved172_IRQHandler                   0x600024fb   Thumb Code     0  startup_mimxrt1052.o(.text)
    Reserved173_IRQHandler                   0x600024fb   Thumb Code     0  startup_mimxrt1052.o(.text)
    Reserved68_IRQHandler                    0x600024fb   Thumb Code     0  startup_mimxrt1052.o(.text)
    Reserved86_IRQHandler                    0x600024fb   Thumb Code     0  startup_mimxrt1052.o(.text)
    Reserved87_IRQHandler                    0x600024fb   Thumb Code     0  startup_mimxrt1052.o(.text)
    SAI1_DriverIRQHandler                    0x600024fb   Thumb Code     0  startup_mimxrt1052.o(.text)
    SAI2_DriverIRQHandler                    0x600024fb   Thumb Code     0  startup_mimxrt1052.o(.text)
    SAI3_RX_DriverIRQHandler                 0x600024fb   Thumb Code     0  startup_mimxrt1052.o(.text)
    SAI3_TX_DriverIRQHandler                 0x600024fb   Thumb Code     0  startup_mimxrt1052.o(.text)
    SEMC_IRQHandler                          0x600024fb   Thumb Code     0  startup_mimxrt1052.o(.text)
    SJC_ARM_DEBUG_IRQHandler                 0x600024fb   Thumb Code     0  startup_mimxrt1052.o(.text)
    SJC_IRQHandler                           0x600024fb   Thumb Code     0  startup_mimxrt1052.o(.text)
    SNVS_HP_WRAPPER_IRQHandler               0x600024fb   Thumb Code     0  startup_mimxrt1052.o(.text)
    SNVS_HP_WRAPPER_TZ_IRQHandler            0x600024fb   Thumb Code     0  startup_mimxrt1052.o(.text)
    SNVS_LP_WRAPPER_IRQHandler               0x600024fb   Thumb Code     0  startup_mimxrt1052.o(.text)
    SPDIF_DriverIRQHandler                   0x600024fb   Thumb Code     0  startup_mimxrt1052.o(.text)
    SRC_IRQHandler                           0x600024fb   Thumb Code     0  startup_mimxrt1052.o(.text)
    TMR1_IRQHandler                          0x600024fb   Thumb Code     0  startup_mimxrt1052.o(.text)
    TMR2_IRQHandler                          0x600024fb   Thumb Code     0  startup_mimxrt1052.o(.text)
    TMR3_IRQHandler                          0x600024fb   Thumb Code     0  startup_mimxrt1052.o(.text)
    TMR4_IRQHandler                          0x600024fb   Thumb Code     0  startup_mimxrt1052.o(.text)
    TRNG_IRQHandler                          0x600024fb   Thumb Code     0  startup_mimxrt1052.o(.text)
    TSC_DIG_IRQHandler                       0x600024fb   Thumb Code     0  startup_mimxrt1052.o(.text)
    USB_OTG1_IRQHandler                      0x600024fb   Thumb Code     0  startup_mimxrt1052.o(.text)
    USB_OTG2_IRQHandler                      0x600024fb   Thumb Code     0  startup_mimxrt1052.o(.text)
    USB_PHY1_IRQHandler                      0x600024fb   Thumb Code     0  startup_mimxrt1052.o(.text)
    USB_PHY2_IRQHandler                      0x600024fb   Thumb Code     0  startup_mimxrt1052.o(.text)
    USDHC1_DriverIRQHandler                  0x600024fb   Thumb Code     0  startup_mimxrt1052.o(.text)
    USDHC2_DriverIRQHandler                  0x600024fb   Thumb Code     0  startup_mimxrt1052.o(.text)
    WDOG1_IRQHandler                         0x600024fb   Thumb Code     0  startup_mimxrt1052.o(.text)
    WDOG2_IRQHandler                         0x600024fb   Thumb Code     0  startup_mimxrt1052.o(.text)
    XBAR1_IRQ_0_1_IRQHandler                 0x600024fb   Thumb Code     0  startup_mimxrt1052.o(.text)
    XBAR1_IRQ_2_3_IRQHandler                 0x600024fb   Thumb Code     0  startup_mimxrt1052.o(.text)
    __aeabi_uldivmod                         0x600025d1   Thumb Code    98  uldiv.o(.text)
    __aeabi_ldivmod                          0x60002633   Thumb Code    98  ldiv.o(.text)
    ___aeabi_memcpy8$move                    0x60002695   Thumb Code     0  memmovea.o(.text)
    __aeabi_memcpy                           0x60002695   Thumb Code    64  memmovea.o(.text)
    __aeabi_memcpy4                          0x60002695   Thumb Code     0  memmovea.o(.text)
    __aeabi_memmove                          0x60002695   Thumb Code     0  memmovea.o(.text)
    __aeabi_memmove4                         0x60002695   Thumb Code     0  memmovea.o(.text)
    __aeabi_memmove8                         0x60002695   Thumb Code     0  memmovea.o(.text)
    __aeabi_memset                           0x600026d5   Thumb Code    14  memseta.o(.text)
    __aeabi_memset4                          0x600026d5   Thumb Code     0  memseta.o(.text)
    __aeabi_memset8                          0x600026d5   Thumb Code     0  memseta.o(.text)
    __aeabi_memclr                           0x600026e3   Thumb Code     4  memseta.o(.text)
    __aeabi_memclr4                          0x600026e3   Thumb Code     0  memseta.o(.text)
    __aeabi_memclr8                          0x600026e3   Thumb Code     0  memseta.o(.text)
    _memset$wrapper                          0x600026e7   Thumb Code    18  memseta.o(.text)
    strlen                                   0x600026f9   Thumb Code    14  strlen.o(.text)
    __aeabi_l2d                              0x60002707   Thumb Code    40  dfltl.o(.text)
    __aeabi_d2lz                             0x6000272f   Thumb Code    74  dfixl.o(.text)
    __aeabi_uidiv                            0x60002779   Thumb Code     0  uidiv.o(.text)
    __aeabi_uidivmod                         0x60002779   Thumb Code    44  uidiv.o(.text)
    __aeabi_llsl                             0x600027a5   Thumb Code    30  llshl.o(.text)
    _ll_shift_l                              0x600027a5   Thumb Code     0  llshl.o(.text)
    __aeabi_llsr                             0x600027c3   Thumb Code    32  llushr.o(.text)
    _ll_ushift_r                             0x600027c3   Thumb Code     0  llushr.o(.text)
    __I$use$fp                               0x600027e3   Thumb Code     0  iusefp.o(.text)
    _double_round                            0x600027e3   Thumb Code    30  depilogue.o(.text)
    _double_epilogue                         0x60002801   Thumb Code   156  depilogue.o(.text)
    __aeabi_dadd                             0x6000289d   Thumb Code   322  dadd.o(.text)
    __aeabi_dsub                             0x600029df   Thumb Code     6  dadd.o(.text)
    __aeabi_drsub                            0x600029e5   Thumb Code     6  dadd.o(.text)
    __aeabi_dmul                             0x600029eb   Thumb Code   228  dmul.o(.text)
    __aeabi_ddiv                             0x60002acf   Thumb Code   222  ddiv.o(.text)
    __ARM_scalbn                             0x60002bad   Thumb Code    46  dscalb.o(.text)
    scalbn                                   0x60002bad   Thumb Code     0  dscalb.o(.text)
    __aeabi_d2ulz                            0x60002bdb   Thumb Code    48  dfixul.o(.text)
    __aeabi_cdrcmple                         0x60002c0d   Thumb Code    48  cdrcmple.o(.text)
    __scatterload                            0x60002c3d   Thumb Code    28  init.o(.text)
    __scatterload_rt2                        0x60002c3d   Thumb Code     0  init.o(.text)
    __aeabi_lasr                             0x60002c61   Thumb Code    36  llsshr.o(.text)
    _ll_sshift_r                             0x60002c61   Thumb Code     0  llsshr.o(.text)
    __decompress                             0x60002c85   Thumb Code     0  __dczerorl2.o(.text)
    __decompress1                            0x60002c85   Thumb Code    86  __dczerorl2.o(.text)
    ADC_SetChannelConfig                     0x60002cdd   Thumb Code    62  fsl_adc.o(i.ADC_SetChannelConfig)
    BOARD_BootClockRUN                       0x60002d6d   Thumb Code   598  clock_config.o(i.BOARD_BootClockRUN)
    BOARD_ConfigMPU                          0x60003061   Thumb Code   390  board.o(i.BOARD_ConfigMPU)
    BOARD_DebugConsoleSrcFreq                0x60003215   Thumb Code    92  board.o(i.BOARD_DebugConsoleSrcFreq)
    BOARD_InitDebugConsole                   0x6000328d   Thumb Code    24  board.o(i.BOARD_InitDebugConsole)
    BOARD_InitPins                           0x600032a9   Thumb Code   104  pin_mux.o(i.BOARD_InitPins)
    BS_LCD_Init                              0x60003319   Thumb Code    32  bsp_lcd.o(i.BS_LCD_Init)
    Board_Config                             0x60003339   Thumb Code    20  main.o(i.Board_Config)
    CLOCK_GetFreq                            0x600035c9   Thumb Code   344  fsl_clock.o(i.CLOCK_GetFreq)
    CLOCK_GetPllFreq                         0x60003825   Thumb Code   530  fsl_clock.o(i.CLOCK_GetPllFreq)
    CLOCK_GetSysPfdFreq                      0x60003a51   Thumb Code   100  fsl_clock.o(i.CLOCK_GetSysPfdFreq)
    CLOCK_GetUsb1PfdFreq                     0x60003abd   Thumb Code   100  fsl_clock.o(i.CLOCK_GetUsb1PfdFreq)
    CLOCK_InitArmPll                         0x60003b29   Thumb Code    30  fsl_clock.o(i.CLOCK_InitArmPll)
    CLOCK_InitSysPll                         0x60003b4d   Thumb Code    30  fsl_clock.o(i.CLOCK_InitSysPll)
    CLOCK_InitVideoPll                       0x60003b71   Thumb Code   140  fsl_clock.o(i.CLOCK_InitVideoPll)
    DMA0_DMA16_DriverIRQHandler              0x600042c9   Thumb Code    48  fsl_edma.o(i.DMA0_DMA16_DriverIRQHandler)
    DMA10_DMA26_DriverIRQHandler             0x60004301   Thumb Code    48  fsl_edma.o(i.DMA10_DMA26_DriverIRQHandler)
    DMA11_DMA27_DriverIRQHandler             0x60004339   Thumb Code    48  fsl_edma.o(i.DMA11_DMA27_DriverIRQHandler)
    DMA12_DMA28_DriverIRQHandler             0x60004371   Thumb Code    48  fsl_edma.o(i.DMA12_DMA28_DriverIRQHandler)
    DMA13_DMA29_DriverIRQHandler             0x600043a9   Thumb Code    48  fsl_edma.o(i.DMA13_DMA29_DriverIRQHandler)
    DMA14_DMA30_DriverIRQHandler             0x600043e1   Thumb Code    48  fsl_edma.o(i.DMA14_DMA30_DriverIRQHandler)
    DMA15_DMA31_DriverIRQHandler             0x60004419   Thumb Code    48  fsl_edma.o(i.DMA15_DMA31_DriverIRQHandler)
    DMA1_DMA17_DriverIRQHandler              0x60004451   Thumb Code    48  fsl_edma.o(i.DMA1_DMA17_DriverIRQHandler)
    DMA2_DMA18_DriverIRQHandler              0x60004489   Thumb Code    48  fsl_edma.o(i.DMA2_DMA18_DriverIRQHandler)
    DMA3_DMA19_DriverIRQHandler              0x600044c1   Thumb Code    48  fsl_edma.o(i.DMA3_DMA19_DriverIRQHandler)
    DMA4_DMA20_DriverIRQHandler              0x600044f9   Thumb Code    48  fsl_edma.o(i.DMA4_DMA20_DriverIRQHandler)
    DMA5_DMA21_DriverIRQHandler              0x60004531   Thumb Code    48  fsl_edma.o(i.DMA5_DMA21_DriverIRQHandler)
    DMA6_DMA22_DriverIRQHandler              0x60004569   Thumb Code    48  fsl_edma.o(i.DMA6_DMA22_DriverIRQHandler)
    DMA7_DMA23_DriverIRQHandler              0x600045a1   Thumb Code    48  fsl_edma.o(i.DMA7_DMA23_DriverIRQHandler)
    DMA8_DMA24_DriverIRQHandler              0x600045d9   Thumb Code    48  fsl_edma.o(i.DMA8_DMA24_DriverIRQHandler)
    DMA9_DMA25_DriverIRQHandler              0x60004611   Thumb Code    48  fsl_edma.o(i.DMA9_DMA25_DriverIRQHandler)
    DbgConsole_Init                          0x60004649   Thumb Code    42  fsl_debug_console.o(i.DbgConsole_Init)
    DbgConsole_Printf                        0x600046d1   Thumb Code    60  fsl_debug_console.o(i.DbgConsole_Printf)
    EDMA_GetChannelStatusFlags               0x60004751   Thumb Code    70  fsl_edma.o(i.EDMA_GetChannelStatusFlags)
    EDMA_HandleIRQ                           0x600047e9   Thumb Code   198  fsl_edma.o(i.EDMA_HandleIRQ)
    ELCDIF_Reset                             0x60004969   Thumb Code    66  fsl_elcdif.o(i.ELCDIF_Reset)
    ELCDIF_RgbModeInit                       0x600049ad   Thumb Code   208  fsl_elcdif.o(i.ELCDIF_RgbModeInit)
    GPIO1_Combined_0_15_IRQHandler           0x60004af1   Thumb Code    34  bsp_i2c_touch.o(i.GPIO1_Combined_0_15_IRQHandler)
    GPIO_PinInit                             0x60004b99   Thumb Code    92  fsl_gpio.o(i.GPIO_PinInit)
    GPIO_PinSetInterruptConfig               0x60004bf9   Thumb Code   138  fsl_gpio.o(i.GPIO_PinSetInterruptConfig)
    GPIO_PinWrite                            0x60004c85   Thumb Code    50  fsl_gpio.o(i.GPIO_PinWrite)
    GT9xx_get_on_point                       0x60004ce9   Thumb Code    12  bsp_touch_gtxx.o(i.GT9xx_get_on_point)
    I2C_Init                                 0x60005031   Thumb Code   154  i2c.o(i.I2C_Init)
    I2C_ReadBuffer                           0x600050e9   Thumb Code    68  i2c.o(i.I2C_ReadBuffer)
    I2C_ReadBytes                            0x60005131   Thumb Code   120  bsp_i2c_touch.o(i.I2C_ReadBytes)
    I2C_WriteBytes                           0x60005275   Thumb Code   120  bsp_i2c_touch.o(i.I2C_WriteBytes)
    IO_Init                                  0x600053b9   Thumb Code   130  fsl_io.o(i.IO_Init)
    IO_Transfer                              0x60005475   Thumb Code    64  fsl_io.o(i.IO_Transfer)
    LCDIF_IRQHandler                         0x600054b9   Thumb Code    52  bsp_lcd.o(i.LCDIF_IRQHandler)
    LCD_BackLight_ON                         0x600054fd   Thumb Code    20  bsp_lcd.o(i.LCD_BackLight_ON)
    LCD_Clear                                0x60005519   Thumb Code    40  bsp_lcd.o(i.LCD_Clear)
    LCD_ClearLine                            0x60005545   Thumb Code    56  bsp_lcd.o(i.LCD_ClearLine)
    LCD_DisplayChar                          0x60005581   Thumb Code   252  bsp_lcd.o(i.LCD_DisplayChar)
    LCD_DisplayStringLine                    0x6000568d   Thumb Code    76  bsp_lcd.o(i.LCD_DisplayStringLine)
    LCD_DrawLine                             0x600056dd   Thumb Code   124  bsp_lcd.o(i.LCD_DrawLine)
    LCD_DrawRect                             0x60005761   Thumb Code   116  bsp_lcd.o(i.LCD_DrawRect)
    LCD_GetFont                              0x60005805   Thumb Code     6  bsp_lcd.o(i.LCD_GetFont)
    LCD_InitClock                            0x60005c3d   Thumb Code    42  bsp_lcd.o(i.LCD_InitClock)
    LCD_InterruptConfig                      0x60005c79   Thumb Code    56  bsp_lcd.o(i.LCD_InterruptConfig)
    LCD_SetBackColor                         0x60005cb9   Thumb Code     6  bsp_lcd.o(i.LCD_SetBackColor)
    LCD_SetFont                              0x60005cc5   Thumb Code     6  bsp_lcd.o(i.LCD_SetFont)
    LCD_SetTextColor                         0x60005cd1   Thumb Code     6  bsp_lcd.o(i.LCD_SetTextColor)
    LOG_Init                                 0x60005cdd   Thumb Code    36  fsl_log.o(i.LOG_Init)
    LOG_Pop                                  0x60005d01   Thumb Code    34  fsl_log.o(i.LOG_Pop)
    LOG_Push                                 0x60005d25   Thumb Code    32  fsl_log.o(i.LOG_Push)
    LPI2C1_DriverIRQHandler                  0x60005d79   Thumb Code    12  fsl_lpi2c.o(i.LPI2C1_DriverIRQHandler)
    LPI2C2_DriverIRQHandler                  0x60005d89   Thumb Code    12  fsl_lpi2c.o(i.LPI2C2_DriverIRQHandler)
    LPI2C3_DriverIRQHandler                  0x60005d99   Thumb Code    12  fsl_lpi2c.o(i.LPI2C3_DriverIRQHandler)
    LPI2C_CheckForBusyBus                    0x60005da9   Thumb Code    34  fsl_lpi2c.o(i.LPI2C_CheckForBusyBus)
    LPI2C_GetInstance                        0x60005e61   Thumb Code    38  fsl_lpi2c.o(i.LPI2C_GetInstance)
    LPI2C_MasterCheckAndClearError           0x60005f7d   Thumb Code    98  fsl_lpi2c.o(i.LPI2C_MasterCheckAndClearError)
    LPI2C_MasterGetDefaultConfig             0x6000602d   Thumb Code    44  fsl_lpi2c.o(i.LPI2C_MasterGetDefaultConfig)
    LPI2C_MasterInit                         0x60006079   Thumb Code   302  fsl_lpi2c.o(i.LPI2C_MasterInit)
    LPI2C_MasterReceive                      0x600061b1   Thumb Code   118  fsl_lpi2c.o(i.LPI2C_MasterReceive)
    LPI2C_MasterSend                         0x60006261   Thumb Code    70  fsl_lpi2c.o(i.LPI2C_MasterSend)
    LPI2C_MasterSetBaudRate                  0x600062d5   Thumb Code   286  fsl_lpi2c.o(i.LPI2C_MasterSetBaudRate)
    LPI2C_MasterStop                         0x600063f9   Thumb Code    74  fsl_lpi2c.o(i.LPI2C_MasterStop)
    LPI2C_MasterTransferBlocking             0x60006445   Thumb Code   312  fsl_lpi2c.o(i.LPI2C_MasterTransferBlocking)
    LPI2C_MasterTransferNonBlocking          0x600065e9   Thumb Code   148  fsl_lpi2c.o(i.LPI2C_MasterTransferNonBlocking)
    LPUART1_DriverIRQHandler                 0x6000672d   Thumb Code    16  fsl_lpuart.o(i.LPUART1_DriverIRQHandler)
    LPUART2_DriverIRQHandler                 0x60006749   Thumb Code    16  fsl_lpuart.o(i.LPUART2_DriverIRQHandler)
    LPUART3_DriverIRQHandler                 0x60006765   Thumb Code    16  fsl_lpuart.o(i.LPUART3_DriverIRQHandler)
    LPUART4_DriverIRQHandler                 0x60006781   Thumb Code    16  fsl_lpuart.o(i.LPUART4_DriverIRQHandler)
    LPUART5_DriverIRQHandler                 0x6000679d   Thumb Code    16  fsl_lpuart.o(i.LPUART5_DriverIRQHandler)
    LPUART6_DriverIRQHandler                 0x600067b9   Thumb Code    16  fsl_lpuart.o(i.LPUART6_DriverIRQHandler)
    LPUART7_DriverIRQHandler                 0x600067d5   Thumb Code    16  fsl_lpuart.o(i.LPUART7_DriverIRQHandler)
    LPUART8_DriverIRQHandler                 0x600067f1   Thumb Code    16  fsl_lpuart.o(i.LPUART8_DriverIRQHandler)
    LPUART_ClearStatusFlags                  0x6000680d   Thumb Code    82  fsl_lpuart.o(i.LPUART_ClearStatusFlags)
    LPUART_GetDefaultConfig                  0x60006865   Thumb Code    58  fsl_lpuart.o(i.LPUART_GetDefaultConfig)
    LPUART_GetInstance                       0x600068d1   Thumb Code    48  fsl_lpuart.o(i.LPUART_GetInstance)
    LPUART_GetStatusFlags                    0x60006955   Thumb Code    16  fsl_lpuart.o(i.LPUART_GetStatusFlags)
    LPUART_Init                              0x60006965   Thumb Code   548  fsl_lpuart.o(i.LPUART_Init)
    LPUART_ReadBlocking                      0x60006c59   Thumb Code   210  fsl_lpuart.o(i.LPUART_ReadBlocking)
    LPUART_WriteBlocking                     0x60006d5d   Thumb Code    54  fsl_lpuart.o(i.LPUART_WriteBlocking)
    MPU6050_Gyro_Read                        0x60006dc5   Thumb Code    64  mpu6050.o(i.MPU6050_Gyro_Read)
    MPU6050_Read                             0x60006e05   Thumb Code    22  mpu6050.o(i.MPU6050_Read)
    PIT_IRQHandler                           0x60006e39   Thumb Code   262  pit.o(i.PIT_IRQHandler)
    Print_Log                                0x60006fa1   Thumb Code   192  main.o(i.Print_Log)
    PutPixel                                 0x600071d9   Thumb Code    36  bsp_lcd.o(i.PutPixel)
    StrFormatPrintf                          0x600074d5   Thumb Code  1576  fsl_str.o(i.StrFormatPrintf)
    SysTick_Handler                          0x60007afd   Thumb Code     2  systick.o(i.SysTick_Handler)
    SystemInit                               0x60007b01   Thumb Code   158  system_mimxrt1052.o(i.SystemInit)
    SystemInitHook                           0x60007bb5   Thumb Code     2  system_mimxrt1052.o(i.SystemInitHook)
    __0printf                                0x60007bb9   Thumb Code    22  printfa.o(i.__0printf)
    __1printf                                0x60007bb9   Thumb Code     0  printfa.o(i.__0printf)
    __2printf                                0x60007bb9   Thumb Code     0  printfa.o(i.__0printf)
    __c89printf                              0x60007bb9   Thumb Code     0  printfa.o(i.__0printf)
    printf                                   0x60007bb9   Thumb Code     0  printfa.o(i.__0printf)
    __0sprintf                               0x60007bd9   Thumb Code    34  printfa.o(i.__0sprintf)
    __1sprintf                               0x60007bd9   Thumb Code     0  printfa.o(i.__0sprintf)
    __2sprintf                               0x60007bd9   Thumb Code     0  printfa.o(i.__0sprintf)
    __c89sprintf                             0x60007bd9   Thumb Code     0  printfa.o(i.__0sprintf)
    sprintf                                  0x60007bd9   Thumb Code     0  printfa.o(i.__0sprintf)
    __ARM_fpclassify                         0x60007c01   Thumb Code    48  fpclassify.o(i.__ARM_fpclassify)
    __aeabi_assert                           0x60007c31   Thumb Code    24  fsl_assert.o(i.__aeabi_assert)
    __hardfp_modf                            0x60007c75   Thumb Code   186  modf.o(i.__hardfp_modf)
    __hardfp_pow                             0x60007d39   Thumb Code  2140  pow.o(i.__hardfp_pow)
    __kernel_poly                            0x60008631   Thumb Code   112  poly.o(i.__kernel_poly)
    __mathlib_dbl_divzero                    0x600086a1   Thumb Code    14  dunder.o(i.__mathlib_dbl_divzero)
    __mathlib_dbl_infnan2                    0x600086c1   Thumb Code     6  dunder.o(i.__mathlib_dbl_infnan2)
    __mathlib_dbl_invalid                    0x600086c9   Thumb Code    10  dunder.o(i.__mathlib_dbl_invalid)
    __mathlib_dbl_overflow                   0x600086e1   Thumb Code    10  dunder.o(i.__mathlib_dbl_overflow)
    __mathlib_dbl_underflow                  0x600086f9   Thumb Code    10  dunder.o(i.__mathlib_dbl_underflow)
    __scatterload_copy                       0x60008711   Thumb Code    14  handlers.o(i.__scatterload_copy)
    __scatterload_null                       0x6000871f   Thumb Code     2  handlers.o(i.__scatterload_null)
    __scatterload_zeroinit                   0x60008721   Thumb Code    14  handlers.o(i.__scatterload_zeroinit)
    __set_errno                              0x60008731   Thumb Code     6  errno.o(i.__set_errno)
    adc_get                                  0x60008ff9   Thumb Code    54  adc.o(i.adc_get)
    delay_ms                                 0x60009075   Thumb Code    24  systick.o(i.delay_ms)
    delay_us                                 0x6000908d   Thumb Code    84  systick.o(i.delay_us)
    fabs                                     0x600090e5   Thumb Code    24  fabs.o(i.fabs)
    fputc                                    0x600090fd   Thumb Code    18  uart.o(i.fputc)
    key_init                                 0x60009115   Thumb Code   126  key.o(i.key_init)
    lcd_key_creat                            0x600091ad   Thumb Code    52  key.o(i.lcd_key_creat)
    lcd_key_scanf                            0x600091e5   Thumb Code    24  key.o(i.lcd_key_scanf)
    led_init                                 0x60009315   Thumb Code    16  led.o(i.led_init)
    led_toggle                               0x60009325   Thumb Code    50  led.o(i.led_toggle)
    lpuart_send_byte                         0x6000938d   Thumb Code    20  uart.o(i.lpuart_send_byte)
    main                                     0x600093a1   Thumb Code   150  main.o(i.main)
    sqrt                                     0x6000943d   Thumb Code   106  sqrt.o(i.sqrt)
    systick_delay_init                       0x600094a9   Thumb Code    60  systick.o(i.systick_delay_init)
    armPllConfig_BOARD_BootClockRUN          0x60009598   Data           4  clock_config.o(.constdata)
    sysPllConfig_BOARD_BootClockRUN          0x6000959c   Data          12  clock_config.o(.constdata)
    usb1PllConfig_BOARD_BootClockRUN         0x600095a8   Data           1  clock_config.o(.constdata)
    ASCII8x16_Table                          0x600095d3   Data        1520  fonts.o(.constdata)
    ASCII16x32_Table                         0x60009bc3   Data        6080  fonts.o(.constdata)
    ASCII24x48_Table                         0x6000b383   Data       13680  fonts.o(.constdata)
    CTP_CFG_GT9157                           0x6000e8f4   Data         186  bsp_touch_gtxx.o(.constdata)
    CTP_CFG_GT911                            0x6000e9ae   Data         186  bsp_touch_gtxx.o(.constdata)
    CTP_CFG_GT5688                           0x6000ea68   Data         239  bsp_touch_gtxx.o(.constdata)
    touch_param                              0x6000eb58   Data          24  bsp_touch_gtxx.o(.constdata)
    __mathlib_zero                           0x6000ed18   Data           8  qnan.o(.constdata)
    Region$$Table$$Base                      0x6000edc4   Number         0  anon$$obj.o(Region$$Table)
    Region$$Table$$Limit                     0x6000edf4   Number         0  anon$$obj.o(Region$$Table)
    SystemCoreClock                          0x80000000   Data           4  system_mimxrt1052.o(.data)
    g_xtalFreq                               0x80000004   Data           4  fsl_clock.o(.data)
    g_rtcXtalFreq                            0x80000008   Data           4  fsl_clock.o(.data)
    s_pixelFormatReg                         0x80000018   Data          40  fsl_elcdif.o(.data)
    __stdout                                 0x80000040   Data           4  fsl_debug_console.o(.data)
    __stdin                                  0x80000044   Data           4  fsl_debug_console.o(.data)
    cur_lcd                                  0x80000050   Data           1  bsp_lcd.o(.data)
    s_frameDone                              0x80000051   Data           1  bsp_lcd.o(.data)
    s_frame_count                            0x80000054   Data           4  bsp_lcd.o(.data)
    Font8x16                                 0x80000064   Data           8  fonts.o(.data)
    Font16x32                                0x8000006c   Data           8  fonts.o(.data)
    Font24x48                                0x80000074   Data           8  fonts.o(.data)
    g_MasterCompletionFlag                   0x8000007c   Data           1  bsp_i2c_touch.o(.data)
    g_TouchPadInputSignal                    0x8000007d   Data           1  bsp_i2c_touch.o(.data)
    CTP_CFG_GT917S                           0x80000080   Data         239  bsp_touch_gtxx.o(.data)
    touchIC                                  0x8000016f   Data           1  bsp_touch_gtxx.o(.data)
    x_point                                  0x80000184   Data           4  bsp_touch_gtxx.o(.data)
    y_point                                  0x80000188   Data           4  bsp_touch_gtxx.o(.data)
    lcd_key1                                 0x8000025c   Data          16  key.o(.bss)
    g_m_handle                               0x8000026c   Data          56  bsp_i2c_touch.o(.bss)
    global_flag                              0x800002a4   Data          20  main.o(.bss)
    global_lcd_string                        0x800002b8   Data          40  main.o(.bss)
    Image$$ARM_LIB_HEAP$$ZI$$Base            0x800002e0   Number         0  anon$$obj.o ABSOLUTE
    Image$$ARM_LIB_HEAP$$ZI$$Limit           0x800006e0   Number         0  anon$$obj.o ABSOLUTE
    Image$$ARM_LIB_STACK$$ZI$$Limit          0x81e00000   Number         0  anon$$obj.o ABSOLUTE
    s_psBufferLcd                            0x81e00000   Data       1536000  bsp_lcd.o(NonCacheable)



==============================================================================

Memory Map of the image

  Image Entry point : 0x60002401

  Load Region LR_m_rom_config (Base: 0x60000000, Size: 0x00000200, Max: 0x00001000, ABSOLUTE)

    Execution Region RW_m_config_text (Exec base: 0x60000000, Load base: 0x60000000, Size: 0x00000200, Max: 0x00001000, ABSOLUTE)

    Exec Addr    Load Addr    Size         Type   Attr      Idx    E Section Name        Object

    0x60000000   0x60000000   0x00000200   Data   RO         3935    .boot_hdr.conf      fire_imxrt1052_spiflash_config.o



  Load Region LR_m_rom_ivt (Base: 0x60001000, Size: 0x00000460, Max: 0x00001000, ABSOLUTE)

    Execution Region RW_m_ivt_text (Exec base: 0x60001000, Load base: 0x60001000, Size: 0x00000460, Max: 0x00001000, ABSOLUTE)

    Exec Addr    Load Addr    Size         Type   Attr      Idx    E Section Name        Object

    0x60001000   0x60001000   0x00000020   Data   RO         3960    .boot_hdr.ivt       fsl_flexspi_nor_boot.o
    0x60001020   0x60001020   0x00000010   Data   RO         3959    .boot_hdr.boot_data  fsl_flexspi_nor_boot.o
    0x60001030   0x60001030   0x00000430   Data   RO         3920    .boot_hdr.dcd_data  fire_imxrt1052_sdram_ini_dcd.o



  Load Region LR_m_text (Base: 0x60002000, Size: 0x0000cf8c, Max: 0x61fffc00, ABSOLUTE, COMPRESSED[0x0000cefc])

    Execution Region VECTOR_ROM (Exec base: 0x60002000, Load base: 0x60002000, Size: 0x00000400, Max: 0x00000400, ABSOLUTE)

    Exec Addr    Load Addr    Size         Type   Attr      Idx    E Section Name        Object

    0x60002000   0x60002000   0x00000400   Data   RO           86    RESET               startup_mimxrt1052.o


    Execution Region ER_m_text (Exec base: 0x60002400, Load base: 0x60002400, Size: 0x0000c9f4, Max: 0x01ffdc00, ABSOLUTE)

    Exec Addr    Load Addr    Size         Type   Attr      Idx    E Section Name        Object

    0x60002400   0x60002400   0x00000000   Code   RO         4034  * .ARM.Collect$$$$00000000  mc_w.l(entry.o)
    0x60002400   0x60002400   0x00000004   Code   RO         4373    .ARM.Collect$$$$00000003  mc_w.l(entry4.o)
    0x60002404   0x60002404   0x00000004   Code   RO         4376    .ARM.Collect$$$$00000004  mc_w.l(entry5.o)
    0x60002408   0x60002408   0x00000000   Code   RO         4378    .ARM.Collect$$$$00000008  mc_w.l(entry7b.o)
    0x60002408   0x60002408   0x00000000   Code   RO         4380    .ARM.Collect$$$$0000000A  mc_w.l(entry8b.o)
    0x60002408   0x60002408   0x00000008   Code   RO         4381    .ARM.Collect$$$$0000000B  mc_w.l(entry9a.o)
    0x60002410   0x60002410   0x00000000   Code   RO         4383    .ARM.Collect$$$$0000000D  mc_w.l(entry10a.o)
    0x60002410   0x60002410   0x00000000   Code   RO         4385    .ARM.Collect$$$$0000000F  mc_w.l(entry11a.o)
    0x60002410   0x60002410   0x00000004   Code   RO         4374    .ARM.Collect$$$$00002714  mc_w.l(entry4.o)
    0x60002414   0x60002414   0x000001bc   Code   RO           87    .text               startup_mimxrt1052.o
    0x600025d0   0x600025d0   0x00000062   Code   RO         4037    .text               mc_w.l(uldiv.o)
    0x60002632   0x60002632   0x00000062   Code   RO         4039    .text               mc_w.l(ldiv.o)
    0x60002694   0x60002694   0x00000040   Code   RO         4043    .text               mc_w.l(memmovea.o)
    0x600026d4   0x600026d4   0x00000024   Code   RO         4045    .text               mc_w.l(memseta.o)
    0x600026f8   0x600026f8   0x0000000e   Code   RO         4047    .text               mc_w.l(strlen.o)
    0x60002706   0x60002706   0x00000028   Code   RO         4344    .text               mf_w.l(dfltl.o)
    0x6000272e   0x6000272e   0x0000004a   Code   RO         4346    .text               mf_w.l(dfixl.o)
    0x60002778   0x60002778   0x0000002c   Code   RO         4387    .text               mc_w.l(uidiv.o)
    0x600027a4   0x600027a4   0x0000001e   Code   RO         4389    .text               mc_w.l(llshl.o)
    0x600027c2   0x600027c2   0x00000020   Code   RO         4391    .text               mc_w.l(llushr.o)
    0x600027e2   0x600027e2   0x00000000   Code   RO         4404    .text               mc_w.l(iusefp.o)
    0x600027e2   0x600027e2   0x000000ba   Code   RO         4405    .text               mf_w.l(depilogue.o)
    0x6000289c   0x6000289c   0x0000014e   Code   RO         4407    .text               mf_w.l(dadd.o)
    0x600029ea   0x600029ea   0x000000e4   Code   RO         4409    .text               mf_w.l(dmul.o)
    0x60002ace   0x60002ace   0x000000de   Code   RO         4411    .text               mf_w.l(ddiv.o)
    0x60002bac   0x60002bac   0x0000002e   Code   RO         4413    .text               mf_w.l(dscalb.o)
    0x60002bda   0x60002bda   0x00000030   Code   RO         4415    .text               mf_w.l(dfixul.o)
    0x60002c0a   0x60002c0a   0x00000002   PAD
    0x60002c0c   0x60002c0c   0x00000030   Code   RO         4417    .text               mf_w.l(cdrcmple.o)
    0x60002c3c   0x60002c3c   0x00000024   Code   RO         4419    .text               mc_w.l(init.o)
    0x60002c60   0x60002c60   0x00000024   Code   RO         4421    .text               mc_w.l(llsshr.o)
    0x60002c84   0x60002c84   0x00000056   Code   RO         4448    .text               mc_w.l(__dczerorl2.o)
    0x60002cda   0x60002cda   0x00000002   PAD
    0x60002cdc   0x60002cdc   0x00000090   Code   RO         1322    i.ADC_SetChannelConfig  fsl_adc.o
    0x60002d6c   0x60002d6c   0x000002f4   Code   RO         2597    i.BOARD_BootClockRUN  clock_config.o
    0x60003060   0x60003060   0x000001b4   Code   RO         2523    i.BOARD_ConfigMPU   board.o
    0x60003214   0x60003214   0x00000078   Code   RO         2524    i.BOARD_DebugConsoleSrcFreq  board.o
    0x6000328c   0x6000328c   0x0000001c   Code   RO         2525    i.BOARD_InitDebugConsole  board.o
    0x600032a8   0x600032a8   0x00000070   Code   RO         2649    i.BOARD_InitPins    pin_mux.o
    0x60003318   0x60003318   0x00000020   Code   RO         3095    i.BS_LCD_Init       bsp_lcd.o
    0x60003338   0x60003338   0x00000014   Code   RO         3874    i.Board_Config      main.o
    0x6000334c   0x6000334c   0x00000070   Code   RO          456    i.CLOCK_ControlGate  fsl_lpuart.o
    0x600033bc   0x600033bc   0x00000070   Code   RO          786    i.CLOCK_ControlGate  fsl_lpi2c.o
    0x6000342c   0x6000342c   0x00000070   Code   RO         1234    i.CLOCK_ControlGate  fsl_elcdif.o
    0x6000349c   0x6000349c   0x00000078   Code   RO          401    i.CLOCK_EnableClock  fsl_gpio.o
    0x60003514   0x60003514   0x0000000e   Code   RO          788    i.CLOCK_EnableClock  fsl_lpi2c.o
    0x60003522   0x60003522   0x0000000e   Code   RO         1236    i.CLOCK_EnableClock  fsl_elcdif.o
    0x60003530   0x60003530   0x00000078   Code   RO         2650    i.CLOCK_EnableClock  pin_mux.o
    0x600035a8   0x600035a8   0x00000020   Code   RO         2526    i.CLOCK_GetDiv      board.o
    0x600035c8   0x600035c8   0x00000174   Code   RO          111    i.CLOCK_GetFreq     fsl_clock.o
    0x6000373c   0x6000373c   0x00000020   Code   RO          112    i.CLOCK_GetOscFreq  fsl_clock.o
    0x6000375c   0x6000375c   0x000000c8   Code   RO          113    i.CLOCK_GetPeriphClkFreq  fsl_clock.o
    0x60003824   0x60003824   0x0000022c   Code   RO          114    i.CLOCK_GetPllFreq  fsl_clock.o
    0x60003a50   0x60003a50   0x0000006c   Code   RO          115    i.CLOCK_GetSysPfdFreq  fsl_clock.o
    0x60003abc   0x60003abc   0x0000006c   Code   RO          116    i.CLOCK_GetUsb1PfdFreq  fsl_clock.o
    0x60003b28   0x60003b28   0x00000024   Code   RO          117    i.CLOCK_InitArmPll  fsl_clock.o
    0x60003b4c   0x60003b4c   0x00000024   Code   RO          123    i.CLOCK_InitSysPll  fsl_clock.o
    0x60003b70   0x60003b70   0x00000090   Code   RO          127    i.CLOCK_InitVideoPll  fsl_clock.o
    0x60003c00   0x60003c00   0x000000ac   Code   RO         2599    i.CLOCK_SetDiv      clock_config.o
    0x60003cac   0x60003cac   0x00000070   Code   RO         3021    i.CLOCK_SetDiv      i2c.o
    0x60003d1c   0x60003d1c   0x000000ac   Code   RO         3096    i.CLOCK_SetDiv      bsp_lcd.o
    0x60003dc8   0x60003dc8   0x000000ac   Code   RO         2600    i.CLOCK_SetMux      clock_config.o
    0x60003e74   0x60003e74   0x000000ac   Code   RO         3022    i.CLOCK_SetMux      i2c.o
    0x60003f20   0x60003f20   0x000000ac   Code   RO         3097    i.CLOCK_SetMux      bsp_lcd.o
    0x60003fcc   0x60003fcc   0x000001ae   Code   RO         2347    i.ConvertFloatRadixNumToString  fsl_str.o
    0x6000417a   0x6000417a   0x0000014c   Code   RO         2348    i.ConvertRadixNumToString  fsl_str.o
    0x600042c6   0x600042c6   0x00000002   PAD
    0x600042c8   0x600042c8   0x00000038   Code   RO         1469    i.DMA0_DMA16_DriverIRQHandler  fsl_edma.o
    0x60004300   0x60004300   0x00000038   Code   RO         1471    i.DMA10_DMA26_DriverIRQHandler  fsl_edma.o
    0x60004338   0x60004338   0x00000038   Code   RO         1473    i.DMA11_DMA27_DriverIRQHandler  fsl_edma.o
    0x60004370   0x60004370   0x00000038   Code   RO         1475    i.DMA12_DMA28_DriverIRQHandler  fsl_edma.o
    0x600043a8   0x600043a8   0x00000038   Code   RO         1477    i.DMA13_DMA29_DriverIRQHandler  fsl_edma.o
    0x600043e0   0x600043e0   0x00000038   Code   RO         1479    i.DMA14_DMA30_DriverIRQHandler  fsl_edma.o
    0x60004418   0x60004418   0x00000038   Code   RO         1481    i.DMA15_DMA31_DriverIRQHandler  fsl_edma.o
    0x60004450   0x60004450   0x00000038   Code   RO         1487    i.DMA1_DMA17_DriverIRQHandler  fsl_edma.o
    0x60004488   0x60004488   0x00000038   Code   RO         1499    i.DMA2_DMA18_DriverIRQHandler  fsl_edma.o
    0x600044c0   0x600044c0   0x00000038   Code   RO         1503    i.DMA3_DMA19_DriverIRQHandler  fsl_edma.o
    0x600044f8   0x600044f8   0x00000038   Code   RO         1505    i.DMA4_DMA20_DriverIRQHandler  fsl_edma.o
    0x60004530   0x60004530   0x00000038   Code   RO         1507    i.DMA5_DMA21_DriverIRQHandler  fsl_edma.o
    0x60004568   0x60004568   0x00000038   Code   RO         1509    i.DMA6_DMA22_DriverIRQHandler  fsl_edma.o
    0x600045a0   0x600045a0   0x00000038   Code   RO         1511    i.DMA7_DMA23_DriverIRQHandler  fsl_edma.o
    0x600045d8   0x600045d8   0x00000038   Code   RO         1513    i.DMA8_DMA24_DriverIRQHandler  fsl_edma.o
    0x60004610   0x60004610   0x00000038   Code   RO         1515    i.DMA9_DMA25_DriverIRQHandler  fsl_edma.o
    0x60004648   0x60004648   0x00000088   Code   RO         2248    i.DbgConsole_Init   fsl_debug_console.o
    0x600046d0   0x600046d0   0x00000040   Code   RO         2249    i.DbgConsole_Printf  fsl_debug_console.o
    0x60004710   0x60004710   0x0000003e   Code   RO         2251    i.DbgConsole_RelocateLog  fsl_debug_console.o
    0x6000474e   0x6000474e   0x00000002   PAD
    0x60004750   0x60004750   0x00000098   Code   RO         1524    i.EDMA_GetChannelStatusFlags  fsl_edma.o
    0x600047e8   0x600047e8   0x000000fc   Code   RO         1528    i.EDMA_HandleIRQ    fsl_edma.o
    0x600048e4   0x600048e4   0x00000084   Code   RO         1238    i.ELCDIF_GetInstance  fsl_elcdif.o
    0x60004968   0x60004968   0x00000042   Code   RO         1239    i.ELCDIF_Reset      fsl_elcdif.o
    0x600049aa   0x600049aa   0x00000002   PAD
    0x600049ac   0x600049ac   0x00000144   Code   RO         1241    i.ELCDIF_RgbModeInit  fsl_elcdif.o
    0x60004af0   0x60004af0   0x0000002c   Code   RO         3590    i.GPIO1_Combined_0_15_IRQHandler  bsp_i2c_touch.o
    0x60004b1c   0x60004b1c   0x0000007c   Code   RO          402    i.GPIO_GetInstance  fsl_gpio.o
    0x60004b98   0x60004b98   0x00000060   Code   RO          403    i.GPIO_PinInit      fsl_gpio.o
    0x60004bf8   0x60004bf8   0x0000008a   Code   RO          404    i.GPIO_PinSetInterruptConfig  fsl_gpio.o
    0x60004c82   0x60004c82   0x00000002   PAD
    0x60004c84   0x60004c84   0x00000064   Code   RO          405    i.GPIO_PinWrite     fsl_gpio.o
    0x60004ce8   0x60004ce8   0x0000000c   Code   RO         3722    i.GT9xx_get_on_point  bsp_touch_gtxx.o
    0x60004cf4   0x60004cf4   0x00000084   Code   RO         3725    i.GTP_I2C_Read      bsp_touch_gtxx.o
    0x60004d78   0x60004d78   0x00000060   Code   RO         3728    i.GTP_I2C_Write     bsp_touch_gtxx.o
    0x60004dd8   0x60004dd8   0x00000038   Code   RO         3736    i.GTP_Touch_Down    bsp_touch_gtxx.o
    0x60004e10   0x60004e10   0x00000030   Code   RO         3737    i.GTP_Touch_Up      bsp_touch_gtxx.o
    0x60004e40   0x60004e40   0x000001f0   Code   RO         3739    i.Goodix_TS_Work_Func  bsp_touch_gtxx.o
    0x60005030   0x60005030   0x000000b8   Code   RO         3023    i.I2C_Init          i2c.o
    0x600050e8   0x600050e8   0x00000048   Code   RO         3024    i.I2C_ReadBuffer    i2c.o
    0x60005130   0x60005130   0x00000084   Code   RO         3599    i.I2C_ReadBytes     bsp_i2c_touch.o
    0x600051b4   0x600051b4   0x00000040   Code   RO         3600    i.I2C_Timeout_Callback  bsp_i2c_touch.o
    0x600051f4   0x600051f4   0x0000007e   Code   RO         3740    i.I2C_Transfer      bsp_touch_gtxx.o
    0x60005272   0x60005272   0x00000002   PAD
    0x60005274   0x60005274   0x00000084   Code   RO         3602    i.I2C_WriteBytes    bsp_i2c_touch.o
    0x600052f8   0x600052f8   0x0000000c   Code   RO         2651    i.IOMUXC_SetPinConfig  pin_mux.o
    0x60005304   0x60005304   0x0000000c   Code   RO         2788    i.IOMUXC_SetPinConfig  led.o
    0x60005310   0x60005310   0x0000000c   Code   RO         2860    i.IOMUXC_SetPinConfig  key.o
    0x6000531c   0x6000531c   0x0000000c   Code   RO         3028    i.IOMUXC_SetPinConfig  i2c.o
    0x60005328   0x60005328   0x0000000c   Code   RO         3099    i.IOMUXC_SetPinConfig  bsp_lcd.o
    0x60005334   0x60005334   0x0000001a   Code   RO         2652    i.IOMUXC_SetPinMux  pin_mux.o
    0x6000534e   0x6000534e   0x0000001a   Code   RO         2789    i.IOMUXC_SetPinMux  led.o
    0x60005368   0x60005368   0x0000001a   Code   RO         2861    i.IOMUXC_SetPinMux  key.o
    0x60005382   0x60005382   0x0000001a   Code   RO         3029    i.IOMUXC_SetPinMux  i2c.o
    0x6000539c   0x6000539c   0x0000001a   Code   RO         3100    i.IOMUXC_SetPinMux  bsp_lcd.o
    0x600053b6   0x600053b6   0x00000002   PAD
    0x600053b8   0x600053b8   0x000000bc   Code   RO         2474    i.IO_Init           fsl_io.o
    0x60005474   0x60005474   0x00000044   Code   RO         2475    i.IO_Transfer       fsl_io.o
    0x600054b8   0x600054b8   0x00000044   Code   RO         3101    i.LCDIF_IRQHandler  bsp_lcd.o
    0x600054fc   0x600054fc   0x0000001c   Code   RO         3102    i.LCD_BackLight_ON  bsp_lcd.o
    0x60005518   0x60005518   0x0000002c   Code   RO         3103    i.LCD_Clear         bsp_lcd.o
    0x60005544   0x60005544   0x0000003c   Code   RO         3104    i.LCD_ClearLine     bsp_lcd.o
    0x60005580   0x60005580   0x0000010c   Code   RO         3106    i.LCD_DisplayChar   bsp_lcd.o
    0x6000568c   0x6000568c   0x00000050   Code   RO         3107    i.LCD_DisplayStringLine  bsp_lcd.o
    0x600056dc   0x600056dc   0x00000084   Code   RO         3111    i.LCD_DrawLine      bsp_lcd.o
    0x60005760   0x60005760   0x00000074   Code   RO         3112    i.LCD_DrawRect      bsp_lcd.o
    0x600057d4   0x600057d4   0x00000030   Code   RO         3114    i.LCD_ELCDIF_Config  bsp_lcd.o
    0x60005804   0x60005804   0x0000000c   Code   RO         3116    i.LCD_GetFont       bsp_lcd.o
    0x60005810   0x60005810   0x00000200   Code   RO         3117    i.LCD_IOMUXC_MUX_Config  bsp_lcd.o
    0x60005a10   0x60005a10   0x0000022c   Code   RO         3118    i.LCD_IOMUXC_PAD_Config  bsp_lcd.o
    0x60005c3c   0x60005c3c   0x0000003c   Code   RO         3119    i.LCD_InitClock     bsp_lcd.o
    0x60005c78   0x60005c78   0x00000040   Code   RO         3120    i.LCD_InterruptConfig  bsp_lcd.o
    0x60005cb8   0x60005cb8   0x0000000c   Code   RO         3121    i.LCD_SetBackColor  bsp_lcd.o
    0x60005cc4   0x60005cc4   0x0000000c   Code   RO         3125    i.LCD_SetFont       bsp_lcd.o
    0x60005cd0   0x60005cd0   0x0000000c   Code   RO         3127    i.LCD_SetTextColor  bsp_lcd.o
    0x60005cdc   0x60005cdc   0x00000024   Code   RO         2406    i.LOG_Init          fsl_log.o
    0x60005d00   0x60005d00   0x00000022   Code   RO         2407    i.LOG_Pop           fsl_log.o
    0x60005d22   0x60005d22   0x00000002   PAD
    0x60005d24   0x60005d24   0x00000054   Code   RO         2408    i.LOG_Push          fsl_log.o
    0x60005d78   0x60005d78   0x00000010   Code   RO          790    i.LPI2C1_DriverIRQHandler  fsl_lpi2c.o
    0x60005d88   0x60005d88   0x00000010   Code   RO          791    i.LPI2C2_DriverIRQHandler  fsl_lpi2c.o
    0x60005d98   0x60005d98   0x00000010   Code   RO          792    i.LPI2C3_DriverIRQHandler  fsl_lpi2c.o
    0x60005da8   0x60005da8   0x00000022   Code   RO          793    i.LPI2C_CheckForBusyBus  fsl_lpi2c.o
    0x60005dca   0x60005dca   0x00000002   PAD
    0x60005dcc   0x60005dcc   0x00000054   Code   RO          794    i.LPI2C_CommonIRQHandler  fsl_lpi2c.o
    0x60005e20   0x60005e20   0x00000040   Code   RO          795    i.LPI2C_GetCyclesForWidth  fsl_lpi2c.o
    0x60005e60   0x60005e60   0x00000058   Code   RO          796    i.LPI2C_GetInstance  fsl_lpi2c.o
    0x60005eb8   0x60005eb8   0x000000c2   Code   RO          797    i.LPI2C_InitTransferStateMachine  fsl_lpi2c.o
    0x60005f7a   0x60005f7a   0x00000002   PAD
    0x60005f7c   0x60005f7c   0x00000090   Code   RO          798    i.LPI2C_MasterCheckAndClearError  fsl_lpi2c.o
    0x6000600c   0x6000600c   0x00000004   Code   RO          799    i.LPI2C_MasterClearStatusFlags  fsl_lpi2c.o
    0x60006010   0x60006010   0x00000008   Code   RO          802    i.LPI2C_MasterDisableInterrupts  fsl_lpi2c.o
    0x60006018   0x60006018   0x0000000a   Code   RO          803    i.LPI2C_MasterEnable  fsl_lpi2c.o
    0x60006022   0x60006022   0x00000008   Code   RO          804    i.LPI2C_MasterEnableInterrupts  fsl_lpi2c.o
    0x6000602a   0x6000602a   0x00000002   PAD
    0x6000602c   0x6000602c   0x00000030   Code   RO          805    i.LPI2C_MasterGetDefaultConfig  fsl_lpi2c.o
    0x6000605c   0x6000605c   0x00000016   Code   RO          806    i.LPI2C_MasterGetFifoCounts  fsl_lpi2c.o
    0x60006072   0x60006072   0x00000006   Code   RO          807    i.LPI2C_MasterGetStatusFlags  fsl_lpi2c.o
    0x60006078   0x60006078   0x00000138   Code   RO          808    i.LPI2C_MasterInit  fsl_lpi2c.o
    0x600061b0   0x600061b0   0x000000a4   Code   RO          809    i.LPI2C_MasterReceive  fsl_lpi2c.o
    0x60006254   0x60006254   0x0000000a   Code   RO          810    i.LPI2C_MasterReset  fsl_lpi2c.o
    0x6000625e   0x6000625e   0x00000002   PAD
    0x60006260   0x60006260   0x00000074   Code   RO          811    i.LPI2C_MasterSend  fsl_lpi2c.o
    0x600062d4   0x600062d4   0x00000124   Code   RO          812    i.LPI2C_MasterSetBaudRate  fsl_lpi2c.o
    0x600063f8   0x600063f8   0x0000004a   Code   RO          814    i.LPI2C_MasterStop  fsl_lpi2c.o
    0x60006442   0x60006442   0x00000002   PAD
    0x60006444   0x60006444   0x000001a4   Code   RO          816    i.LPI2C_MasterTransferBlocking  fsl_lpi2c.o
    0x600065e8   0x600065e8   0x00000108   Code   RO          820    i.LPI2C_MasterTransferNonBlocking  fsl_lpi2c.o
    0x600066f0   0x600066f0   0x0000003a   Code   RO          821    i.LPI2C_MasterWaitForTxReady  fsl_lpi2c.o
    0x6000672a   0x6000672a   0x00000002   PAD
    0x6000672c   0x6000672c   0x0000001c   Code   RO          457    i.LPUART1_DriverIRQHandler  fsl_lpuart.o
    0x60006748   0x60006748   0x0000001c   Code   RO          458    i.LPUART2_DriverIRQHandler  fsl_lpuart.o
    0x60006764   0x60006764   0x0000001c   Code   RO          459    i.LPUART3_DriverIRQHandler  fsl_lpuart.o
    0x60006780   0x60006780   0x0000001c   Code   RO          460    i.LPUART4_DriverIRQHandler  fsl_lpuart.o
    0x6000679c   0x6000679c   0x0000001c   Code   RO          461    i.LPUART5_DriverIRQHandler  fsl_lpuart.o
    0x600067b8   0x600067b8   0x0000001c   Code   RO          462    i.LPUART6_DriverIRQHandler  fsl_lpuart.o
    0x600067d4   0x600067d4   0x0000001c   Code   RO          463    i.LPUART7_DriverIRQHandler  fsl_lpuart.o
    0x600067f0   0x600067f0   0x0000001c   Code   RO          464    i.LPUART8_DriverIRQHandler  fsl_lpuart.o
    0x6000680c   0x6000680c   0x00000058   Code   RO          465    i.LPUART_ClearStatusFlags  fsl_lpuart.o
    0x60006864   0x60006864   0x0000006c   Code   RO          469    i.LPUART_GetDefaultConfig  fsl_lpuart.o
    0x600068d0   0x600068d0   0x00000084   Code   RO          471    i.LPUART_GetInstance  fsl_lpuart.o
    0x60006954   0x60006954   0x00000010   Code   RO          472    i.LPUART_GetStatusFlags  fsl_lpuart.o
    0x60006964   0x60006964   0x000002f4   Code   RO          473    i.LPUART_Init       fsl_lpuart.o
    0x60006c58   0x60006c58   0x00000104   Code   RO          474    i.LPUART_ReadBlocking  fsl_lpuart.o
    0x60006d5c   0x60006d5c   0x00000068   Code   RO          490    i.LPUART_WriteBlocking  fsl_lpuart.o
    0x60006dc4   0x60006dc4   0x00000040   Code   RO         3508    i.MPU6050_Gyro_Read  mpu6050.o
    0x60006e04   0x60006e04   0x00000016   Code   RO         3510    i.MPU6050_Read      mpu6050.o
    0x60006e1a   0x60006e1a   0x0000000c   Code   RO         2701    i.PIT_ClearStatusFlags  pit.o
    0x60006e26   0x60006e26   0x00000012   Code   RO         2702    i.PIT_GetStatusFlags  pit.o
    0x60006e38   0x60006e38   0x00000168   Code   RO         2703    i.PIT_IRQHandler    pit.o
    0x60006fa0   0x60006fa0   0x00000238   Code   RO         3875    i.Print_Log         main.o
    0x600071d8   0x600071d8   0x0000002c   Code   RO         3128    i.PutPixel          bsp_lcd.o
    0x60007204   0x60007204   0x000000a0   Code   RO         2527    i.SCB_DisableDCache  board.o
    0x600072a4   0x600072a4   0x0000009c   Code   RO            6    i.SCB_EnableDCache  system_mimxrt1052.o
    0x60007340   0x60007340   0x0000009c   Code   RO         2528    i.SCB_EnableDCache  board.o
    0x600073dc   0x600073dc   0x0000007c   Code   RO            7    i.SCB_EnableICache  system_mimxrt1052.o
    0x60007458   0x60007458   0x0000007c   Code   RO         2529    i.SCB_EnableICache  board.o
    0x600074d4   0x600074d4   0x00000628   Code   RO         2350    i.StrFormatPrintf   fsl_str.o
    0x60007afc   0x60007afc   0x00000002   Code   RO         2941    i.SysTick_Handler   systick.o
    0x60007afe   0x60007afe   0x00000002   PAD
    0x60007b00   0x60007b00   0x000000b4   Code   RO            9    i.SystemInit        system_mimxrt1052.o
    0x60007bb4   0x60007bb4   0x00000002   Code   RO           10    i.SystemInitHook    system_mimxrt1052.o
    0x60007bb6   0x60007bb6   0x00000002   PAD
    0x60007bb8   0x60007bb8   0x00000020   Code   RO         4288    i.__0printf         mc_w.l(printfa.o)
    0x60007bd8   0x60007bd8   0x00000028   Code   RO         4290    i.__0sprintf        mc_w.l(printfa.o)
    0x60007c00   0x60007c00   0x00000030   Code   RO         4368    i.__ARM_fpclassify  m_wv.l(fpclassify.o)
    0x60007c30   0x60007c30   0x00000044   Code   RO         2079    i.__aeabi_assert    fsl_assert.o
    0x60007c74   0x60007c74   0x000000c0   Code   RO         3996    i.__hardfp_modf     m_wv.l(modf.o)
    0x60007d34   0x60007d34   0x00000004   PAD
    0x60007d38   0x60007d38   0x000008f8   Code   RO         4002    i.__hardfp_pow      m_wv.l(pow.o)
    0x60008630   0x60008630   0x00000070   Code   RO         4370    i.__kernel_poly     m_wv.l(poly.o)
    0x600086a0   0x600086a0   0x00000020   Code   RO         4348    i.__mathlib_dbl_divzero  m_wv.l(dunder.o)
    0x600086c0   0x600086c0   0x00000006   Code   RO         4350    i.__mathlib_dbl_infnan2  m_wv.l(dunder.o)
    0x600086c6   0x600086c6   0x00000002   PAD
    0x600086c8   0x600086c8   0x00000018   Code   RO         4351    i.__mathlib_dbl_invalid  m_wv.l(dunder.o)
    0x600086e0   0x600086e0   0x00000018   Code   RO         4352    i.__mathlib_dbl_overflow  m_wv.l(dunder.o)
    0x600086f8   0x600086f8   0x00000018   Code   RO         4354    i.__mathlib_dbl_underflow  m_wv.l(dunder.o)
    0x60008710   0x60008710   0x0000000e   Code   RO         4442    i.__scatterload_copy  mc_w.l(handlers.o)
    0x6000871e   0x6000871e   0x00000002   Code   RO         4443    i.__scatterload_null  mc_w.l(handlers.o)
    0x60008720   0x60008720   0x0000000e   Code   RO         4444    i.__scatterload_zeroinit  mc_w.l(handlers.o)
    0x6000872e   0x6000872e   0x00000002   PAD
    0x60008730   0x60008730   0x0000000c   Code   RO         4397    i.__set_errno       mc_w.l(errno.o)
    0x6000873c   0x6000873c   0x00000184   Code   RO         4295    i._fp_digits        mc_w.l(printfa.o)
    0x600088c0   0x600088c0   0x000006dc   Code   RO         4296    i._printf_core      mc_w.l(printfa.o)
    0x60008f9c   0x60008f9c   0x00000024   Code   RO         4297    i._printf_post_padding  mc_w.l(printfa.o)
    0x60008fc0   0x60008fc0   0x0000002e   Code   RO         4298    i._printf_pre_padding  mc_w.l(printfa.o)
    0x60008fee   0x60008fee   0x0000000a   Code   RO         4300    i._sputc            mc_w.l(printfa.o)
    0x60008ff8   0x60008ff8   0x0000007c   Code   RO         3342    i.adc_get           adc.o
    0x60009074   0x60009074   0x00000018   Code   RO         2942    i.delay_ms          systick.o
    0x6000908c   0x6000908c   0x00000058   Code   RO         2943    i.delay_us          systick.o
    0x600090e4   0x600090e4   0x00000018   Code   RO         4364    i.fabs              m_wv.l(fabs.o)
    0x600090fc   0x600090fc   0x00000018   Code   RO         3377    i.fputc             uart.o
    0x60009114   0x60009114   0x00000098   Code   RO         2862    i.key_init          key.o
    0x600091ac   0x600091ac   0x00000038   Code   RO         2865    i.lcd_key_creat     key.o
    0x600091e4   0x600091e4   0x0000001c   Code   RO         2866    i.lcd_key_scanf     key.o
    0x60009200   0x60009200   0x00000044   Code   RO         2790    i.led_gpio_mode_config  led.o
    0x60009244   0x60009244   0x00000068   Code   RO         2791    i.led_gpio_mux_config  led.o
    0x600092ac   0x600092ac   0x00000068   Code   RO         2792    i.led_gpio_pad_config  led.o
    0x60009314   0x60009314   0x00000010   Code   RO         2793    i.led_init          led.o
    0x60009324   0x60009324   0x00000068   Code   RO         2796    i.led_toggle        led.o
    0x6000938c   0x6000938c   0x00000014   Code   RO         3378    i.lpuart_send_byte  uart.o
    0x600093a0   0x600093a0   0x0000009c   Code   RO         3876    i.main              main.o
    0x6000943c   0x6000943c   0x0000006a   Code   RO         4018    i.sqrt              m_wv.l(sqrt.o)
    0x600094a6   0x600094a6   0x00000002   PAD
    0x600094a8   0x600094a8   0x00000044   Code   RO         2944    i.systick_delay_init  systick.o
    0x600094ec   0x600094ec   0x00000010   Data   RO          129    .constdata          fsl_clock.o
    0x600094fc   0x600094fc   0x00000024   Data   RO          406    .constdata          fsl_gpio.o
    0x60009520   0x60009520   0x00000048   Data   RO          493    .constdata          fsl_lpuart.o
    0x60009568   0x60009568   0x00000028   Data   RO          839    .constdata          fsl_lpi2c.o
    0x60009590   0x60009590   0x00000008   Data   RO         1244    .constdata          fsl_elcdif.o
    0x60009598   0x60009598   0x00000011   Data   RO         2601    .constdata          clock_config.o
    0x600095a9   0x600095a9   0x00000003   PAD
    0x600095ac   0x600095ac   0x00000027   Data   RO         3129    .constdata          bsp_lcd.o
    0x600095d3   0x600095d3   0x00005320   Data   RO         3325    .constdata          fonts.o
    0x6000e8f3   0x6000e8f3   0x00000001   PAD
    0x6000e8f4   0x6000e8f4   0x0000039b   Data   RO         3741    .constdata          bsp_touch_gtxx.o
    0x6000ec8f   0x6000ec8f   0x00000001   PAD
    0x6000ec90   0x6000ec90   0x00000088   Data   RO         4005    .constdata          m_wv.l(pow.o)
    0x6000ed18   0x6000ed18   0x00000008   Data   RO         4372    .constdata          m_wv.l(qnan.o)
    0x6000ed20   0x6000ed20   0x000000a1   Data   RO         3742    .conststring        bsp_touch_gtxx.o
    0x6000edc1   0x6000edc1   0x00000003   PAD
    0x6000edc4   0x6000edc4   0x00000030   Data   RO         4440    Region$$Table       anon$$obj.o


    Execution Region RW_m_data (Exec base: 0x80000000, Load base: 0x6000edf4, Size: 0x000002e0, Max: 0x01dfec00, ABSOLUTE, COMPRESSED[0x00000108])

    Exec Addr    Load Addr    Size         Type   Attr      Idx    E Section Name        Object

    0x80000000   COMPRESSED   0x00000004   Data   RW           11    .data               system_mimxrt1052.o
    0x80000004   COMPRESSED   0x00000008   Data   RW          130    .data               fsl_clock.o
    0x8000000c   COMPRESSED   0x00000004   Data   RW          494    .data               fsl_lpuart.o
    0x80000010   COMPRESSED   0x00000008   Data   RW          840    .data               fsl_lpi2c.o
    0x80000018   COMPRESSED   0x00000028   Data   RW         1245    .data               fsl_elcdif.o
    0x80000040   COMPRESSED   0x00000008   Data   RW         2255    .data               fsl_debug_console.o
    0x80000048   COMPRESSED   0x00000008   Data   RW         2477    .data               fsl_io.o
    0x80000050   COMPRESSED   0x00000014   Data   RW         3130    .data               bsp_lcd.o
    0x80000064   COMPRESSED   0x00000018   Data   RW         3326    .data               fonts.o
    0x8000007c   COMPRESSED   0x00000002   Data   RW         3607    .data               bsp_i2c_touch.o
    0x8000007e   COMPRESSED   0x00000002   PAD
    0x80000080   COMPRESSED   0x00000113   Data   RW         3743    .data               bsp_touch_gtxx.o
    0x80000193   COMPRESSED   0x00000001   PAD
    0x80000194   COMPRESSED   0x00000004   Data   RW         4398    .data               mc_w.l(errno.o)
    0x80000198        -       0x00000024   Zero   RW          492    .bss                fsl_lpuart.o
    0x800001bc        -       0x00000020   Zero   RW          838    .bss                fsl_lpi2c.o
    0x800001dc        -       0x00000080   Zero   RW         1552    .bss                fsl_edma.o
    0x8000025c        -       0x00000010   Zero   RW         2867    .bss                key.o
    0x8000026c        -       0x00000038   Zero   RW         3605    .bss                bsp_i2c_touch.o
    0x800002a4        -       0x0000003c   Zero   RW         3877    .bss                main.o


    Execution Region ARM_LIB_HEAP (Exec base: 0x800002e0, Load base: 0x6000eefc, Size: 0x00000400, Max: 0x00000400, ABSOLUTE)

    Exec Addr    Load Addr    Size         Type   Attr      Idx    E Section Name        Object

    0x800002e0        -       0x00000400   Zero   RW            1    ARM_LIB_HEAP.bss    anon$$obj.o


    Execution Region ARM_LIB_STACK (Exec base: 0x81dff000, Load base: 0x6000eefc, Size: 0x00001000, Max: 0x00001000, ABSOLUTE)

    Exec Addr    Load Addr    Size         Type   Attr      Idx    E Section Name        Object

    0x81dff000        -       0x00001000   Zero   RW            2    ARM_LIB_STACK.bss   anon$$obj.o


    Execution Region RW_m_ncache (Exec base: 0x81e00000, Load base: 0x6000eefc, Size: 0x00177000, Max: 0x00200000, ABSOLUTE)

    Exec Addr    Load Addr    Size         Type   Attr      Idx    E Section Name        Object

    0x81e00000        -       0x00177000   Zero   RW         3131    NonCacheable        bsp_lcd.o


==============================================================================

Image component sizes


      Code (inc. data)   RO Data    RW Data    ZI Data      Debug   Object Name

       124         70          0          0          0       3542   adc.o
      1056        108          0          0          0      51957   board.o
       372         82          0          2         56      16912   bsp_i2c_touch.o
      2542        292         39         20    1536000      31800   bsp_lcd.o
       966        154       1084        275          0      16959   bsp_touch_gtxx.o
      1100        302         17          0          0      13055   clock_config.o
         0          0       1072          0          0        547   fire_imxrt1052_sdram_ini_dcd.o
         0          0        512          0          0       5766   fire_imxrt1052_spiflash_config.o
         0          0      21280         24          0       1301   fonts.o
       144         82          0          0          0       3827   fsl_adc.o
        68         44          0          0          0        649   fsl_assert.o
      1592        134         16          8          0    1376277   fsl_clock.o
       262         98          0          8          0       4812   fsl_debug_console.o
      1300        264          0          0        128      15328   fsl_edma.o
       648        254          8         40          0       7755   fsl_elcdif.o
         0          0         48          0          0       2130   fsl_flexspi_nor_boot.o
       578        188         36          0          0      16199   fsl_gpio.o
       256         62          0          8          0       7072   fsl_io.o
       154         52          0          0          0       3208   fsl_log.o
      2598        520         40          8         32      31376   fsl_lpi2c.o
      1800        596         72          4         36      64842   fsl_lpuart.o
      2338          0          0          0          0       5638   fsl_str.o
       578        116          0          0          0      11200   i2c.o
       274         34          0          0         16       4874   key.o
       434         76          0          0          0       5700   led.o
       744        382          0          0         60       2526   main.o
        86          0          0          0          0       1247   mpu6050.o
       270         60          0          0          0      71177   pin_mux.o
       390         98          0          0          0      13244   pit.o
       444        210       1024          0          0       3088   startup_mimxrt1052.o
       462         38          0          4          0    1391079   system_mimxrt1052.o
       182         12          0          0          0      37056   systick.o
        44          6          0          0          0       5763   uart.o

    ----------------------------------------------------------------------
     21836       4334      25304        404    1541448    3227906   Object Totals
         0          0         48          0       5120          0   (incl. Generated)
        30          0          8          3          0          0   (incl. Padding)

    ----------------------------------------------------------------------

      Code (inc. data)   RO Data    RW Data    ZI Data      Debug   Library Member Name

       110         60          0          0          0        580   dunder.o
        24          0          0          0          0        124   fabs.o
        48          0          0          0          0        124   fpclassify.o
       192          6          0          0          0        176   modf.o
       112          0          0          0          0        116   poly.o
      2296        304        136          0          0        320   pow.o
         0          0          8          0          0          0   qnan.o
       106          0          0          0          0        140   sqrt.o
        86          0          0          0          0          0   __dczerorl2.o
         0          0          0          0          0          0   entry.o
         0          0          0          0          0          0   entry10a.o
         0          0          0          0          0          0   entry11a.o
         8          4          0          0          0          0   entry4.o
         4          0          0          0          0          0   entry5.o
         0          0          0          0          0          0   entry7b.o
         0          0          0          0          0          0   entry8b.o
         8          4          0          0          0          0   entry9a.o
        12          6          0          4          0         68   errno.o
        30          0          0          0          0          0   handlers.o
        36          8          0          0          0         68   init.o
         0          0          0          0          0          0   iusefp.o
        98          0          0          0          0         84   ldiv.o
        30          0          0          0          0         68   llshl.o
        36          0          0          0          0         68   llsshr.o
        32          0          0          0          0         68   llushr.o
        64          0          0          0          0         76   memmovea.o
        36          0          0          0          0        108   memseta.o
      2308         96          0          0          0        604   printfa.o
        14          0          0          0          0         68   strlen.o
        44          0          0          0          0         80   uidiv.o
        98          0          0          0          0         92   uldiv.o
        48          0          0          0          0         68   cdrcmple.o
       334          0          0          0          0        148   dadd.o
       222          0          0          0          0        100   ddiv.o
       186          0          0          0          0        176   depilogue.o
        74          0          0          0          0         80   dfixl.o
        48          0          0          0          0         68   dfixul.o
        40          0          0          0          0         80   dfltl.o
       228          0          0          0          0         96   dmul.o
        46          0          0          0          0         80   dscalb.o

    ----------------------------------------------------------------------
      7072        492        144          4          0       3928   Library Totals
        14          4          0          0          0          0   (incl. Padding)

    ----------------------------------------------------------------------

      Code (inc. data)   RO Data    RW Data    ZI Data      Debug   Library Name

      2888        370        144          0          0       1580   m_wv.l
      2944        118          0          4          0       1452   mc_w.l
      1226          0          0          0          0        896   mf_w.l

    ----------------------------------------------------------------------
      7072        492        144          4          0       3928   Library Totals

    ----------------------------------------------------------------------

==============================================================================


      Code (inc. data)   RO Data    RW Data    ZI Data      Debug   

     28908       4826      25448        408    1541448    3212622   Grand Totals
     28908       4826      25448        264    1541448    3212622   ELF Image Totals (compressed)
     28908       4826      25448        264          0          0   ROM Totals

==============================================================================

    Total RO  Size (Code + RO Data)                54356 (  53.08kB)
    Total RW  Size (RW Data + ZI Data)           1541856 (1505.72kB)
    Total ROM Size (Code + RO Data + RW Data)      54620 (  53.34kB)

==============================================================================

