Component: ARM Compiler 5.06 update 6 (build 750) Tool: armlink [4d35ed]

==============================================================================

Section Cross References

    system_mimxrt1052.o(i.SystemCoreClockUpdate) refers to uldiv.o(.text) for __aeabi_uldivmod
    system_mimxrt1052.o(i.SystemCoreClockUpdate) refers to system_mimxrt1052.o(.data) for SystemCoreClock
    system_mimxrt1052.o(i.SystemInit) refers to system_mimxrt1052.o(i.SCB_EnableICache) for SCB_EnableICache
    system_mimxrt1052.o(i.SystemInit) refers to system_mimxrt1052.o(i.SCB_EnableDCache) for SCB_EnableDCache
    system_mimxrt1052.o(i.SystemInit) refers to system_mimxrt1052.o(i.SystemInitHook) for SystemInitHook
    startup_mimxrt1052.o(RESET) refers to startup_mimxrt1052.o(.text) for Reset_Handler
    startup_mimxrt1052.o(RESET) refers to systick.o(i.SysTick_Handler) for SysTick_Handler
    startup_mimxrt1052.o(RESET) refers to bsp_lcd.o(i.LCDIF_IRQHandler) for LCDIF_IRQHandler
    startup_mimxrt1052.o(RESET) refers to pit.o(i.PIT_IRQHandler) for PIT_IRQHandler
    startup_mimxrt1052.o(.text) refers to startup_mimxrt1052.o(RESET) for __Vectors
    startup_mimxrt1052.o(.text) refers to system_mimxrt1052.o(i.SystemInit) for SystemInit
    startup_mimxrt1052.o(.text) refers to entry.o(.ARM.Collect$$$$00000000) for __main
    startup_mimxrt1052.o(.text) refers to fsl_lpuart.o(i.LPUART1_DriverIRQHandler) for LPUART1_DriverIRQHandler
    startup_mimxrt1052.o(.text) refers to fsl_lpuart.o(i.LPUART2_DriverIRQHandler) for LPUART2_DriverIRQHandler
    startup_mimxrt1052.o(.text) refers to fsl_lpuart.o(i.LPUART3_DriverIRQHandler) for LPUART3_DriverIRQHandler
    startup_mimxrt1052.o(.text) refers to fsl_lpuart.o(i.LPUART4_DriverIRQHandler) for LPUART4_DriverIRQHandler
    startup_mimxrt1052.o(.text) refers to fsl_lpuart.o(i.LPUART5_DriverIRQHandler) for LPUART5_DriverIRQHandler
    startup_mimxrt1052.o(.text) refers to fsl_lpuart.o(i.LPUART6_DriverIRQHandler) for LPUART6_DriverIRQHandler
    startup_mimxrt1052.o(.text) refers to fsl_lpuart.o(i.LPUART7_DriverIRQHandler) for LPUART7_DriverIRQHandler
    startup_mimxrt1052.o(.text) refers to fsl_lpuart.o(i.LPUART8_DriverIRQHandler) for LPUART8_DriverIRQHandler
    startup_mimxrt1052.o(.text) refers to fsl_lpi2c.o(i.LPI2C1_DriverIRQHandler) for LPI2C1_DriverIRQHandler
    startup_mimxrt1052.o(.text) refers to fsl_lpi2c.o(i.LPI2C2_DriverIRQHandler) for LPI2C2_DriverIRQHandler
    startup_mimxrt1052.o(.text) refers to fsl_lpi2c.o(i.LPI2C3_DriverIRQHandler) for LPI2C3_DriverIRQHandler
    fsl_clock.o(i.CLOCK_DisableUsbhs0PhyPllClock) refers to fsl_clock.o(i.CLOCK_DeinitUsb1Pll) for CLOCK_DeinitUsb1Pll
    fsl_clock.o(i.CLOCK_DisableUsbhs1PhyPllClock) refers to fsl_clock.o(i.CLOCK_DeinitUsb2Pll) for CLOCK_DeinitUsb2Pll
    fsl_clock.o(i.CLOCK_EnableUsbhs0PhyPllClock) refers to fsl_clock.o(i.CLOCK_InitUsb1Pll) for CLOCK_InitUsb1Pll
    fsl_clock.o(i.CLOCK_EnableUsbhs1PhyPllClock) refers to fsl_clock.o(i.CLOCK_InitUsb2Pll) for CLOCK_InitUsb2Pll
    fsl_clock.o(i.CLOCK_GetFreq) refers to fsl_clock.o(i.CLOCK_GetPeriphClkFreq) for CLOCK_GetPeriphClkFreq
    fsl_clock.o(i.CLOCK_GetFreq) refers to fsl_clock.o(i.CLOCK_GetUsb1PfdFreq) for CLOCK_GetUsb1PfdFreq
    fsl_clock.o(i.CLOCK_GetFreq) refers to fsl_clock.o(i.CLOCK_GetSysPfdFreq) for CLOCK_GetSysPfdFreq
    fsl_clock.o(i.CLOCK_GetFreq) refers to fsl_clock.o(i.CLOCK_GetOscFreq) for CLOCK_GetOscFreq
    fsl_clock.o(i.CLOCK_GetFreq) refers to fsl_clock.o(i.CLOCK_GetPllFreq) for CLOCK_GetPllFreq
    fsl_clock.o(i.CLOCK_GetOscFreq) refers to fsl_clock.o(.data) for g_xtalFreq
    fsl_clock.o(i.CLOCK_GetPeriphClkFreq) refers to fsl_clock.o(i.CLOCK_GetPllFreq) for CLOCK_GetPllFreq
    fsl_clock.o(i.CLOCK_GetPeriphClkFreq) refers to fsl_clock.o(i.CLOCK_GetOscFreq) for CLOCK_GetOscFreq
    fsl_clock.o(i.CLOCK_GetPeriphClkFreq) refers to fsl_clock.o(i.CLOCK_GetSysPfdFreq) for CLOCK_GetSysPfdFreq
    fsl_clock.o(i.CLOCK_GetPllFreq) refers to fsl_clock.o(i.CLOCK_GetOscFreq) for CLOCK_GetOscFreq
    fsl_clock.o(i.CLOCK_GetPllFreq) refers to uldiv.o(.text) for __aeabi_uldivmod
    fsl_clock.o(i.CLOCK_GetPllFreq) refers to fsl_clock.o(.constdata) for .constdata
    fsl_clock.o(i.CLOCK_GetSysPfdFreq) refers to fsl_clock.o(i.CLOCK_GetPllFreq) for CLOCK_GetPllFreq
    fsl_clock.o(i.CLOCK_GetUsb1PfdFreq) refers to fsl_clock.o(i.CLOCK_GetPllFreq) for CLOCK_GetPllFreq
    fsl_clock.o(i.CLOCK_InitExternalClk) refers to fsl_assert.o(i.__aeabi_assert) for __aeabi_assert
    fsl_gpio.o(i.CLOCK_EnableClock) refers to fsl_assert.o(i.__aeabi_assert) for __aeabi_assert
    fsl_gpio.o(i.GPIO_GetInstance) refers to fsl_assert.o(i.__aeabi_assert) for __aeabi_assert
    fsl_gpio.o(i.GPIO_GetInstance) refers to fsl_gpio.o(.constdata) for s_gpioBases
    fsl_gpio.o(i.GPIO_PinInit) refers to fsl_gpio.o(i.GPIO_GetInstance) for GPIO_GetInstance
    fsl_gpio.o(i.GPIO_PinInit) refers to fsl_gpio.o(i.CLOCK_EnableClock) for CLOCK_EnableClock
[...]
    .text                                    0x600027b6   Section        0  depilogue.o(.text)
    .text                                    0x60002870   Section        0  dscalb.o(.text)
    .text                                    0x600028a0   Section       36  init.o(.text)
    i.BOARD_BootClockRUN                     0x600028c4   Section        0  clock_config.o(i.BOARD_BootClockRUN)
    i.BOARD_ConfigMPU                        0x60002bb8   Section        0  board.o(i.BOARD_ConfigMPU)
    i.BOARD_DebugConsoleSrcFreq              0x60002d6c   Section        0  board.o(i.BOARD_DebugConsoleSrcFreq)
    i.BOARD_InitDebugConsole                 0x60002de4   Section        0  board.o(i.BOARD_InitDebugConsole)
    i.BOARD_InitPins                         0x60002e00   Section        0  pin_mux.o(i.BOARD_InitPins)
    i.Board_Config                           0x60002e70   Section        0  main.o(i.Board_Config)
    i.CLOCK_ControlGate                      0x60002e84   Section        0  fsl_lpuart.o(i.CLOCK_ControlGate)
    CLOCK_ControlGate                        0x60002e85   Thumb Code    60  fsl_lpuart.o(i.CLOCK_ControlGate)
    i.CLOCK_ControlGate                      0x60002ef4   Section        0  fsl_lpi2c.o(i.CLOCK_ControlGate)
    CLOCK_ControlGate                        0x60002ef5   Thumb Code    60  fsl_lpi2c.o(i.CLOCK_ControlGate)
    i.CLOCK_ControlGate                      0x60002f64   Section        0  fsl_elcdif.o(i.CLOCK_ControlGate)
    CLOCK_ControlGate                        0x60002f65   Thumb Code    60  fsl_elcdif.o(i.CLOCK_ControlGate)
    i.CLOCK_EnableClock                      0x60002fd4   Section        0  fsl_gpio.o(i.CLOCK_EnableClock)
    CLOCK_EnableClock                        0x60002fd5   Thumb Code    68  fsl_gpio.o(i.CLOCK_EnableClock)
    i.CLOCK_EnableClock                      0x6000304c   Section        0  fsl_lpi2c.o(i.CLOCK_EnableClock)
    CLOCK_EnableClock                        0x6000304d   Thumb Code    14  fsl_lpi2c.o(i.CLOCK_EnableClock)
    i.CLOCK_EnableClock                      0x6000305a   Section        0  fsl_elcdif.o(i.CLOCK_EnableClock)
    CLOCK_EnableClock                        0x6000305b   Thumb Code    14  fsl_elcdif.o(i.CLOCK_EnableClock)
    i.CLOCK_EnableClock                      0x60003068   Section        0  pin_mux.o(i.CLOCK_EnableClock)
    CLOCK_EnableClock                        0x60003069   Thumb Code    68  pin_mux.o(i.CLOCK_EnableClock)
    i.CLOCK_GetDiv                           0x600030e0   Section        0  board.o(i.CLOCK_GetDiv)
    CLOCK_GetDiv                             0x600030e1   Thumb Code    28  board.o(i.CLOCK_GetDiv)
    i.CLOCK_GetFreq                          0x60003100   Section        0  fsl_clock.o(i.CLOCK_GetFreq)
    i.CLOCK_GetOscFreq                       0x60003274   Section        0  fsl_clock.o(i.CLOCK_GetOscFreq)
    CLOCK_GetOscFreq                         0x60003275   Thumb Code    20  fsl_clock.o(i.CLOCK_GetOscFreq)
    i.CLOCK_GetPeriphClkFreq                 0x60003294   Section        0  fsl_clock.o(i.CLOCK_GetPeriphClkFreq)
    CLOCK_GetPeriphClkFreq                   0x60003295   Thumb Code   186  fsl_clock.o(i.CLOCK_GetPeriphClkFreq)
    i.CLOCK_GetPllFreq                       0x6000335c   Section        0  fsl_clock.o(i.CLOCK_GetPllFreq)
    i.CLOCK_GetSysPfdFreq                    0x60003588   Section        0  fsl_clock.o(i.CLOCK_GetSysPfdFreq)
    i.CLOCK_GetUsb1PfdFreq                   0x600035f4   Section        0  fsl_clock.o(i.CLOCK_GetUsb1PfdFreq)
    i.CLOCK_InitArmPll                       0x60003660   Section        0  fsl_clock.o(i.CLOCK_InitArmPll)
    i.CLOCK_InitSysPll                       0x60003684   Section        0  fsl_clock.o(i.CLOCK_InitSysPll)
    i.CLOCK_InitVideoPll                     0x600036a8   Section        0  fsl_clock.o(i.CLOCK_InitVideoPll)
    i.CLOCK_SetDiv                           0x60003738   Section        0  clock_config.o(i.CLOCK_SetDiv)
    CLOCK_SetDiv                             0x60003739   Thumb Code   100  clock_config.o(i.CLOCK_SetDiv)
    i.CLOCK_SetDiv                           0x600037e4   Section        0  i2c.o(i.CLOCK_SetDiv)
    CLOCK_SetDiv                             0x600037e5   Thumb Code   102  i2c.o(i.CLOCK_SetDiv)
    i.CLOCK_SetDiv                           0x60003854   Section        0  bsp_lcd.o(i.CLOCK_SetDiv)
    CLOCK_SetDiv                             0x60003855   Thumb Code   100  bsp_lcd.o(i.CLOCK_SetDiv)
    i.CLOCK_SetMux                           0x60003900   Section        0  clock_config.o(i.CLOCK_SetMux)
    CLOCK_SetMux                             0x60003901   Thumb Code   100  clock_config.o(i.CLOCK_SetMux)
    i.CLOCK_SetMux                           0x600039ac   Section        0  i2c.o(i.CLOCK_SetMux)
    CLOCK_SetMux                             0x600039ad   Thumb Code   100  i2c.o(i.CLOCK_SetMux)
    i.CLOCK_SetMux                           0x60003a58   Section        0  bsp_lcd.o(i.CLOCK_SetMux)
    CLOCK_SetMux                             0x60003a59   Thumb Code   100  bsp_lcd.o(i.CLOCK_SetMux)
    i.ConvertFloatRadixNumToString           0x60003b04   Section        0  fsl_str.o(i.ConvertFloatRadixNumToString)
    ConvertFloatRadixNumToString             0x60003b05   Thumb Code   430  fsl_str.o(i.ConvertFloatRadixNumToString)
    i.ConvertRadixNumToString                0x60003cb2   Section        0  fsl_str.o(i.ConvertRadixNumToString)
    ConvertRadixNumToString                  0x60003cb3   Thumb Code   332  fsl_str.o(i.ConvertRadixNumToString)
    i.DbgConsole_Init                        0x60003e00   Section        0  fsl_debug_console.o(i.DbgConsole_Init)
    i.DbgConsole_Printf                      0x60003e88   Section        0  fsl_debug_console.o(i.DbgConsole_Printf)
    i.DbgConsole_RelocateLog                 0x60003ec8   Section        0  fsl_debug_console.o(i.DbgConsole_RelocateLog)
    DbgConsole_RelocateLog                   0x60003ec9   Thumb Code    62  fsl_debug_console.o(i.DbgConsole_RelocateLog)
    i.ELCDIF_GetInstance                     0x60003f08   Section        0  fsl_elcdif.o(i.ELCDIF_GetInstance)
    ELCDIF_GetInstance                       0x60003f09   Thumb Code    46  fsl_elcdif.o(i.ELCDIF_GetInstance)
    i.ELCDIF_Reset                           0x60003f8c   Section        0  fsl_elcdif.o(i.ELCDIF_Reset)
    i.ELCDIF_RgbModeInit                     0x60003fd0   Section        0  fsl_elcdif.o(i.ELCDIF_RgbModeInit)
    i.GPIO_GetInstance                       0x60004114   Section        0  fsl_gpio.o(i.GPIO_GetInstance)
    GPIO_GetInstance                         0x60004115   Thumb Code    48  fsl_gpio.o(i.GPIO_GetInstance)
    i.GPIO_PinInit                           0x60004190   Section        0  fsl_gpio.o(i.GPIO_PinInit)
    i.GPIO_PinSetInterruptConfig             0x600041f0   Section        0  fsl_gpio.o(i.GPIO_PinSetInterruptConfig)
    i.GPIO_PinWrite                          0x6000427c   Section        0  fsl_gpio.o(i.GPIO_PinWrite)
    i.I2C_Init                               0x600042e0   Section        0  i2c.o(i.I2C_Init)
    i.I2C_ReadByte                           0x60004398   Section        0  i2c.o(i.I2C_ReadByte)
    i.I2C_WriteByte                          0x600043d8   Section        0  i2c.o(i.I2C_WriteByte)
    i.IOMUXC_SetPinConfig                    0x60004418   Section        0  pin_mux.o(i.IOMUXC_SetPinConfig)
    IOMUXC_SetPinConfig                      0x60004419   Thumb Code    12  pin_mux.o(i.IOMUXC_SetPinConfig)
    i.IOMUXC_SetPinConfig                    0x60004424   Section        0  led.o(i.IOMUXC_SetPinConfig)
    IOMUXC_SetPinConfig                      0x60004425   Thumb Code    12  led.o(i.IOMUXC_SetPinConfig)
    i.IOMUXC_SetPinConfig                    0x60004430   Section        0  i2c.o(i.IOMUXC_SetPinConfig)
    IOMUXC_SetPinConfig                      0x60004431   Thumb Code    12  i2c.o(i.IOMUXC_SetPinConfig)
    i.IOMUXC_SetPinConfig                    0x6000443c   Section        0  bsp_lcd.o(i.IOMUXC_SetPinConfig)
    IOMUXC_SetPinConfig                      0x6000443d   Thumb Code    12  bsp_lcd.o(i.IOMUXC_SetPinConfig)
    i.IOMUXC_SetPinMux                       0x60004448   Section        0  pin_mux.o(i.IOMUXC_SetPinMux)
    IOMUXC_SetPinMux                         0x60004449   Thumb Code    26  pin_mux.o(i.IOMUXC_SetPinMux)
    i.IOMUXC_SetPinMux                       0x60004462   Section        0  led.o(i.IOMUXC_SetPinMux)
    IOMUXC_SetPinMux                         0x60004463   Thumb Code    26  led.o(i.IOMUXC_SetPinMux)
    i.IOMUXC_SetPinMux                       0x6000447c   Section        0  i2c.o(i.IOMUXC_SetPinMux)
    IOMUXC_SetPinMux                         0x6000447d   Thumb Code    26  i2c.o(i.IOMUXC_SetPinMux)
    i.IOMUXC_SetPinMux                       0x60004496   Section        0  bsp_lcd.o(i.IOMUXC_SetPinMux)
    IOMUXC_SetPinMux                         0x60004497   Thumb Code    26  bsp_lcd.o(i.IOMUXC_SetPinMux)
    i.IO_Init                                0x600044b0   Section        0  fsl_io.o(i.IO_Init)
    i.IO_Transfer                            0x6000456c   Section        0  fsl_io.o(i.IO_Transfer)
    i.LCDIF_IRQHandler                       0x600045b0   Section        0  bsp_lcd.o(i.LCDIF_IRQHandler)
    i.LCD_BackLight_ON                       0x600045f4   Section        0  bsp_lcd.o(i.LCD_BackLight_ON)
    i.LCD_Clear                              0x60004610   Section        0  bsp_lcd.o(i.LCD_Clear)
    i.LCD_DisplayChar                        0x6000463c   Section        0  bsp_lcd.o(i.LCD_DisplayChar)
    i.LCD_DisplayStringLine                  0x60004748   Section        0  bsp_lcd.o(i.LCD_DisplayStringLine)
    i.LCD_ELCDIF_Config                      0x60004798   Section        0  bsp_lcd.o(i.LCD_ELCDIF_Config)
    LCD_ELCDIF_Config                        0x60004799   Thumb Code    36  bsp_lcd.o(i.LCD_ELCDIF_Config)
    i.LCD_GetFont                            0x600047c8   Section        0  bsp_lcd.o(i.LCD_GetFont)
    i.LCD_IOMUXC_MUX_Config                  0x600047d4   Section        0  bsp_lcd.o(i.LCD_IOMUXC_MUX_Config)
    LCD_IOMUXC_MUX_Config                    0x600047d5   Thumb Code   504  bsp_lcd.o(i.LCD_IOMUXC_MUX_Config)
    i.LCD_IOMUXC_PAD_Config                  0x600049d4   Section        0  bsp_lcd.o(i.LCD_IOMUXC_PAD_Config)
    LCD_IOMUXC_PAD_Config                    0x600049d5   Thumb Code   546  bsp_lcd.o(i.LCD_IOMUXC_PAD_Config)
    i.LCD_Init                               0x60004c00   Section        0  bsp_lcd.o(i.LCD_Init)
    i.LCD_InitClock                          0x60004c20   Section        0  bsp_lcd.o(i.LCD_InitClock)
    i.LCD_InterruptConfig                    0x60004c5c   Section        0  bsp_lcd.o(i.LCD_InterruptConfig)
    i.LCD_SetColors                          0x60004c9c   Section        0  bsp_lcd.o(i.LCD_SetColors)
    i.LCD_SetFont                            0x60004cb0   Section        0  bsp_lcd.o(i.LCD_SetFont)
    i.LOG_Init                               0x60004cbc   Section        0  fsl_log.o(i.LOG_Init)
    i.LOG_Pop                                0x60004ce0   Section        0  fsl_log.o(i.LOG_Pop)
    i.LOG_Push                               0x60004d04   Section        0  fsl_log.o(i.LOG_Push)
    i.LPI2C1_DriverIRQHandler                0x60004d58   Section        0  fsl_lpi2c.o(i.LPI2C1_DriverIRQHandler)
    i.LPI2C2_DriverIRQHandler                0x60004d68   Section        0  fsl_lpi2c.o(i.LPI2C2_DriverIRQHandler)
    i.LPI2C3_DriverIRQHandler                0x60004d78   Section        0  fsl_lpi2c.o(i.LPI2C3_DriverIRQHandler)
    i.LPI2C_CheckForBusyBus                  0x60004d88   Section        0  fsl_lpi2c.o(i.LPI2C_CheckForBusyBus)
    i.LPI2C_CommonIRQHandler                 0x60004dac   Section        0  fsl_lpi2c.o(i.LPI2C_CommonIRQHandler)
    LPI2C_CommonIRQHandler                   0x60004dad   Thumb Code    66  fsl_lpi2c.o(i.LPI2C_CommonIRQHandler)
    i.LPI2C_GetCyclesForWidth                0x60004e00   Section        0  fsl_lpi2c.o(i.LPI2C_GetCyclesForWidth)
    LPI2C_GetCyclesForWidth                  0x60004e01   Thumb Code    58  fsl_lpi2c.o(i.LPI2C_GetCyclesForWidth)
    i.LPI2C_GetInstance                      0x60004e40   Section        0  fsl_lpi2c.o(i.LPI2C_GetInstance)
    i.LPI2C_MasterCheckAndClearError         0x60004e98   Section        0  fsl_lpi2c.o(i.LPI2C_MasterCheckAndClearError)
    i.LPI2C_MasterClearStatusFlags           0x60004f28   Section        0  fsl_lpi2c.o(i.LPI2C_MasterClearStatusFlags)
    LPI2C_MasterClearStatusFlags             0x60004f29   Thumb Code     4  fsl_lpi2c.o(i.LPI2C_MasterClearStatusFlags)
    i.LPI2C_MasterEnable                     0x60004f2c   Section        0  fsl_lpi2c.o(i.LPI2C_MasterEnable)
    LPI2C_MasterEnable                       0x60004f2d   Thumb Code    10  fsl_lpi2c.o(i.LPI2C_MasterEnable)
    i.LPI2C_MasterGetDefaultConfig           0x60004f38   Section        0  fsl_lpi2c.o(i.LPI2C_MasterGetDefaultConfig)
    i.LPI2C_MasterGetFifoCounts              0x60004f68   Section        0  fsl_lpi2c.o(i.LPI2C_MasterGetFifoCounts)
    LPI2C_MasterGetFifoCounts                0x60004f69   Thumb Code    22  fsl_lpi2c.o(i.LPI2C_MasterGetFifoCounts)
    i.LPI2C_MasterGetStatusFlags             0x60004f7e   Section        0  fsl_lpi2c.o(i.LPI2C_MasterGetStatusFlags)
    LPI2C_MasterGetStatusFlags               0x60004f7f   Thumb Code     6  fsl_lpi2c.o(i.LPI2C_MasterGetStatusFlags)
    i.LPI2C_MasterInit                       0x60004f84   Section        0  fsl_lpi2c.o(i.LPI2C_MasterInit)
    i.LPI2C_MasterReceive                    0x600050bc   Section        0  fsl_lpi2c.o(i.LPI2C_MasterReceive)
    i.LPI2C_MasterReset                      0x60005160   Section        0  fsl_lpi2c.o(i.LPI2C_MasterReset)
    LPI2C_MasterReset                        0x60005161   Thumb Code    10  fsl_lpi2c.o(i.LPI2C_MasterReset)
    i.LPI2C_MasterSend                       0x6000516c   Section        0  fsl_lpi2c.o(i.LPI2C_MasterSend)
    i.LPI2C_MasterSetBaudRate                0x600051e0   Section        0  fsl_lpi2c.o(i.LPI2C_MasterSetBaudRate)
    i.LPI2C_MasterStop                       0x60005304   Section        0  fsl_lpi2c.o(i.LPI2C_MasterStop)
    i.LPI2C_MasterTransferBlocking           0x60005350   Section        0  fsl_lpi2c.o(i.LPI2C_MasterTransferBlocking)
    i.LPI2C_MasterWaitForTxReady             0x600054f4   Section        0  fsl_lpi2c.o(i.LPI2C_MasterWaitForTxReady)
    LPI2C_MasterWaitForTxReady               0x600054f5   Thumb Code    58  fsl_lpi2c.o(i.LPI2C_MasterWaitForTxReady)
    i.LPUART1_DriverIRQHandler               0x60005530   Section        0  fsl_lpuart.o(i.LPUART1_DriverIRQHandler)
    i.LPUART2_DriverIRQHandler               0x6000554c   Section        0  fsl_lpuart.o(i.LPUART2_DriverIRQHandler)
    i.LPUART3_DriverIRQHandler               0x60005568   Section        0  fsl_lpuart.o(i.LPUART3_DriverIRQHandler)
    i.LPUART4_DriverIRQHandler               0x60005584   Section        0  fsl_lpuart.o(i.LPUART4_DriverIRQHandler)
    i.LPUART5_DriverIRQHandler               0x600055a0   Section        0  fsl_lpuart.o(i.LPUART5_DriverIRQHandler)
    i.LPUART6_DriverIRQHandler               0x600055bc   Section        0  fsl_lpuart.o(i.LPUART6_DriverIRQHandler)
    i.LPUART7_DriverIRQHandler               0x600055d8   Section        0  fsl_lpuart.o(i.LPUART7_DriverIRQHandler)
    i.LPUART8_DriverIRQHandler               0x600055f4   Section        0  fsl_lpuart.o(i.LPUART8_DriverIRQHandler)
    i.LPUART_ClearStatusFlags                0x60005610   Section        0  fsl_lpuart.o(i.LPUART_ClearStatusFlags)
    i.LPUART_GetDefaultConfig                0x60005668   Section        0  fsl_lpuart.o(i.LPUART_GetDefaultConfig)
    i.LPUART_GetInstance                     0x600056d4   Section        0  fsl_lpuart.o(i.LPUART_GetInstance)
    i.LPUART_GetStatusFlags                  0x60005758   Section        0  fsl_lpuart.o(i.LPUART_GetStatusFlags)
    i.LPUART_Init                            0x60005768   Section        0  fsl_lpuart.o(i.LPUART_Init)
    i.LPUART_ReadBlocking                    0x60005a5c   Section        0  fsl_lpuart.o(i.LPUART_ReadBlocking)
    i.LPUART_WriteBlocking                   0x60005b60   Section        0  fsl_lpuart.o(i.LPUART_WriteBlocking)
    i.PIT_ClearStatusFlags                   0x60005bc8   Section        0  pit.o(i.PIT_ClearStatusFlags)
    PIT_ClearStatusFlags                     0x60005bc9   Thumb Code    12  pit.o(i.PIT_ClearStatusFlags)
    i.PIT_GetStatusFlags                     0x60005bd4   Section        0  pit.o(i.PIT_GetStatusFlags)
    PIT_GetStatusFlags                       0x60005bd5   Thumb Code    18  pit.o(i.PIT_GetStatusFlags)
    i.PIT_IRQHandler                         0x60005be8   Section        0  pit.o(i.PIT_IRQHandler)
    i.Print_Log                              0x60005c48   Section        0  main.o(i.Print_Log)
    i.SCB_DisableDCache                      0x60005db8   Section        0  board.o(i.SCB_DisableDCache)
    SCB_DisableDCache                        0x60005db9   Thumb Code   150  board.o(i.SCB_DisableDCache)
    i.SCB_EnableDCache                       0x60005e58   Section        0  system_mimxrt1052.o(i.SCB_EnableDCache)
    SCB_EnableDCache                         0x60005e59   Thumb Code   148  system_mimxrt1052.o(i.SCB_EnableDCache)
    i.SCB_EnableDCache                       0x60005ef4   Section        0  board.o(i.SCB_EnableDCache)
    SCB_EnableDCache                         0x60005ef5   Thumb Code   148  board.o(i.SCB_EnableDCache)
    i.SCB_EnableICache                       0x60005f90   Section        0  system_mimxrt1052.o(i.SCB_EnableICache)
    SCB_EnableICache                         0x60005f91   Thumb Code   116  system_mimxrt1052.o(i.SCB_EnableICache)
    i.SCB_EnableICache                       0x6000600c   Section        0  board.o(i.SCB_EnableICache)
    SCB_EnableICache                         0x6000600d   Thumb Code   116  board.o(i.SCB_EnableICache)
    i.StrFormatPrintf                        0x60006088   Section        0  fsl_str.o(i.StrFormatPrintf)
    i.SysTick_Handler                        0x600066b0   Section        0  systick.o(i.SysTick_Handler)
    i.SystemInit                             0x600066c0   Section        0  system_mimxrt1052.o(i.SystemInit)
    i.SystemInitHook                         0x60006774   Section        0  system_mimxrt1052.o(i.SystemInitHook)
    i.__ARM_fpclassify                       0x60006776   Section        0  fpclassify.o(i.__ARM_fpclassify)
    i.__aeabi_assert                         0x600067a8   Section        0  fsl_assert.o(i.__aeabi_assert)
    i.__hardfp_modf                          0x600067ec   Section        0  modf.o(i.__hardfp_modf)
    i.__hardfp_pow                           0x600068b0   Section        0  pow.o(i.__hardfp_pow)
    i.__kernel_poly                          0x600071a8   Section        0  poly.o(i.__kernel_poly)
    i.__mathlib_dbl_divzero                  0x60007218   Section        0  dunder.o(i.__mathlib_dbl_divzero)
    i.__mathlib_dbl_infnan2                  0x60007238   Section        0  dunder.o(i.__mathlib_dbl_infnan2)
    i.__mathlib_dbl_invalid                  0x60007240   Section        0  dunder.o(i.__mathlib_dbl_invalid)
    i.__mathlib_dbl_overflow                 0x60007258   Section        0  dunder.o(i.__mathlib_dbl_overflow)
    i.__mathlib_dbl_underflow                0x60007270   Section        0  dunder.o(i.__mathlib_dbl_underflow)
    i.__scatterload_copy                     0x60007288   Section       14  handlers.o(i.__scatterload_copy)
    i.__scatterload_null                     0x60007296   Section        2  handlers.o(i.__scatterload_null)
    i.__scatterload_zeroinit                 0x60007298   Section       14  handlers.o(i.__scatterload_zeroinit)
    i.__set_errno                            0x600072a8   Section        0  errno.o(i.__set_errno)
    i.fabs                                   0x600072b4   Section        0  fabs.o(i.fabs)
    i.key_init                               0x600072cc   Section        0  key.o(i.key_init)
    i.led_gpio_mode_config                   0x60007320   Section        0  led.o(i.led_gpio_mode_config)
    led_gpio_mode_config                     0x60007321   Thumb Code    62  led.o(i.led_gpio_mode_config)
    i.led_gpio_mux_config                    0x60007364   Section        0  led.o(i.led_gpio_mux_config)
    led_gpio_mux_config                      0x60007365   Thumb Code    96  led.o(i.led_gpio_mux_config)
    i.led_gpio_pad_config                    0x600073cc   Section        0  led.o(i.led_gpio_pad_config)
    led_gpio_pad_config                      0x600073cd   Thumb Code    96  led.o(i.led_gpio_pad_config)
    i.led_init                               0x60007434   Section        0  led.o(i.led_init)
    i.main                                   0x60007444   Section        0  main.o(i.main)
    i.sqrt                                   0x600075fc   Section        0  sqrt.o(i.sqrt)
    .constdata                               0x60007668   Section       16  fsl_clock.o(.constdata)
    .constdata                               0x60007678   Section       36  fsl_gpio.o(.constdata)
    s_gpioBases                              0x60007678   Data          24  fsl_gpio.o(.constdata)
    s_gpioClock                              0x60007690   Data          12  fsl_gpio.o(.constdata)
    .constdata                               0x6000769c   Section       72  fsl_lpuart.o(.constdata)
    s_lpuartBases                            0x6000769c   Data          36  fsl_lpuart.o(.constdata)
    s_lpuartIRQ                              0x600076c0   Data          18  fsl_lpuart.o(.constdata)
    s_lpuartClock                            0x600076d2   Data          18  fsl_lpuart.o(.constdata)
    .constdata                               0x600076e4   Section       40  fsl_lpi2c.o(.constdata)
    kLpi2cBases                              0x600076e4   Data          20  fsl_lpi2c.o(.constdata)
    kLpi2cIrqs                               0x600076f8   Data          10  fsl_lpi2c.o(.constdata)
    kLpi2cClocks                             0x60007702   Data          10  fsl_lpi2c.o(.constdata)
    .constdata                               0x6000770c   Section        8  fsl_elcdif.o(.constdata)
    s_elcdifBases                            0x6000770c   Data           4  fsl_elcdif.o(.constdata)
    s_elcdifApbClocks                        0x60007710   Data           2  fsl_elcdif.o(.constdata)
    s_elcdifPixClocks                        0x60007712   Data           2  fsl_elcdif.o(.constdata)
    .constdata                               0x60007714   Section       17  clock_config.o(.constdata)
    .constdata                               0x60007728   Section       39  bsp_lcd.o(.constdata)
    .constdata                               0x6000774f   Section    21280  fonts.o(.constdata)
    .constdata                               0x6000ca70   Section      136  pow.o(.constdata)
    bp                                       0x6000ca70   Data          16  pow.o(.constdata)
    dp_h                                     0x6000ca80   Data          16  pow.o(.constdata)
    dp_l                                     0x6000ca90   Data          16  pow.o(.constdata)
    L                                        0x6000caa0   Data          48  pow.o(.constdata)
    P                                        0x6000cad0   Data          40  pow.o(.constdata)
    .constdata                               0x6000caf8   Section        8  qnan.o(.constdata)
    .data                                    0x80000000   Section        4  system_mimxrt1052.o(.data)
    .data                                    0x80000004   Section        8  fsl_clock.o(.data)
    .data                                    0x8000000c   Section        4  fsl_lpuart.o(.data)
    s_lpuartIsr                              0x8000000c   Data           4  fsl_lpuart.o(.data)
    .data                                    0x80000010   Section        8  fsl_lpi2c.o(.data)
    s_lpi2cMasterIsr                         0x80000010   Data           4  fsl_lpi2c.o(.data)
    s_lpi2cSlaveIsr                          0x80000014   Data           4  fsl_lpi2c.o(.data)
    .data                                    0x80000018   Section       40  fsl_elcdif.o(.data)
    .data                                    0x80000040   Section        8  fsl_io.o(.data)
    s_debugConsoleIO                         0x80000040   Data           8  fsl_io.o(.data)
    .data                                    0x80000048   Section        4  systick.o(.data)
    .data                                    0x8000004c   Section       20  bsp_lcd.o(.data)
    LCD_Currentfonts                         0x80000054   Data           4  bsp_lcd.o(.data)
    CurrentTextColor                         0x80000058   Data           2  bsp_lcd.o(.data)
    CurrentBackColor                         0x8000005a   Data           2  bsp_lcd.o(.data)
    CurrentFrameBuffer                       0x8000005c   Data           4  bsp_lcd.o(.data)
    .data                                    0x80000060   Section       24  fonts.o(.data)
    .data                                    0x80000078   Section        4  errno.o(.data)
    _errno                                   0x80000078   Data           4  errno.o(.data)
    .bss                                     0x8000007c   Section       36  fsl_lpuart.o(.bss)
    s_lpuartHandle                           0x8000007c   Data          36  fsl_lpuart.o(.bss)
    .bss                                     0x800000a0   Section       32  fsl_lpi2c.o(.bss)
    s_lpi2cMasterHandle                      0x800000a0   Data          16  fsl_lpi2c.o(.bss)
    s_lpi2cSlaveHandle                       0x800000b0   Data          16  fsl_lpi2c.o(.bss)
    NonCacheable                             0x81e00000   Section    1536000  bsp_lcd.o(NonCacheable)

    Global Symbols

    Symbol Name                              Value     Ov Type        Size  Object(Section)

    BuildAttributes$$THM_ISAv4$E$P$D$K$B$S$7EM$VFPv5_D16$PE$PLD8$A:L22UL41UL21$X:L11$S22US41US21$IEEE1$IW$USESV6$~STKCKD$USESV7$~SHL$OTIME$ROPI$IEEEX$EBA8$MICROLIB$REQ8$PRES8$EABIv2 0x00000000   Number         0  anon$$obj.o ABSOLUTE
    __ARM_use_no_argv                        0x00000000   Number         0  main.o ABSOLUTE
    __cpp_initialize__aeabi_                  - Undefined Weak Reference
    __cxa_finalize                            - Undefined Weak Reference
    __decompress                              - Undefined Weak Reference
    _clock_init                               - Undefined Weak Reference
    _microlib_exit                            - Undefined Weak Reference
    __Vectors_Size                           0x00000400   Number         0  startup_mimxrt1052.o ABSOLUTE
    Image$$RW_m_config_text$$Base            0x60000000   Number         0  anon$$obj.o ABSOLUTE
    spiflash_config                          0x60000000   Data         512  fire_imxrt1052_spiflash_config.o(.boot_hdr.conf)
    image_vector_table                       0x60001000   Data          32  fsl_flexspi_nor_boot.o(.boot_hdr.ivt)
    boot_data                                0x60001020   Data          16  fsl_flexspi_nor_boot.o(.boot_hdr.boot_data)
    dcd_data                                 0x60001030   Data        1072  fire_imxrt1052_sdram_ini_dcd.o(.boot_hdr.dcd_data)
    __Vectors                                0x60002000   Data           4  startup_mimxrt1052.o(RESET)
    __Vectors_End                            0x60002400   Data           0  startup_mimxrt1052.o(RESET)
    __main                                   0x60002401   Thumb Code     0  entry.o(.ARM.Collect$$$$00000000)
    _main_stk                                0x60002401   Thumb Code     0  entry4.o(.ARM.Collect$$$$00000003)
    _main_scatterload                        0x60002405   Thumb Code     0  entry5.o(.ARM.Collect$$$$00000004)
    __main_after_scatterload                 0x60002409   Thumb Code     0  entry5.o(.ARM.Collect$$$$00000004)
    _main_clock                              0x60002409   Thumb Code     0  entry7b.o(.ARM.Collect$$$$00000008)
    _main_cpp_init                           0x60002409   Thumb Code     0  entry8b.o(.ARM.Collect$$$$0000000A)
    _main_init                               0x60002409   Thumb Code     0  entry9a.o(.ARM.Collect$$$$0000000B)
    __rt_final_cpp                           0x60002411   Thumb Code     0  entry10a.o(.ARM.Collect$$$$0000000D)
    __rt_final_exit                          0x60002411   Thumb Code     0  entry11a.o(.ARM.Collect$$$$0000000F)
    Reset_Handler                            0x60002415   Thumb Code    24  startup_mimxrt1052.o(.text)
    NMI_Handler                              0x6000242d   Thumb Code     2  startup_mimxrt1052.o(.text)
    HardFault_Handler                        0x6000242f   Thumb Code     2  startup_mimxrt1052.o(.text)
    MemManage_Handler                        0x60002431   Thumb Code     2  startup_mimxrt1052.o(.text)
    BusFault_Handler                         0x60002433   Thumb Code     2  startup_mimxrt1052.o(.text)
    UsageFault_Handler                       0x60002435   Thumb Code     2  startup_mimxrt1052.o(.text)
    SVC_Handler                              0x60002437   Thumb Code     2  startup_mimxrt1052.o(.text)
    DebugMon_Handler                         0x60002439   Thumb Code     2  startup_mimxrt1052.o(.text)
    PendSV_Handler                           0x6000243b   Thumb Code     2  startup_mimxrt1052.o(.text)
    DMA0_DMA16_IRQHandler                    0x6000243f   Thumb Code     4  startup_mimxrt1052.o(.text)
    DMA1_DMA17_IRQHandler                    0x60002443   Thumb Code     4  startup_mimxrt1052.o(.text)
    DMA2_DMA18_IRQHandler                    0x60002447   Thumb Code     4  startup_mimxrt1052.o(.text)
    DMA3_DMA19_IRQHandler                    0x6000244b   Thumb Code     4  startup_mimxrt1052.o(.text)
    DMA4_DMA20_IRQHandler                    0x6000244f   Thumb Code     4  startup_mimxrt1052.o(.text)
    DMA5_DMA21_IRQHandler                    0x60002453   Thumb Code     4  startup_mimxrt1052.o(.text)
    DMA6_DMA22_IRQHandler                    0x60002457   Thumb Code     4  startup_mimxrt1052.o(.text)
    DMA7_DMA23_IRQHandler                    0x6000245b   Thumb Code     4  startup_mimxrt1052.o(.text)
    DMA8_DMA24_IRQHandler                    0x6000245f   Thumb Code     4  startup_mimxrt1052.o(.text)
    DMA9_DMA25_IRQHandler                    0x60002463   Thumb Code     4  startup_mimxrt1052.o(.text)
    DMA10_DMA26_IRQHandler                   0x60002467   Thumb Code     4  startup_mimxrt1052.o(.text)
    DMA11_DMA27_IRQHandler                   0x6000246b   Thumb Code     4  startup_mimxrt1052.o(.text)
    DMA12_DMA28_IRQHandler                   0x6000246f   Thumb Code     4  startup_mimxrt1052.o(.text)
    DMA13_DMA29_IRQHandler                   0x60002473   Thumb Code     4  startup_mimxrt1052.o(.text)
    DMA14_DMA30_IRQHandler                   0x60002477   Thumb Code     4  startup_mimxrt1052.o(.text)
    DMA15_DMA31_IRQHandler                   0x6000247b   Thumb Code     4  startup_mimxrt1052.o(.text)
    DMA_ERROR_IRQHandler                     0x6000247f   Thumb Code     4  startup_mimxrt1052.o(.text)
    LPUART1_IRQHandler                       0x60002483   Thumb Code     4  startup_mimxrt1052.o(.text)
    LPUART2_IRQHandler                       0x60002487   Thumb Code     4  startup_mimxrt1052.o(.text)
    LPUART3_IRQHandler                       0x6000248b   Thumb Code     4  startup_mimxrt1052.o(.text)
    LPUART4_IRQHandler                       0x6000248f   Thumb Code     4  startup_mimxrt1052.o(.text)
    LPUART5_IRQHandler                       0x60002493   Thumb Code     4  startup_mimxrt1052.o(.text)
    LPUART6_IRQHandler                       0x60002497   Thumb Code     4  startup_mimxrt1052.o(.text)
    LPUART7_IRQHandler                       0x6000249b   Thumb Code     4  startup_mimxrt1052.o(.text)
    LPUART8_IRQHandler                       0x6000249f   Thumb Code     4  startup_mimxrt1052.o(.text)
    LPI2C1_IRQHandler                        0x600024a3   Thumb Code     4  startup_mimxrt1052.o(.text)
    LPI2C2_IRQHandler                        0x600024a7   Thumb Code     4  startup_mimxrt1052.o(.text)
    LPI2C3_IRQHandler                        0x600024ab   Thumb Code     4  startup_mimxrt1052.o(.text)
    LPI2C4_IRQHandler                        0x600024af   Thumb Code     4  startup_mimxrt1052.o(.text)
    LPSPI1_IRQHandler                        0x600024b3   Thumb Code     4  startup_mimxrt1052.o(.text)
    LPSPI2_IRQHandler                        0x600024b7   Thumb Code     4  startup_mimxrt1052.o(.text)
    LPSPI3_IRQHandler                        0x600024bb   Thumb Code     4  startup_mimxrt1052.o(.text)
    LPSPI4_IRQHandler                        0x600024bf   Thumb Code     4  startup_mimxrt1052.o(.text)
    CAN1_IRQHandler                          0x600024c3   Thumb Code     4  startup_mimxrt1052.o(.text)
    CAN2_IRQHandler                          0x600024c7   Thumb Code     4  startup_mimxrt1052.o(.text)
    SAI1_IRQHandler                          0x600024cb   Thumb Code     4  startup_mimxrt1052.o(.text)
    SAI2_IRQHandler                          0x600024cf   Thumb Code     4  startup_mimxrt1052.o(.text)
    SAI3_RX_IRQHandler                       0x600024d3   Thumb Code     4  startup_mimxrt1052.o(.text)
    SAI3_TX_IRQHandler                       0x600024d7   Thumb Code     4  startup_mimxrt1052.o(.text)
    SPDIF_IRQHandler                         0x600024db   Thumb Code     4  startup_mimxrt1052.o(.text)
    FLEXIO1_IRQHandler                       0x600024df   Thumb Code     4  startup_mimxrt1052.o(.text)
    FLEXIO2_IRQHandler                       0x600024e3   Thumb Code     4  startup_mimxrt1052.o(.text)
    FLEXSPI_IRQHandler                       0x600024e7   Thumb Code     4  startup_mimxrt1052.o(.text)
    USDHC1_IRQHandler                        0x600024eb   Thumb Code     4  startup_mimxrt1052.o(.text)
    USDHC2_IRQHandler                        0x600024ef   Thumb Code     4  startup_mimxrt1052.o(.text)
    ENET_IRQHandler                          0x600024f3   Thumb Code     4  startup_mimxrt1052.o(.text)
    ENET_1588_Timer_IRQHandler               0x600024f7   Thumb Code     4  startup_mimxrt1052.o(.text)
    ACMP1_IRQHandler                         0x600024fb   Thumb Code     0  startup_mimxrt1052.o(.text)
    ACMP2_IRQHandler                         0x600024fb   Thumb Code     0  startup_mimxrt1052.o(.text)
    ACMP3_IRQHandler                         0x600024fb   Thumb Code     0  startup_mimxrt1052.o(.text)
    ACMP4_IRQHandler                         0x600024fb   Thumb Code     0  startup_mimxrt1052.o(.text)
    ADC1_IRQHandler                          0x600024fb   Thumb Code     0  startup_mimxrt1052.o(.text)
    ADC2_IRQHandler                          0x600024fb   Thumb Code     0  startup_mimxrt1052.o(.text)
    ADC_ETC_ERROR_IRQ_IRQHandler             0x600024fb   Thumb Code     0  startup_mimxrt1052.o(.text)
    ADC_ETC_IRQ0_IRQHandler                  0x600024fb   Thumb Code     0  startup_mimxrt1052.o(.text)
    ADC_ETC_IRQ1_IRQHandler                  0x600024fb   Thumb Code     0  startup_mimxrt1052.o(.text)
    ADC_ETC_IRQ2_IRQHandler                  0x600024fb   Thumb Code     0  startup_mimxrt1052.o(.text)
    ANATOP_EVENT0_IRQHandler                 0x600024fb   Thumb Code     0  startup_mimxrt1052.o(.text)
    ANATOP_EVENT1_IRQHandler                 0x600024fb   Thumb Code     0  startup_mimxrt1052.o(.text)
    ANATOP_TAMP_LOW_HIGH_IRQHandler          0x600024fb   Thumb Code     0  startup_mimxrt1052.o(.text)
    ANATOP_TEMP_PANIC_IRQHandler             0x600024fb   Thumb Code     0  startup_mimxrt1052.o(.text)
    BEE_IRQHandler                           0x600024fb   Thumb Code     0  startup_mimxrt1052.o(.text)
    CAN1_DriverIRQHandler                    0x600024fb   Thumb Code     0  startup_mimxrt1052.o(.text)
    CAN2_DriverIRQHandler                    0x600024fb   Thumb Code     0  startup_mimxrt1052.o(.text)
    CCM_1_IRQHandler                         0x600024fb   Thumb Code     0  startup_mimxrt1052.o(.text)
    CCM_2_IRQHandler                         0x600024fb   Thumb Code     0  startup_mimxrt1052.o(.text)
    CORE_IRQHandler                          0x600024fb   Thumb Code     0  startup_mimxrt1052.o(.text)
    CSI_IRQHandler                           0x600024fb   Thumb Code     0  startup_mimxrt1052.o(.text)
    CSU_IRQHandler                           0x600024fb   Thumb Code     0  startup_mimxrt1052.o(.text)
    CTI0_ERROR_IRQHandler                    0x600024fb   Thumb Code     0  startup_mimxrt1052.o(.text)
    CTI1_ERROR_IRQHandler                    0x600024fb   Thumb Code     0  startup_mimxrt1052.o(.text)
    DCDC_IRQHandler                          0x600024fb   Thumb Code     0  startup_mimxrt1052.o(.text)
    DCP_IRQHandler                           0x600024fb   Thumb Code     0  startup_mimxrt1052.o(.text)
    DCP_VMI_IRQHandler                       0x600024fb   Thumb Code     0  startup_mimxrt1052.o(.text)
    DMA0_DMA16_DriverIRQHandler              0x600024fb   Thumb Code     0  startup_mimxrt1052.o(.text)
    DMA10_DMA26_DriverIRQHandler             0x600024fb   Thumb Code     0  startup_mimxrt1052.o(.text)
    DMA11_DMA27_DriverIRQHandler             0x600024fb   Thumb Code     0  startup_mimxrt1052.o(.text)
    DMA12_DMA28_DriverIRQHandler             0x600024fb   Thumb Code     0  startup_mimxrt1052.o(.text)
    DMA13_DMA29_DriverIRQHandler             0x600024fb   Thumb Code     0  startup_mimxrt1052.o(.text)
    DMA14_DMA30_DriverIRQHandler             0x600024fb   Thumb Code     0  startup_mimxrt1052.o(.text)
    DMA15_DMA31_DriverIRQHandler             0x600024fb   Thumb Code     0  startup_mimxrt1052.o(.text)
    DMA1_DMA17_DriverIRQHandler              0x600024fb   Thumb Code     0  startup_mimxrt1052.o(.text)
    DMA2_DMA18_DriverIRQHandler              0x600024fb   Thumb Code     0  startup_mimxrt1052.o(.text)
    DMA3_DMA19_DriverIRQHandler              0x600024fb   Thumb Code     0  startup_mimxrt1052.o(.text)
    DMA4_DMA20_DriverIRQHandler              0x600024fb   Thumb Code     0  startup_mimxrt1052.o(.text)
    DMA5_DMA21_DriverIRQHandler              0x600024fb   Thumb Code     0  startup_mimxrt1052.o(.text)
    DMA6_DMA22_DriverIRQHandler              0x600024fb   Thumb Code     0  startup_mimxrt1052.o(.text)
    DMA7_DMA23_DriverIRQHandler              0x600024fb   Thumb Code     0  startup_mimxrt1052.o(.text)
    DMA8_DMA24_DriverIRQHandler              0x600024fb   Thumb Code     0  startup_mimxrt1052.o(.text)
    DMA9_DMA25_DriverIRQHandler              0x600024fb   Thumb Code     0  startup_mimxrt1052.o(.text)
    DMA_ERROR_DriverIRQHandler               0x600024fb   Thumb Code     0  startup_mimxrt1052.o(.text)
    DefaultISR                               0x600024fb   Thumb Code     0  startup_mimxrt1052.o(.text)
    ENC1_IRQHandler                          0x600024fb   Thumb Code     0  startup_mimxrt1052.o(.text)
    ENC2_IRQHandler                          0x600024fb   Thumb Code     0  startup_mimxrt1052.o(.text)
    ENC3_IRQHandler                          0x600024fb   Thumb Code     0  startup_mimxrt1052.o(.text)
    ENC4_IRQHandler                          0x600024fb   Thumb Code     0  startup_mimxrt1052.o(.text)
    ENET_1588_Timer_DriverIRQHandler         0x600024fb   Thumb Code     0  startup_mimxrt1052.o(.text)
    ENET_DriverIRQHandler                    0x600024fb   Thumb Code     0  startup_mimxrt1052.o(.text)
    EWM_IRQHandler                           0x600024fb   Thumb Code     0  startup_mimxrt1052.o(.text)
    FLEXIO1_DriverIRQHandler                 0x600024fb   Thumb Code     0  startup_mimxrt1052.o(.text)
    FLEXIO2_DriverIRQHandler                 0x600024fb   Thumb Code     0  startup_mimxrt1052.o(.text)
    FLEXRAM_IRQHandler                       0x600024fb   Thumb Code     0  startup_mimxrt1052.o(.text)
    FLEXSPI_DriverIRQHandler                 0x600024fb   Thumb Code     0  startup_mimxrt1052.o(.text)
    GPC_IRQHandler                           0x600024fb   Thumb Code     0  startup_mimxrt1052.o(.text)
    GPIO1_Combined_0_15_IRQHandler           0x600024fb   Thumb Code     0  startup_mimxrt1052.o(.text)
    GPIO1_Combined_16_31_IRQHandler          0x600024fb   Thumb Code     0  startup_mimxrt1052.o(.text)
    GPIO1_INT0_IRQHandler                    0x600024fb   Thumb Code     0  startup_mimxrt1052.o(.text)
    GPIO1_INT1_IRQHandler                    0x600024fb   Thumb Code     0  startup_mimxrt1052.o(.text)
    GPIO1_INT2_IRQHandler                    0x600024fb   Thumb Code     0  startup_mimxrt1052.o(.text)
    GPIO1_INT3_IRQHandler                    0x600024fb   Thumb Code     0  startup_mimxrt1052.o(.text)
    GPIO1_INT4_IRQHandler                    0x600024fb   Thumb Code     0  startup_mimxrt1052.o(.text)
    GPIO1_INT5_IRQHandler                    0x600024fb   Thumb Code     0  startup_mimxrt1052.o(.text)
    GPIO1_INT6_IRQHandler                    0x600024fb   Thumb Code     0  startup_mimxrt1052.o(.text)
    GPIO1_INT7_IRQHandler                    0x600024fb   Thumb Code     0  startup_mimxrt1052.o(.text)
    GPIO2_Combined_0_15_IRQHandler           0x600024fb   Thumb Code     0  startup_mimxrt1052.o(.text)
    GPIO2_Combined_16_31_IRQHandler          0x600024fb   Thumb Code     0  startup_mimxrt1052.o(.text)
    GPIO3_Combined_0_15_IRQHandler           0x600024fb   Thumb Code     0  startup_mimxrt1052.o(.text)
    GPIO3_Combined_16_31_IRQHandler          0x600024fb   Thumb Code     0  startup_mimxrt1052.o(.text)
    GPIO4_Combined_0_15_IRQHandler           0x600024fb   Thumb Code     0  startup_mimxrt1052.o(.text)
    GPIO4_Combined_16_31_IRQHandler          0x600024fb   Thumb Code     0  startup_mimxrt1052.o(.text)
    GPIO5_Combined_0_15_IRQHandler           0x600024fb   Thumb Code     0  startup_mimxrt1052.o(.text)
    GPIO5_Combined_16_31_IRQHandler          0x600024fb   Thumb Code     0  startup_mimxrt1052.o(.text)
    GPR_IRQ_IRQHandler                       0x600024fb   Thumb Code     0  startup_mimxrt1052.o(.text)
    GPT1_IRQHandler                          0x600024fb   Thumb Code     0  startup_mimxrt1052.o(.text)
    GPT2_IRQHandler                          0x600024fb   Thumb Code     0  startup_mimxrt1052.o(.text)
    KPP_IRQHandler                           0x600024fb   Thumb Code     0  startup_mimxrt1052.o(.text)
    LPI2C4_DriverIRQHandler                  0x600024fb   Thumb Code     0  startup_mimxrt1052.o(.text)
    LPSPI1_DriverIRQHandler                  0x600024fb   Thumb Code     0  startup_mimxrt1052.o(.text)
    LPSPI2_DriverIRQHandler                  0x600024fb   Thumb Code     0  startup_mimxrt1052.o(.text)
    LPSPI3_DriverIRQHandler                  0x600024fb   Thumb Code     0  startup_mimxrt1052.o(.text)
    LPSPI4_DriverIRQHandler                  0x600024fb   Thumb Code     0  startup_mimxrt1052.o(.text)
    NMI_WAKEUP_IRQHandler                    0x600024fb   Thumb Code     0  startup_mimxrt1052.o(.text)
    PWM1_0_IRQHandler                        0x600024fb   Thumb Code     0  startup_mimxrt1052.o(.text)
    PWM1_1_IRQHandler                        0x600024fb   Thumb Code     0  startup_mimxrt1052.o(.text)
    PWM1_2_IRQHandler                        0x600024fb   Thumb Code     0  startup_mimxrt1052.o(.text)
    PWM1_3_IRQHandler                        0x600024fb   Thumb Code     0  startup_mimxrt1052.o(.text)
    PWM1_FAULT_IRQHandler                    0x600024fb   Thumb Code     0  startup_mimxrt1052.o(.text)
    PWM2_0_IRQHandler                        0x600024fb   Thumb Code     0  startup_mimxrt1052.o(.text)
    PWM2_1_IRQHandler                        0x600024fb   Thumb Code     0  startup_mimxrt1052.o(.text)
    PWM2_2_IRQHandler                        0x600024fb   Thumb Code     0  startup_mimxrt1052.o(.text)
    PWM2_3_IRQHandler                        0x600024fb   Thumb Code     0  startup_mimxrt1052.o(.text)
    PWM2_FAULT_IRQHandler                    0x600024fb   Thumb Code     0  startup_mimxrt1052.o(.text)
    PWM3_0_IRQHandler                        0x600024fb   Thumb Code     0  startup_mimxrt1052.o(.text)
    PWM3_1_IRQHandler                        0x600024fb   Thumb Code     0  startup_mimxrt1052.o(.text)
    PWM3_2_IRQHandler                        0x600024fb   Thumb Code     0  startup_mimxrt1052.o(.text)
    PWM3_3_IRQHandler                        0x600024fb   Thumb Code     0  startup_mimxrt1052.o(.text)
    PWM3_FAULT_IRQHandler                    0x600024fb   Thumb Code     0  startup_mimxrt1052.o(.text)
    PWM4_0_IRQHandler                        0x600024fb   Thumb Code     0  startup_mimxrt1052.o(.text)
    PWM4_1_IRQHandler                        0x600024fb   Thumb Code     0  startup_mimxrt1052.o(.text)
    PWM4_2_IRQHandler                        0x600024fb   Thumb Code     0  startup_mimxrt1052.o(.text)
    PWM4_3_IRQHandler                        0x600024fb   Thumb Code     0  startup_mimxrt1052.o(.text)
    PWM4_FAULT_IRQHandler                    0x600024fb   Thumb Code     0  startup_mimxrt1052.o(.text)
    PXP_IRQHandler                           0x600024fb   Thumb Code     0  startup_mimxrt1052.o(.text)
    RTWDOG_IRQHandler                        0x600024fb   Thumb Code     0  startup_mimxrt1052.o(.text)
    Reserved115_IRQHandler                   0x600024fb   Thumb Code     0  startup_mimxrt1052.o(.text)
    Reserved123_IRQHandler                   0x600024fb   Thumb Code     0  startup_mimxrt1052.o(.text)
    Reserved143_IRQHandler                   0x600024fb   Thumb Code     0  startup_mimxrt1052.o(.text)
    Reserved144_IRQHandler                   0x600024fb   Thumb Code     0  startup_mimxrt1052.o(.text)
    Reserved168_IRQHandler                   0x600024fb   Thumb Code     0  startup_mimxrt1052.o(.text)
    Reserved169_IRQHandler                   0x600024fb   Thumb Code     0  startup_mimxrt1052.o(.text)
    Reserved170_IRQHandler                   0x600024fb   Thumb Code     0  startup_mimxrt1052.o(.text)
    Reserved171_IRQHandler                   0x600024fb   Thumb Code     0  startup_mimxrt1052.o(.text)
    Reserved172_IRQHandler                   0x600024fb   Thumb Code     0  startup_mimxrt1052.o(.text)
    Reserved173_IRQHandler                   0x600024fb   Thumb Code     0  startup_mimxrt1052.o(.text)
    Reserved68_IRQHandler                    0x600024fb   Thumb Code     0  startup_mimxrt1052.o(.text)
    Reserved86_IRQHandler                    0x600024fb   Thumb Code     0  startup_mimxrt1052.o(.text)
    Reserved87_IRQHandler                    0x600024fb   Thumb Code     0  startup_mimxrt1052.o(.text)
    SAI1_DriverIRQHandler                    0x600024fb   Thumb Code     0  startup_mimxrt1052.o(.text)
    SAI2_DriverIRQHandler                    0x600024fb   Thumb Code     0  startup_mimxrt1052.o(.text)
    SAI3_RX_DriverIRQHandler                 0x600024fb   Thumb Code     0  startup_mimxrt1052.o(.text)
    SAI3_TX_DriverIRQHandler                 0x600024fb   Thumb Code     0  startup_mimxrt1052.o(.text)
    SEMC_IRQHandler                          0x600024fb   Thumb Code     0  startup_mimxrt1052.o(.text)
    SJC_ARM_DEBUG_IRQHandler                 0x600024fb   Thumb Code     0  startup_mimxrt1052.o(.text)
    SJC_IRQHandler                           0x600024fb   Thumb Code     0  startup_mimxrt1052.o(.text)
    SNVS_HP_WRAPPER_IRQHandler               0x600024fb   Thumb Code     0  startup_mimxrt1052.o(.text)
    SNVS_HP_WRAPPER_TZ_IRQHandler            0x600024fb   Thumb Code     0  startup_mimxrt1052.o(.text)
    SNVS_LP_WRAPPER_IRQHandler               0x600024fb   Thumb Code     0  startup_mimxrt1052.o(.text)
    SPDIF_DriverIRQHandler                   0x600024fb   Thumb Code     0  startup_mimxrt1052.o(.text)
    SRC_IRQHandler                           0x600024fb   Thumb Code     0  startup_mimxrt1052.o(.text)
    TMR1_IRQHandler                          0x600024fb   Thumb Code     0  startup_mimxrt1052.o(.text)
    TMR2_IRQHandler                          0x600024fb   Thumb Code     0  startup_mimxrt1052.o(.text)
    TMR3_IRQHandler                          0x600024fb   Thumb Code     0  startup_mimxrt1052.o(.text)
    TMR4_IRQHandler                          0x600024fb   Thumb Code     0  startup_mimxrt1052.o(.text)
    TRNG_IRQHandler                          0x600024fb   Thumb Code     0  startup_mimxrt1052.o(.text)
    TSC_DIG_IRQHandler                       0x600024fb   Thumb Code     0  startup_mimxrt1052.o(.text)
    USB_OTG1_IRQHandler                      0x600024fb   Thumb Code     0  startup_mimxrt1052.o(.text)
    USB_OTG2_IRQHandler                      0x600024fb   Thumb Code     0  startup_mimxrt1052.o(.text)
    USB_PHY1_IRQHandler                      0x600024fb   Thumb Code     0  startup_mimxrt1052.o(.text)
    USB_PHY2_IRQHandler                      0x600024fb   Thumb Code     0  startup_mimxrt1052.o(.text)
    USDHC1_DriverIRQHandler                  0x600024fb   Thumb Code     0  startup_mimxrt1052.o(.text)
    USDHC2_DriverIRQHandler                  0x600024fb   Thumb Code     0  startup_mimxrt1052.o(.text)
    WDOG1_IRQHandler                         0x600024fb   Thumb Code     0  startup_mimxrt1052.o(.text)
    WDOG2_IRQHandler                         0x600024fb   Thumb Code     0  startup_mimxrt1052.o(.text)
    XBAR1_IRQ_0_1_IRQHandler                 0x600024fb   Thumb Code     0  startup_mimxrt1052.o(.text)
    XBAR1_IRQ_2_3_IRQHandler                 0x600024fb   Thumb Code     0  startup_mimxrt1052.o(.text)
    __aeabi_uldivmod                         0x600025d1   Thumb Code    98  uldiv.o(.text)
    __aeabi_ldivmod                          0x60002633   Thumb Code    98  ldiv.o(.text)
    ___aeabi_memcpy8$move                    0x60002695   Thumb Code     0  memmovea.o(.text)
    __aeabi_memcpy                           0x60002695   Thumb Code    64  memmovea.o(.text)
    __aeabi_memcpy4                          0x60002695   Thumb Code     0  memmovea.o(.text)
    __aeabi_memmove                          0x60002695   Thumb Code     0  memmovea.o(.text)
    __aeabi_memmove4                         0x60002695   Thumb Code     0  memmovea.o(.text)
    __aeabi_memmove8                         0x60002695   Thumb Code     0  memmovea.o(.text)
    __aeabi_memset                           0x600026d5   Thumb Code    14  memseta.o(.text)
    __aeabi_memset4                          0x600026d5   Thumb Code     0  memseta.o(.text)
    __aeabi_memset8                          0x600026d5   Thumb Code     0  memseta.o(.text)
    __aeabi_memclr                           0x600026e3   Thumb Code     4  memseta.o(.text)
    __aeabi_memclr4                          0x600026e3   Thumb Code     0  memseta.o(.text)
    __aeabi_memclr8                          0x600026e3   Thumb Code     0  memseta.o(.text)
    _memset$wrapper                          0x600026e7   Thumb Code    18  memseta.o(.text)
    strlen                                   0x600026f9   Thumb Code    14  strlen.o(.text)
    __aeabi_l2d                              0x60002707   Thumb Code    40  dfltl.o(.text)
    __aeabi_d2lz                             0x6000272f   Thumb Code    74  dfixl.o(.text)
    __aeabi_llsl                             0x60002779   Thumb Code    30  llshl.o(.text)
    _ll_shift_l                              0x60002779   Thumb Code     0  llshl.o(.text)
    __aeabi_llsr                             0x60002797   Thumb Code    32  llushr.o(.text)
    _ll_ushift_r                             0x60002797   Thumb Code     0  llushr.o(.text)
    __I$use$fp                               0x600027b7   Thumb Code     0  iusefp.o(.text)
    _double_round                            0x600027b7   Thumb Code    30  depilogue.o(.text)
    _double_epilogue                         0x600027d5   Thumb Code   156  depilogue.o(.text)
    __ARM_scalbn                             0x60002871   Thumb Code    46  dscalb.o(.text)
    scalbn                                   0x60002871   Thumb Code     0  dscalb.o(.text)
    __scatterload                            0x600028a1   Thumb Code    28  init.o(.text)
    __scatterload_rt2                        0x600028a1   Thumb Code     0  init.o(.text)
    BOARD_BootClockRUN                       0x600028c5   Thumb Code   598  clock_config.o(i.BOARD_BootClockRUN)
    BOARD_ConfigMPU                          0x60002bb9   Thumb Code   390  board.o(i.BOARD_ConfigMPU)
    BOARD_DebugConsoleSrcFreq                0x60002d6d   Thumb Code    92  board.o(i.BOARD_DebugConsoleSrcFreq)
    BOARD_InitDebugConsole                   0x60002de5   Thumb Code    24  board.o(i.BOARD_InitDebugConsole)
    BOARD_InitPins                           0x60002e01   Thumb Code   104  pin_mux.o(i.BOARD_InitPins)
    Board_Config                             0x60002e71   Thumb Code    20  main.o(i.Board_Config)
    CLOCK_GetFreq                            0x60003101   Thumb Code   344  fsl_clock.o(i.CLOCK_GetFreq)
    CLOCK_GetPllFreq                         0x6000335d   Thumb Code   530  fsl_clock.o(i.CLOCK_GetPllFreq)
    CLOCK_GetSysPfdFreq                      0x60003589   Thumb Code   100  fsl_clock.o(i.CLOCK_GetSysPfdFreq)
    CLOCK_GetUsb1PfdFreq                     0x600035f5   Thumb Code   100  fsl_clock.o(i.CLOCK_GetUsb1PfdFreq)
    CLOCK_InitArmPll                         0x60003661   Thumb Code    30  fsl_clock.o(i.CLOCK_InitArmPll)
    CLOCK_InitSysPll                         0x60003685   Thumb Code    30  fsl_clock.o(i.CLOCK_InitSysPll)
    CLOCK_InitVideoPll                       0x600036a9   Thumb Code   140  fsl_clock.o(i.CLOCK_InitVideoPll)
    DbgConsole_Init                          0x60003e01   Thumb Code    42  fsl_debug_console.o(i.DbgConsole_Init)
    DbgConsole_Printf                        0x60003e89   Thumb Code    60  fsl_debug_console.o(i.DbgConsole_Printf)
    ELCDIF_Reset                             0x60003f8d   Thumb Code    66  fsl_elcdif.o(i.ELCDIF_Reset)
    ELCDIF_RgbModeInit                       0x60003fd1   Thumb Code   208  fsl_elcdif.o(i.ELCDIF_RgbModeInit)
    GPIO_PinInit                             0x60004191   Thumb Code    92  fsl_gpio.o(i.GPIO_PinInit)
    GPIO_PinSetInterruptConfig               0x600041f1   Thumb Code   138  fsl_gpio.o(i.GPIO_PinSetInterruptConfig)
    GPIO_PinWrite                            0x6000427d   Thumb Code    50  fsl_gpio.o(i.GPIO_PinWrite)
    I2C_Init                                 0x600042e1   Thumb Code   154  i2c.o(i.I2C_Init)
    I2C_ReadByte                             0x60004399   Thumb Code    58  i2c.o(i.I2C_ReadByte)
    I2C_WriteByte                            0x600043d9   Thumb Code    58  i2c.o(i.I2C_WriteByte)
    IO_Init                                  0x600044b1   Thumb Code   130  fsl_io.o(i.IO_Init)
    IO_Transfer                              0x6000456d   Thumb Code    64  fsl_io.o(i.IO_Transfer)
    LCDIF_IRQHandler                         0x600045b1   Thumb Code    52  bsp_lcd.o(i.LCDIF_IRQHandler)
    LCD_BackLight_ON                         0x600045f5   Thumb Code    20  bsp_lcd.o(i.LCD_BackLight_ON)
    LCD_Clear                                0x60004611   Thumb Code    40  bsp_lcd.o(i.LCD_Clear)
    LCD_DisplayChar                          0x6000463d   Thumb Code   252  bsp_lcd.o(i.LCD_DisplayChar)
    LCD_DisplayStringLine                    0x60004749   Thumb Code    76  bsp_lcd.o(i.LCD_DisplayStringLine)
    LCD_GetFont                              0x600047c9   Thumb Code     6  bsp_lcd.o(i.LCD_GetFont)
    LCD_Init                                 0x60004c01   Thumb Code    32  bsp_lcd.o(i.LCD_Init)
    LCD_InitClock                            0x60004c21   Thumb Code    42  bsp_lcd.o(i.LCD_InitClock)
    LCD_InterruptConfig                      0x60004c5d   Thumb Code    56  bsp_lcd.o(i.LCD_InterruptConfig)
    LCD_SetColors                            0x60004c9d   Thumb Code    10  bsp_lcd.o(i.LCD_SetColors)
    LCD_SetFont                              0x60004cb1   Thumb Code     6  bsp_lcd.o(i.LCD_SetFont)
    LOG_Init                                 0x60004cbd   Thumb Code    36  fsl_log.o(i.LOG_Init)
    LOG_Pop                                  0x60004ce1   Thumb Code    34  fsl_log.o(i.LOG_Pop)
    LOG_Push                                 0x60004d05   Thumb Code    32  fsl_log.o(i.LOG_Push)
    LPI2C1_DriverIRQHandler                  0x60004d59   Thumb Code    12  fsl_lpi2c.o(i.LPI2C1_DriverIRQHandler)
    LPI2C2_DriverIRQHandler                  0x60004d69   Thumb Code    12  fsl_lpi2c.o(i.LPI2C2_DriverIRQHandler)
    LPI2C3_DriverIRQHandler                  0x60004d79   Thumb Code    12  fsl_lpi2c.o(i.LPI2C3_DriverIRQHandler)
    LPI2C_CheckForBusyBus                    0x60004d89   Thumb Code    34  fsl_lpi2c.o(i.LPI2C_CheckForBusyBus)
    LPI2C_GetInstance                        0x60004e41   Thumb Code    38  fsl_lpi2c.o(i.LPI2C_GetInstance)
    LPI2C_MasterCheckAndClearError           0x60004e99   Thumb Code    98  fsl_lpi2c.o(i.LPI2C_MasterCheckAndClearError)
    LPI2C_MasterGetDefaultConfig             0x60004f39   Thumb Code    44  fsl_lpi2c.o(i.LPI2C_MasterGetDefaultConfig)
    LPI2C_MasterInit                         0x60004f85   Thumb Code   302  fsl_lpi2c.o(i.LPI2C_MasterInit)
    LPI2C_MasterReceive                      0x600050bd   Thumb Code   118  fsl_lpi2c.o(i.LPI2C_MasterReceive)
    LPI2C_MasterSend                         0x6000516d   Thumb Code    70  fsl_lpi2c.o(i.LPI2C_MasterSend)
    LPI2C_MasterSetBaudRate                  0x600051e1   Thumb Code   286  fsl_lpi2c.o(i.LPI2C_MasterSetBaudRate)
    LPI2C_MasterStop                         0x60005305   Thumb Code    74  fsl_lpi2c.o(i.LPI2C_MasterStop)
    LPI2C_MasterTransferBlocking             0x60005351   Thumb Code   312  fsl_lpi2c.o(i.LPI2C_MasterTransferBlocking)
    LPUART1_DriverIRQHandler                 0x60005531   Thumb Code    16  fsl_lpuart.o(i.LPUART1_DriverIRQHandler)
    LPUART2_DriverIRQHandler                 0x6000554d   Thumb Code    16  fsl_lpuart.o(i.LPUART2_DriverIRQHandler)
    LPUART3_DriverIRQHandler                 0x60005569   Thumb Code    16  fsl_lpuart.o(i.LPUART3_DriverIRQHandler)
    LPUART4_DriverIRQHandler                 0x60005585   Thumb Code    16  fsl_lpuart.o(i.LPUART4_DriverIRQHandler)
    LPUART5_DriverIRQHandler                 0x600055a1   Thumb Code    16  fsl_lpuart.o(i.LPUART5_DriverIRQHandler)
    LPUART6_DriverIRQHandler                 0x600055bd   Thumb Code    16  fsl_lpuart.o(i.LPUART6_DriverIRQHandler)
    LPUART7_DriverIRQHandler                 0x600055d9   Thumb Code    16  fsl_lpuart.o(i.LPUART7_DriverIRQHandler)
    LPUART8_DriverIRQHandler                 0x600055f5   Thumb Code    16  fsl_lpuart.o(i.LPUART8_DriverIRQHandler)
    LPUART_ClearStatusFlags                  0x60005611   Thumb Code    82  fsl_lpuart.o(i.LPUART_ClearStatusFlags)
    LPUART_GetDefaultConfig                  0x60005669   Thumb Code    58  fsl_lpuart.o(i.LPUART_GetDefaultConfig)
    LPUART_GetInstance                       0x600056d5   Thumb Code    48  fsl_lpuart.o(i.LPUART_GetInstance)
    LPUART_GetStatusFlags                    0x60005759   Thumb Code    16  fsl_lpuart.o(i.LPUART_GetStatusFlags)
    LPUART_Init                              0x60005769   Thumb Code   548  fsl_lpuart.o(i.LPUART_Init)
    LPUART_ReadBlocking                      0x60005a5d   Thumb Code   210  fsl_lpuart.o(i.LPUART_ReadBlocking)
    LPUART_WriteBlocking                     0x60005b61   Thumb Code    54  fsl_lpuart.o(i.LPUART_WriteBlocking)
    PIT_IRQHandler                           0x60005be9   Thumb Code    58  pit.o(i.PIT_IRQHandler)
    Print_Log                                0x60005c49   Thumb Code   138  main.o(i.Print_Log)
    StrFormatPrintf                          0x60006089   Thumb Code  1576  fsl_str.o(i.StrFormatPrintf)
    SysTick_Handler                          0x600066b1   Thumb Code    12  systick.o(i.SysTick_Handler)
    SystemInit                               0x600066c1   Thumb Code   158  system_mimxrt1052.o(i.SystemInit)
    SystemInitHook                           0x60006775   Thumb Code     2  system_mimxrt1052.o(i.SystemInitHook)
    __ARM_fpclassify                         0x60006777   Thumb Code    48  fpclassify.o(i.__ARM_fpclassify)
    __aeabi_assert                           0x600067a9   Thumb Code    24  fsl_assert.o(i.__aeabi_assert)
    __hardfp_modf                            0x600067ed   Thumb Code   186  modf.o(i.__hardfp_modf)
    __hardfp_pow                             0x600068b1   Thumb Code  2140  pow.o(i.__hardfp_pow)
    __kernel_poly                            0x600071a9   Thumb Code   112  poly.o(i.__kernel_poly)
    __mathlib_dbl_divzero                    0x60007219   Thumb Code    14  dunder.o(i.__mathlib_dbl_divzero)
    __mathlib_dbl_infnan2                    0x60007239   Thumb Code     6  dunder.o(i.__mathlib_dbl_infnan2)
    __mathlib_dbl_invalid                    0x60007241   Thumb Code    10  dunder.o(i.__mathlib_dbl_invalid)
    __mathlib_dbl_overflow                   0x60007259   Thumb Code    10  dunder.o(i.__mathlib_dbl_overflow)
    __mathlib_dbl_underflow                  0x60007271   Thumb Code    10  dunder.o(i.__mathlib_dbl_underflow)
    __scatterload_copy                       0x60007289   Thumb Code    14  handlers.o(i.__scatterload_copy)
    __scatterload_null                       0x60007297   Thumb Code     2  handlers.o(i.__scatterload_null)
    __scatterload_zeroinit                   0x60007299   Thumb Code    14  handlers.o(i.__scatterload_zeroinit)
    __set_errno                              0x600072a9   Thumb Code     6  errno.o(i.__set_errno)
    fabs                                     0x600072b5   Thumb Code    24  fabs.o(i.fabs)
    key_init                                 0x600072cd   Thumb Code    70  key.o(i.key_init)
    led_init                                 0x60007435   Thumb Code    16  led.o(i.led_init)
    main                                     0x60007445   Thumb Code   274  main.o(i.main)
    sqrt                                     0x600075fd   Thumb Code   106  sqrt.o(i.sqrt)
    armPllConfig_BOARD_BootClockRUN          0x60007714   Data           4  clock_config.o(.constdata)
    sysPllConfig_BOARD_BootClockRUN          0x60007718   Data          12  clock_config.o(.constdata)
    usb1PllConfig_BOARD_BootClockRUN         0x60007724   Data           1  clock_config.o(.constdata)
    ASCII8x16_Table                          0x6000774f   Data        1520  fonts.o(.constdata)
    ASCII16x32_Table                         0x60007d3f   Data        6080  fonts.o(.constdata)
    ASCII24x48_Table                         0x600094ff   Data       13680  fonts.o(.constdata)
    __mathlib_zero                           0x6000caf8   Data           8  qnan.o(.constdata)
    Region$$Table$$Base                      0x6000cb00   Number         0  anon$$obj.o(Region$$Table)
    Region$$Table$$Limit                     0x6000cb30   Number         0  anon$$obj.o(Region$$Table)
    SystemCoreClock                          0x80000000   Data           4  system_mimxrt1052.o(.data)
    g_xtalFreq                               0x80000004   Data           4  fsl_clock.o(.data)
    g_rtcXtalFreq                            0x80000008   Data           4  fsl_clock.o(.data)
    s_pixelFormatReg                         0x80000018   Data          40  fsl_elcdif.o(.data)
    TimeTick                                 0x80000048   Data           4  systick.o(.data)
    s_frameDone                              0x8000004c   Data           1  bsp_lcd.o(.data)
    s_frame_count                            0x80000050   Data           4  bsp_lcd.o(.data)
    Font8x16                                 0x80000060   Data           8  fonts.o(.data)
    Font16x32                                0x80000068   Data           8  fonts.o(.data)
    Font24x48                                0x80000070   Data           8  fonts.o(.data)
    Image$$ARM_LIB_HEAP$$ZI$$Base            0x800000c0   Number         0  anon$$obj.o ABSOLUTE
    Image$$ARM_LIB_HEAP$$ZI$$Limit           0x800004c0   Number         0  anon$$obj.o ABSOLUTE
    Image$$ARM_LIB_STACK$$ZI$$Limit          0x81e00000   Number         0  anon$$obj.o ABSOLUTE
    s_psBufferLcd                            0x81e00000   Data       1536000  bsp_lcd.o(NonCacheable)



==============================================================================

Memory Map of the image

  Image Entry point : 0x60002401

  Load Region LR_m_rom_config (Base: 0x60000000, Size: 0x00000200, Max: 0x00001000, ABSOLUTE)

    Execution Region RW_m_config_text (Exec base: 0x60000000, Load base: 0x60000000, Size: 0x00000200, Max: 0x00001000, ABSOLUTE)

    Exec Addr    Load Addr    Size         Type   Attr      Idx    E Section Name        Object

    0x60000000   0x60000000   0x00000200   Data   RO         2557    .boot_hdr.conf      fire_imxrt1052_spiflash_config.o



  Load Region LR_m_rom_ivt (Base: 0x60001000, Size: 0x00000460, Max: 0x00001000, ABSOLUTE)

    Execution Region RW_m_ivt_text (Exec base: 0x60001000, Load base: 0x60001000, Size: 0x00000460, Max: 0x00001000, ABSOLUTE)

    Exec Addr    Load Addr    Size         Type   Attr      Idx    E Section Name        Object

    0x60001000   0x60001000   0x00000020   Data   RO         2582    .boot_hdr.ivt       fsl_flexspi_nor_boot.o
    0x60001020   0x60001020   0x00000010   Data   RO         2581    .boot_hdr.boot_data  fsl_flexspi_nor_boot.o
    0x60001030   0x60001030   0x00000430   Data   RO         2542    .boot_hdr.dcd_data  fire_imxrt1052_sdram_ini_dcd.o



  Load Region LR_m_text (Base: 0x60002000, Size: 0x0000abac, Max: 0x63fffc00, ABSOLUTE)

    Execution Region VECTOR_ROM (Exec base: 0x60002000, Load base: 0x60002000, Size: 0x00000400, Max: 0x00000400, ABSOLUTE)

    Exec Addr    Load Addr    Size         Type   Attr      Idx    E Section Name        Object

    0x60002000   0x60002000   0x00000400   Data   RO           86    RESET               startup_mimxrt1052.o


    Execution Region ER_m_text (Exec base: 0x60002400, Load base: 0x60002400, Size: 0x0000a730, Max: 0x03ffdc00, ABSOLUTE)

    Exec Addr    Load Addr    Size         Type   Attr      Idx    E Section Name        Object

    0x60002400   0x60002400   0x00000000   Code   RO         2630  * .ARM.Collect$$$$00000000  mc_w.l(entry.o)
    0x60002400   0x60002400   0x00000004   Code   RO         2718    .ARM.Collect$$$$00000003  mc_w.l(entry4.o)
    0x60002404   0x60002404   0x00000004   Code   RO         2721    .ARM.Collect$$$$00000004  mc_w.l(entry5.o)
    0x60002408   0x60002408   0x00000000   Code   RO         2723    .ARM.Collect$$$$00000008  mc_w.l(entry7b.o)
    0x60002408   0x60002408   0x00000000   Code   RO         2725    .ARM.Collect$$$$0000000A  mc_w.l(entry8b.o)
    0x60002408   0x60002408   0x00000008   Code   RO         2726    .ARM.Collect$$$$0000000B  mc_w.l(entry9a.o)
    0x60002410   0x60002410   0x00000000   Code   RO         2728    .ARM.Collect$$$$0000000D  mc_w.l(entry10a.o)
    0x60002410   0x60002410   0x00000000   Code   RO         2730    .ARM.Collect$$$$0000000F  mc_w.l(entry11a.o)
    0x60002410   0x60002410   0x00000004   Code   RO         2719    .ARM.Collect$$$$00002714  mc_w.l(entry4.o)
    0x60002414   0x60002414   0x000001bc   Code   RO           87    .text               startup_mimxrt1052.o
    0x600025d0   0x600025d0   0x00000062   Code   RO         2633    .text               mc_w.l(uldiv.o)
    0x60002632   0x60002632   0x00000062   Code   RO         2635    .text               mc_w.l(ldiv.o)
    0x60002694   0x60002694   0x00000040   Code   RO         2639    .text               mc_w.l(memmovea.o)
    0x600026d4   0x600026d4   0x00000024   Code   RO         2641    .text               mc_w.l(memseta.o)
    0x600026f8   0x600026f8   0x0000000e   Code   RO         2643    .text               mc_w.l(strlen.o)
    0x60002706   0x60002706   0x00000028   Code   RO         2677    .text               mf_w.l(dfltl.o)
    0x6000272e   0x6000272e   0x0000004a   Code   RO         2679    .text               mf_w.l(dfixl.o)
    0x60002778   0x60002778   0x0000001e   Code   RO         2732    .text               mc_w.l(llshl.o)
    0x60002796   0x60002796   0x00000020   Code   RO         2734    .text               mc_w.l(llushr.o)
    0x600027b6   0x600027b6   0x00000000   Code   RO         2747    .text               mc_w.l(iusefp.o)
    0x600027b6   0x600027b6   0x000000ba   Code   RO         2748    .text               mf_w.l(depilogue.o)
    0x60002870   0x60002870   0x0000002e   Code   RO         2750    .text               mf_w.l(dscalb.o)
    0x6000289e   0x6000289e   0x00000002   PAD
    0x600028a0   0x600028a0   0x00000024   Code   RO         2752    .text               mc_w.l(init.o)
    0x600028c4   0x600028c4   0x000002f4   Code   RO         1818    i.BOARD_BootClockRUN  clock_config.o
    0x60002bb8   0x60002bb8   0x000001b4   Code   RO         1744    i.BOARD_ConfigMPU   board.o
    0x60002d6c   0x60002d6c   0x00000078   Code   RO         1745    i.BOARD_DebugConsoleSrcFreq  board.o
    0x60002de4   0x60002de4   0x0000001c   Code   RO         1746    i.BOARD_InitDebugConsole  board.o
    0x60002e00   0x60002e00   0x00000070   Code   RO         1870    i.BOARD_InitPins    pin_mux.o
    0x60002e70   0x60002e70   0x00000014   Code   RO         2501    i.Board_Config      main.o
    0x60002e84   0x60002e84   0x00000070   Code   RO          449    i.CLOCK_ControlGate  fsl_lpuart.o
    0x60002ef4   0x60002ef4   0x00000070   Code   RO          779    i.CLOCK_ControlGate  fsl_lpi2c.o
    0x60002f64   0x60002f64   0x00000070   Code   RO         1223    i.CLOCK_ControlGate  fsl_elcdif.o
    0x60002fd4   0x60002fd4   0x00000078   Code   RO          394    i.CLOCK_EnableClock  fsl_gpio.o
    0x6000304c   0x6000304c   0x0000000e   Code   RO          781    i.CLOCK_EnableClock  fsl_lpi2c.o
    0x6000305a   0x6000305a   0x0000000e   Code   RO         1225    i.CLOCK_EnableClock  fsl_elcdif.o
    0x60003068   0x60003068   0x00000078   Code   RO         1871    i.CLOCK_EnableClock  pin_mux.o
    0x600030e0   0x600030e0   0x00000020   Code   RO         1747    i.CLOCK_GetDiv      board.o
    0x60003100   0x60003100   0x00000174   Code   RO          111    i.CLOCK_GetFreq     fsl_clock.o
    0x60003274   0x60003274   0x00000020   Code   RO          112    i.CLOCK_GetOscFreq  fsl_clock.o
    0x60003294   0x60003294   0x000000c8   Code   RO          113    i.CLOCK_GetPeriphClkFreq  fsl_clock.o
    0x6000335c   0x6000335c   0x0000022c   Code   RO          114    i.CLOCK_GetPllFreq  fsl_clock.o
    0x60003588   0x60003588   0x0000006c   Code   RO          115    i.CLOCK_GetSysPfdFreq  fsl_clock.o
    0x600035f4   0x600035f4   0x0000006c   Code   RO          116    i.CLOCK_GetUsb1PfdFreq  fsl_clock.o
    0x60003660   0x60003660   0x00000024   Code   RO          117    i.CLOCK_InitArmPll  fsl_clock.o
    0x60003684   0x60003684   0x00000024   Code   RO          123    i.CLOCK_InitSysPll  fsl_clock.o
    0x600036a8   0x600036a8   0x00000090   Code   RO          127    i.CLOCK_InitVideoPll  fsl_clock.o
    0x60003738   0x60003738   0x000000ac   Code   RO         1820    i.CLOCK_SetDiv      clock_config.o
    0x600037e4   0x600037e4   0x00000070   Code   RO         2187    i.CLOCK_SetDiv      i2c.o
    0x60003854   0x60003854   0x000000ac   Code   RO         2261    i.CLOCK_SetDiv      bsp_lcd.o
    0x60003900   0x60003900   0x000000ac   Code   RO         1821    i.CLOCK_SetMux      clock_config.o
    0x600039ac   0x600039ac   0x000000ac   Code   RO         2188    i.CLOCK_SetMux      i2c.o
    0x60003a58   0x60003a58   0x000000ac   Code   RO         2262    i.CLOCK_SetMux      bsp_lcd.o
    0x60003b04   0x60003b04   0x000001ae   Code   RO         1572    i.ConvertFloatRadixNumToString  fsl_str.o
    0x60003cb2   0x60003cb2   0x0000014c   Code   RO         1573    i.ConvertRadixNumToString  fsl_str.o
    0x60003dfe   0x60003dfe   0x00000002   PAD
    0x60003e00   0x60003e00   0x00000088   Code   RO         1473    i.DbgConsole_Init   fsl_debug_console.o
    0x60003e88   0x60003e88   0x00000040   Code   RO         1474    i.DbgConsole_Printf  fsl_debug_console.o
    0x60003ec8   0x60003ec8   0x0000003e   Code   RO         1476    i.DbgConsole_RelocateLog  fsl_debug_console.o
    0x60003f06   0x60003f06   0x00000002   PAD
    0x60003f08   0x60003f08   0x00000084   Code   RO         1227    i.ELCDIF_GetInstance  fsl_elcdif.o
    0x60003f8c   0x60003f8c   0x00000042   Code   RO         1228    i.ELCDIF_Reset      fsl_elcdif.o
    0x60003fce   0x60003fce   0x00000002   PAD
    0x60003fd0   0x60003fd0   0x00000144   Code   RO         1230    i.ELCDIF_RgbModeInit  fsl_elcdif.o
    0x60004114   0x60004114   0x0000007c   Code   RO          395    i.GPIO_GetInstance  fsl_gpio.o
    0x60004190   0x60004190   0x00000060   Code   RO          396    i.GPIO_PinInit      fsl_gpio.o
    0x600041f0   0x600041f0   0x0000008a   Code   RO          397    i.GPIO_PinSetInterruptConfig  fsl_gpio.o
    0x6000427a   0x6000427a   0x00000002   PAD
    0x6000427c   0x6000427c   0x00000064   Code   RO          398    i.GPIO_PinWrite     fsl_gpio.o
    0x600042e0   0x600042e0   0x000000b8   Code   RO         2189    i.I2C_Init          i2c.o
    0x60004398   0x60004398   0x00000040   Code   RO         2191    i.I2C_ReadByte      i2c.o
    0x600043d8   0x600043d8   0x00000040   Code   RO         2193    i.I2C_WriteByte     i2c.o
    0x60004418   0x60004418   0x0000000c   Code   RO         1872    i.IOMUXC_SetPinConfig  pin_mux.o
    0x60004424   0x60004424   0x0000000c   Code   RO         1991    i.IOMUXC_SetPinConfig  led.o
    0x60004430   0x60004430   0x0000000c   Code   RO         2194    i.IOMUXC_SetPinConfig  i2c.o
    0x6000443c   0x6000443c   0x0000000c   Code   RO         2263    i.IOMUXC_SetPinConfig  bsp_lcd.o
    0x60004448   0x60004448   0x0000001a   Code   RO         1873    i.IOMUXC_SetPinMux  pin_mux.o
    0x60004462   0x60004462   0x0000001a   Code   RO         1992    i.IOMUXC_SetPinMux  led.o
    0x6000447c   0x6000447c   0x0000001a   Code   RO         2195    i.IOMUXC_SetPinMux  i2c.o
    0x60004496   0x60004496   0x0000001a   Code   RO         2264    i.IOMUXC_SetPinMux  bsp_lcd.o
    0x600044b0   0x600044b0   0x000000bc   Code   RO         1695    i.IO_Init           fsl_io.o
    0x6000456c   0x6000456c   0x00000044   Code   RO         1696    i.IO_Transfer       fsl_io.o
    0x600045b0   0x600045b0   0x00000044   Code   RO         2265    i.LCDIF_IRQHandler  bsp_lcd.o
    0x600045f4   0x600045f4   0x0000001c   Code   RO         2266    i.LCD_BackLight_ON  bsp_lcd.o
    0x60004610   0x60004610   0x0000002c   Code   RO         2267    i.LCD_Clear         bsp_lcd.o
    0x6000463c   0x6000463c   0x0000010c   Code   RO         2270    i.LCD_DisplayChar   bsp_lcd.o
    0x60004748   0x60004748   0x00000050   Code   RO         2271    i.LCD_DisplayStringLine  bsp_lcd.o
    0x60004798   0x60004798   0x00000030   Code   RO         2278    i.LCD_ELCDIF_Config  bsp_lcd.o
    0x600047c8   0x600047c8   0x0000000c   Code   RO         2280    i.LCD_GetFont       bsp_lcd.o
    0x600047d4   0x600047d4   0x00000200   Code   RO         2281    i.LCD_IOMUXC_MUX_Config  bsp_lcd.o
    0x600049d4   0x600049d4   0x0000022c   Code   RO         2282    i.LCD_IOMUXC_PAD_Config  bsp_lcd.o
    0x60004c00   0x60004c00   0x00000020   Code   RO         2283    i.LCD_Init          bsp_lcd.o
    0x60004c20   0x60004c20   0x0000003c   Code   RO         2284    i.LCD_InitClock     bsp_lcd.o
    0x60004c5c   0x60004c5c   0x00000040   Code   RO         2285    i.LCD_InterruptConfig  bsp_lcd.o
    0x60004c9c   0x60004c9c   0x00000014   Code   RO         2287    i.LCD_SetColors     bsp_lcd.o
    0x60004cb0   0x60004cb0   0x0000000c   Code   RO         2290    i.LCD_SetFont       bsp_lcd.o
    0x60004cbc   0x60004cbc   0x00000024   Code   RO         1627    i.LOG_Init          fsl_log.o
    0x60004ce0   0x60004ce0   0x00000022   Code   RO         1628    i.LOG_Pop           fsl_log.o
    0x60004d02   0x60004d02   0x00000002   PAD
    0x60004d04   0x60004d04   0x00000054   Code   RO         1629    i.LOG_Push          fsl_log.o
    0x60004d58   0x60004d58   0x00000010   Code   RO          783    i.LPI2C1_DriverIRQHandler  fsl_lpi2c.o
    0x60004d68   0x60004d68   0x00000010   Code   RO          784    i.LPI2C2_DriverIRQHandler  fsl_lpi2c.o
    0x60004d78   0x60004d78   0x00000010   Code   RO          785    i.LPI2C3_DriverIRQHandler  fsl_lpi2c.o
    0x60004d88   0x60004d88   0x00000022   Code   RO          786    i.LPI2C_CheckForBusyBus  fsl_lpi2c.o
    0x60004daa   0x60004daa   0x00000002   PAD
    0x60004dac   0x60004dac   0x00000054   Code   RO          787    i.LPI2C_CommonIRQHandler  fsl_lpi2c.o
    0x60004e00   0x60004e00   0x00000040   Code   RO          788    i.LPI2C_GetCyclesForWidth  fsl_lpi2c.o
    0x60004e40   0x60004e40   0x00000058   Code   RO          789    i.LPI2C_GetInstance  fsl_lpi2c.o
    0x60004e98   0x60004e98   0x00000090   Code   RO          791    i.LPI2C_MasterCheckAndClearError  fsl_lpi2c.o
    0x60004f28   0x60004f28   0x00000004   Code   RO          792    i.LPI2C_MasterClearStatusFlags  fsl_lpi2c.o
    0x60004f2c   0x60004f2c   0x0000000a   Code   RO          796    i.LPI2C_MasterEnable  fsl_lpi2c.o
    0x60004f36   0x60004f36   0x00000002   PAD
    0x60004f38   0x60004f38   0x00000030   Code   RO          798    i.LPI2C_MasterGetDefaultConfig  fsl_lpi2c.o
    0x60004f68   0x60004f68   0x00000016   Code   RO          799    i.LPI2C_MasterGetFifoCounts  fsl_lpi2c.o
    0x60004f7e   0x60004f7e   0x00000006   Code   RO          800    i.LPI2C_MasterGetStatusFlags  fsl_lpi2c.o
    0x60004f84   0x60004f84   0x00000138   Code   RO          801    i.LPI2C_MasterInit  fsl_lpi2c.o
    0x600050bc   0x600050bc   0x000000a4   Code   RO          802    i.LPI2C_MasterReceive  fsl_lpi2c.o
    0x60005160   0x60005160   0x0000000a   Code   RO          803    i.LPI2C_MasterReset  fsl_lpi2c.o
    0x6000516a   0x6000516a   0x00000002   PAD
    0x6000516c   0x6000516c   0x00000074   Code   RO          804    i.LPI2C_MasterSend  fsl_lpi2c.o
    0x600051e0   0x600051e0   0x00000124   Code   RO          805    i.LPI2C_MasterSetBaudRate  fsl_lpi2c.o
    0x60005304   0x60005304   0x0000004a   Code   RO          807    i.LPI2C_MasterStop  fsl_lpi2c.o
    0x6000534e   0x6000534e   0x00000002   PAD
    0x60005350   0x60005350   0x000001a4   Code   RO          809    i.LPI2C_MasterTransferBlocking  fsl_lpi2c.o
    0x600054f4   0x600054f4   0x0000003a   Code   RO          814    i.LPI2C_MasterWaitForTxReady  fsl_lpi2c.o
    0x6000552e   0x6000552e   0x00000002   PAD
    0x60005530   0x60005530   0x0000001c   Code   RO          450    i.LPUART1_DriverIRQHandler  fsl_lpuart.o
    0x6000554c   0x6000554c   0x0000001c   Code   RO          451    i.LPUART2_DriverIRQHandler  fsl_lpuart.o
    0x60005568   0x60005568   0x0000001c   Code   RO          452    i.LPUART3_DriverIRQHandler  fsl_lpuart.o
    0x60005584   0x60005584   0x0000001c   Code   RO          453    i.LPUART4_DriverIRQHandler  fsl_lpuart.o
    0x600055a0   0x600055a0   0x0000001c   Code   RO          454    i.LPUART5_DriverIRQHandler  fsl_lpuart.o
    0x600055bc   0x600055bc   0x0000001c   Code   RO          455    i.LPUART6_DriverIRQHandler  fsl_lpuart.o
    0x600055d8   0x600055d8   0x0000001c   Code   RO          456    i.LPUART7_DriverIRQHandler  fsl_lpuart.o
    0x600055f4   0x600055f4   0x0000001c   Code   RO          457    i.LPUART8_DriverIRQHandler  fsl_lpuart.o
    0x60005610   0x60005610   0x00000058   Code   RO          458    i.LPUART_ClearStatusFlags  fsl_lpuart.o
    0x60005668   0x60005668   0x0000006c   Code   RO          462    i.LPUART_GetDefaultConfig  fsl_lpuart.o
    0x600056d4   0x600056d4   0x00000084   Code   RO          464    i.LPUART_GetInstance  fsl_lpuart.o
    0x60005758   0x60005758   0x00000010   Code   RO          465    i.LPUART_GetStatusFlags  fsl_lpuart.o
    0x60005768   0x60005768   0x000002f4   Code   RO          466    i.LPUART_Init       fsl_lpuart.o
    0x60005a5c   0x60005a5c   0x00000104   Code   RO          467    i.LPUART_ReadBlocking  fsl_lpuart.o
    0x60005b60   0x60005b60   0x00000068   Code   RO          483    i.LPUART_WriteBlocking  fsl_lpuart.o
    0x60005bc8   0x60005bc8   0x0000000c   Code   RO         1922    i.PIT_ClearStatusFlags  pit.o
    0x60005bd4   0x60005bd4   0x00000012   Code   RO         1923    i.PIT_GetStatusFlags  pit.o
    0x60005be6   0x60005be6   0x00000002   PAD
    0x60005be8   0x60005be8   0x00000060   Code   RO         1924    i.PIT_IRQHandler    pit.o
    0x60005c48   0x60005c48   0x00000170   Code   RO         2502    i.Print_Log         main.o
    0x60005db8   0x60005db8   0x000000a0   Code   RO         1748    i.SCB_DisableDCache  board.o
    0x60005e58   0x60005e58   0x0000009c   Code   RO            6    i.SCB_EnableDCache  system_mimxrt1052.o
    0x60005ef4   0x60005ef4   0x0000009c   Code   RO         1749    i.SCB_EnableDCache  board.o
    0x60005f90   0x60005f90   0x0000007c   Code   RO            7    i.SCB_EnableICache  system_mimxrt1052.o
    0x6000600c   0x6000600c   0x0000007c   Code   RO         1750    i.SCB_EnableICache  board.o
    0x60006088   0x60006088   0x00000628   Code   RO         1575    i.StrFormatPrintf   fsl_str.o
    0x600066b0   0x600066b0   0x00000010   Code   RO         2114    i.SysTick_Handler   systick.o
    0x600066c0   0x600066c0   0x000000b4   Code   RO            9    i.SystemInit        system_mimxrt1052.o
    0x60006774   0x60006774   0x00000002   Code   RO           10    i.SystemInitHook    system_mimxrt1052.o
    0x60006776   0x60006776   0x00000030   Code   RO         2701    i.__ARM_fpclassify  m_wv.l(fpclassify.o)
    0x600067a6   0x600067a6   0x00000002   PAD
    0x600067a8   0x600067a8   0x00000044   Code   RO         1304    i.__aeabi_assert    fsl_assert.o
    0x600067ec   0x600067ec   0x000000c0   Code   RO         2604    i.__hardfp_modf     m_wv.l(modf.o)
    0x600068ac   0x600068ac   0x00000004   PAD
    0x600068b0   0x600068b0   0x000008f8   Code   RO         2610    i.__hardfp_pow      m_wv.l(pow.o)
    0x600071a8   0x600071a8   0x00000070   Code   RO         2703    i.__kernel_poly     m_wv.l(poly.o)
    0x60007218   0x60007218   0x00000020   Code   RO         2681    i.__mathlib_dbl_divzero  m_wv.l(dunder.o)
    0x60007238   0x60007238   0x00000006   Code   RO         2683    i.__mathlib_dbl_infnan2  m_wv.l(dunder.o)
    0x6000723e   0x6000723e   0x00000002   PAD
    0x60007240   0x60007240   0x00000018   Code   RO         2684    i.__mathlib_dbl_invalid  m_wv.l(dunder.o)
    0x60007258   0x60007258   0x00000018   Code   RO         2685    i.__mathlib_dbl_overflow  m_wv.l(dunder.o)
    0x60007270   0x60007270   0x00000018   Code   RO         2687    i.__mathlib_dbl_underflow  m_wv.l(dunder.o)
    0x60007288   0x60007288   0x0000000e   Code   RO         2777    i.__scatterload_copy  mc_w.l(handlers.o)
    0x60007296   0x60007296   0x00000002   Code   RO         2778    i.__scatterload_null  mc_w.l(handlers.o)
    0x60007298   0x60007298   0x0000000e   Code   RO         2779    i.__scatterload_zeroinit  mc_w.l(handlers.o)
    0x600072a6   0x600072a6   0x00000002   PAD
    0x600072a8   0x600072a8   0x0000000c   Code   RO         2740    i.__set_errno       mc_w.l(errno.o)
    0x600072b4   0x600072b4   0x00000018   Code   RO         2697    i.fabs              m_wv.l(fabs.o)
    0x600072cc   0x600072cc   0x00000054   Code   RO         2063    i.key_init          key.o
    0x60007320   0x60007320   0x00000044   Code   RO         1993    i.led_gpio_mode_config  led.o
    0x60007364   0x60007364   0x00000068   Code   RO         1994    i.led_gpio_mux_config  led.o
    0x600073cc   0x600073cc   0x00000068   Code   RO         1995    i.led_gpio_pad_config  led.o
    0x60007434   0x60007434   0x00000010   Code   RO         1996    i.led_init          led.o
    0x60007444   0x60007444   0x000001b8   Code   RO         2503    i.main              main.o
    0x600075fc   0x600075fc   0x0000006a   Code   RO         2708    i.sqrt              m_wv.l(sqrt.o)
    0x60007666   0x60007666   0x00000002   PAD
    0x60007668   0x60007668   0x00000010   Data   RO          129    .constdata          fsl_clock.o
    0x60007678   0x60007678   0x00000024   Data   RO          399    .constdata          fsl_gpio.o
    0x6000769c   0x6000769c   0x00000048   Data   RO          486    .constdata          fsl_lpuart.o
    0x600076e4   0x600076e4   0x00000028   Data   RO          832    .constdata          fsl_lpi2c.o
    0x6000770c   0x6000770c   0x00000008   Data   RO         1233    .constdata          fsl_elcdif.o
    0x60007714   0x60007714   0x00000011   Data   RO         1822    .constdata          clock_config.o
    0x60007725   0x60007725   0x00000003   PAD
    0x60007728   0x60007728   0x00000027   Data   RO         2294    .constdata          bsp_lcd.o
    0x6000774f   0x6000774f   0x00005320   Data   RO         2485    .constdata          fonts.o
    0x6000ca6f   0x6000ca6f   0x00000001   PAD
    0x6000ca70   0x6000ca70   0x00000088   Data   RO         2613    .constdata          m_wv.l(pow.o)
    0x6000caf8   0x6000caf8   0x00000008   Data   RO         2705    .constdata          m_wv.l(qnan.o)
    0x6000cb00   0x6000cb00   0x00000030   Data   RO         2775    Region$$Table       anon$$obj.o


    Execution Region RW_m_data (Exec base: 0x80000000, Load base: 0x6000cb30, Size: 0x000000c0, Max: 0x01dff800, ABSOLUTE)

    Exec Addr    Load Addr    Size         Type   Attr      Idx    E Section Name        Object

    0x80000000   0x6000cb30   0x00000004   Data   RW           11    .data               system_mimxrt1052.o
    0x80000004   0x6000cb34   0x00000008   Data   RW          130    .data               fsl_clock.o
    0x8000000c   0x6000cb3c   0x00000004   Data   RW          487    .data               fsl_lpuart.o
    0x80000010   0x6000cb40   0x00000008   Data   RW          833    .data               fsl_lpi2c.o
    0x80000018   0x6000cb48   0x00000028   Data   RW         1234    .data               fsl_elcdif.o
    0x80000040   0x6000cb70   0x00000008   Data   RW         1698    .data               fsl_io.o
    0x80000048   0x6000cb78   0x00000004   Data   RW         2117    .data               systick.o
    0x8000004c   0x6000cb7c   0x00000014   Data   RW         2295    .data               bsp_lcd.o
    0x80000060   0x6000cb90   0x00000018   Data   RW         2486    .data               fonts.o
    0x80000078   0x6000cba8   0x00000004   Data   RW         2741    .data               mc_w.l(errno.o)
    0x8000007c        -       0x00000024   Zero   RW          485    .bss                fsl_lpuart.o
    0x800000a0        -       0x00000020   Zero   RW          831    .bss                fsl_lpi2c.o


    Execution Region ARM_LIB_HEAP (Exec base: 0x800000c0, Load base: 0x6000cbac, Size: 0x00000400, Max: 0x00000400, ABSOLUTE)

    Exec Addr    Load Addr    Size         Type   Attr      Idx    E Section Name        Object

    0x800000c0        -       0x00000400   Zero   RW            1    ARM_LIB_HEAP.bss    anon$$obj.o


    Execution Region ARM_LIB_STACK (Exec base: 0x81dffc00, Load base: 0x6000cbac, Size: 0x00000400, Max: 0x00000400, ABSOLUTE)

    Exec Addr    Load Addr    Size         Type   Attr      Idx    E Section Name        Object

    0x81dffc00        -       0x00000400   Zero   RW            2    ARM_LIB_STACK.bss   anon$$obj.o


    Execution Region RW_m_ncache (Exec base: 0x81e00000, Load base: 0x6000cbac, Size: 0x00177000, Max: 0x00200000, ABSOLUTE)

    Exec Addr    Load Addr    Size         Type   Attr      Idx    E Section Name        Object

    0x81e00000        -       0x00177000   Zero   RW         2296    NonCacheable        bsp_lcd.o


==============================================================================

Image component sizes


      Code (inc. data)   RO Data    RW Data    ZI Data      Debug   Object Name

      1056        108          0          0          0      52225   board.o
      2186        270         39         20    1536000      28902   bsp_lcd.o
      1100        302         17          0          0      13231   clock_config.o
         0          0       1072          0          0        599   fire_imxrt1052_sdram_ini_dcd.o
         0          0        512          0          0       5842   fire_imxrt1052_spiflash_config.o
         0          0      21280         24          0       1373   fonts.o
        68         44          0          0          0        673   fsl_assert.o
      1592        134         16          8          0    1374605   fsl_clock.o
       262         98          0          0          0       3486   fsl_debug_console.o
       648        254          8         40          0       7947   fsl_elcdif.o
         0          0         48          0          0       2206   fsl_flexspi_nor_boot.o
       578        188         36          0          0      16443   fsl_gpio.o
       256         62          0          8          0       7224   fsl_io.o
       154         52          0          0          0       3328   fsl_log.o
      2124        404         40          8         32      29346   fsl_lpi2c.o
      1800        596         72          4         36      65390   fsl_lpuart.o
      2338          0          0          0          0       5742   fsl_str.o
       634        124          0          0          0      12198   i2c.o
        84         14          0          0          0      71515   key.o
       330         22          0          0          0       5227   led.o
       828        396          0          0          0      36561   main.o
       270         60          0          0          0      71305   pin_mux.o
       126         38          0          0          0      13324   pit.o
       444        210       1024          0          0       3112   startup_mimxrt1052.o
       462         38          0          4          0    1391267   system_mimxrt1052.o
        16          4          0          4          0       1097   systick.o

    ----------------------------------------------------------------------
     17378       3418      24216        120    1538116    3224168   Object Totals
         0          0         48          0       2048          0   (incl. Generated)
        22          0          4          0          0          0   (incl. Padding)

    ----------------------------------------------------------------------

      Code (inc. data)   RO Data    RW Data    ZI Data      Debug   Library Member Name

       110         60          0          0          0        580   dunder.o
        24          0          0          0          0        124   fabs.o
        48          0          0          0          0        124   fpclassify.o
       192          6          0          0          0        176   modf.o
       112          0          0          0          0        116   poly.o
      2296        304        136          0          0        320   pow.o
         0          0          8          0          0          0   qnan.o
       106          0          0          0          0        140   sqrt.o
         0          0          0          0          0          0   entry.o
         0          0          0          0          0          0   entry10a.o
         0          0          0          0          0          0   entry11a.o
         8          4          0          0          0          0   entry4.o
         4          0          0          0          0          0   entry5.o
         0          0          0          0          0          0   entry7b.o
         0          0          0          0          0          0   entry8b.o
         8          4          0          0          0          0   entry9a.o
        12          6          0          4          0         68   errno.o
        30          0          0          0          0          0   handlers.o
        36          8          0          0          0         68   init.o
         0          0          0          0          0          0   iusefp.o
        98          0          0          0          0         84   ldiv.o
        30          0          0          0          0         68   llshl.o
        32          0          0          0          0         68   llushr.o
        64          0          0          0          0         76   memmovea.o
        36          0          0          0          0        108   memseta.o
        14          0          0          0          0         68   strlen.o
        98          0          0          0          0         92   uldiv.o
       186          0          0          0          0        176   depilogue.o
        74          0          0          0          0         80   dfixl.o
        40          0          0          0          0         80   dfltl.o
        46          0          0          0          0         80   dscalb.o

    ----------------------------------------------------------------------
      3718        396        144          4          0       2696   Library Totals
        14          4          0          0          0          0   (incl. Padding)

    ----------------------------------------------------------------------

      Code (inc. data)   RO Data    RW Data    ZI Data      Debug   Library Name

      2888        370        144          0          0       1580   m_wv.l
       470         22          0          4          0        700   mc_w.l
       346          0          0          0          0        416   mf_w.l

    ----------------------------------------------------------------------
      3718        396        144          4          0       2696   Library Totals

    ----------------------------------------------------------------------

==============================================================================


      Code (inc. data)   RO Data    RW Data    ZI Data      Debug   

     21096       3814      24360        124    1538116    3213300   Grand Totals
     21096       3814      24360        124    1538116    3213300   ELF Image Totals
     21096       3814      24360        124          0          0   ROM Totals

==============================================================================

    Total RO  Size (Code + RO Data)                45456 (  44.39kB)
    Total RW  Size (RW Data + ZI Data)           1538240 (1502.19kB)
    Total ROM Size (Code + RO Data + RW Data)      45580 (  44.51kB)

==============================================================================

